[Sun Oct 19 10:26:21 UTC 2025][INFO] [Action] E SaveBook - Save
[Sun Oct 19 10:26:22 UTC 2025][INFO] Logger Terminated
[Fri Oct 24 17:53:12 UTC 2025][INFO] [Action] EE OpenBook - E-book_KC.kcb
[Fri Oct 24 17:53:18 UTC 2025][INFO] [Action] EE PreviousPage
[Fri Oct 24 17:53:18 UTC 2025][INFO] [Action] EFail PreviousPage - 4
[Fri Oct 24 17:53:18 UTC 2025][INFO] [Action] EE PreviousPage
[Fri Oct 24 17:53:18 UTC 2025][INFO] [Action] EFail PreviousPage - 4
[Fri Oct 24 17:53:18 UTC 2025][INFO] [Action] EE PreviousPage
[Fri Oct 24 17:53:18 UTC 2025][INFO] [Action] EFail PreviousPage - 4
[Fri Oct 24 17:53:18 UTC 2025][INFO] [Action] EE PreviousPage
[Fri Oct 24 17:53:18 UTC 2025][INFO] [Action] EFail PreviousPage - 4
[Fri Oct 24 17:53:18 UTC 2025][INFO] [Action] EE PreviousPage
[Fri Oct 24 17:53:18 UTC 2025][INFO] [Action] EFail PreviousPage - 4
[Fri Oct 24 17:53:18 UTC 2025][INFO] [Action] EE PreviousPage
[Fri Oct 24 17:53:18 UTC 2025][INFO] [Action] EFail PreviousPage - 4
[Fri Oct 24 17:53:19 UTC 2025][INFO] [Action] EE PreviousPage
[Fri Oct 24 17:53:19 UTC 2025][INFO] [Action] EFail PreviousPage - 4
[Fri Oct 24 17:53:19 UTC 2025][INFO] [Action] EE PreviousPage
[Fri Oct 24 17:53:19 UTC 2025][INFO] [Action] EFail PreviousPage - 4
[Fri Oct 24 17:53:19 UTC 2025][INFO] [Action] EE PreviousPage
[Fri Oct 24 17:53:19 UTC 2025][INFO] [Action] EFail PreviousPage - 4
[Fri Oct 24 17:53:20 UTC 2025][INFO] [Action] EE PreviousPage
[Fri Oct 24 17:53:20 UTC 2025][INFO] [Action] EFail PreviousPage - 4
[Fri Oct 24 17:53:20 UTC 2025][INFO] [Action] EE PreviousPage
[Fri Oct 24 17:53:20 UTC 2025][INFO] [Action] EFail PreviousPage - 4
[Fri Oct 24 17:53:21 UTC 2025][INFO] [Action] EE PreviousPage
[Fri Oct 24 17:53:21 UTC 2025][INFO] [Action] EFail PreviousPage - 4
[Fri Oct 24 17:53:21 UTC 2025][INFO] [Action] EE PreviousPage
[Fri Oct 24 17:53:21 UTC 2025][INFO] [Action] EFail PreviousPage - 4
[Fri Oct 24 17:53:21 UTC 2025][INFO] [Action] EE PreviousPage
[Fri Oct 24 17:53:21 UTC 2025][INFO] [Action] EFail PreviousPage - 4
[Fri Oct 24 17:53:21 UTC 2025][INFO] [Action] EE PreviousPage
[Fri Oct 24 17:53:21 UTC 2025][INFO] [Action] EFail PreviousPage - 4
[Fri Oct 24 17:53:22 UTC 2025][INFO] [Action] EE PreviousPage
[Fri Oct 24 17:53:22 UTC 2025][INFO] [Action] EFail PreviousPage - 4
[Fri Oct 24 17:53:22 UTC 2025][INFO] [Action] EE PreviousPage
[Fri Oct 24 17:53:22 UTC 2025][INFO] [Action] EFail PreviousPage - 4
[Fri Oct 24 17:53:22 UTC 2025][INFO] [Action] EE PreviousPage
[Fri Oct 24 17:53:22 UTC 2025][INFO] [Action] EFail PreviousPage - 4
[Fri Oct 24 17:53:23 UTC 2025][INFO] [Action] E ItemChanged - 1,179
[Fri Oct 24 17:53:25 UTC 2025][INFO] [Action] EE NextPage
[Fri Oct 24 17:53:25 UTC 2025][INFO] [Action] EE Scroll
[Fri Oct 24 17:53:25 UTC 2025][INFO] [Action] EE NextPage
[Fri Oct 24 17:53:25 UTC 2025][INFO] [Action] EE NextPage
[Fri Oct 24 17:53:25 UTC 2025][INFO] [Action] EE Scroll
[Fri Oct 24 17:53:26 UTC 2025][INFO] [Action] EE NextPage
[Fri Oct 24 17:53:26 UTC 2025][INFO] [Action] EE Scroll
[Fri Oct 24 17:53:26 UTC 2025][INFO] [Action] EE NextPage
[Fri Oct 24 17:53:27 UTC 2025][INFO] [Action] EE Scroll
[Fri Oct 24 17:53:27 UTC 2025][INFO] [Action] EE NextPage
[Fri Oct 24 17:53:27 UTC 2025][INFO] [Action] EE NextPage
[Fri Oct 24 17:53:27 UTC 2025][INFO] [Action] EE Scroll
[Fri Oct 24 17:53:28 UTC 2025][INFO] [Action] EE NextPage
[Fri Oct 24 17:53:28 UTC 2025][INFO] [Action] EE NextPage
[Fri Oct 24 17:53:28 UTC 2025][INFO] [Action] EE PreviousPage
[Fri Oct 24 17:53:28 UTC 2025][INFO] [Action] EE Scroll
[Fri Oct 24 17:53:28 UTC 2025][INFO] [Action] EE NextPage
[Fri Oct 24 17:53:29 UTC 2025][INFO] [Action] EE NextPage
[Fri Oct 24 17:53:29 UTC 2025][INFO] [Action] EE NextPage
[Fri Oct 24 17:53:29 UTC 2025][INFO] [Action] EE Scroll
[Fri Oct 24 17:53:29 UTC 2025][INFO] [Action] EE NextPage
[Fri Oct 24 17:53:30 UTC 2025][INFO] [Action] EE NextPage
[Fri Oct 24 17:53:30 UTC 2025][INFO] [Action] EE Scroll
[Fri Oct 24 17:53:30 UTC 2025][INFO] [Action] EE NextPage
[Fri Oct 24 17:53:31 UTC 2025][INFO] [Action] EE NextPage
[Fri Oct 24 17:53:31 UTC 2025][INFO] [Action] EE PreviousPage
[Fri Oct 24 17:53:31 UTC 2025][INFO] [Action] EE Scroll
[Fri Oct 24 17:53:31 UTC 2025][INFO] [Action] EE Scroll
[Fri Oct 24 17:53:31 UTC 2025][INFO] [Action] EE PreviousPage
[Fri Oct 24 17:53:31 UTC 2025][INFO] [Action] EE Scroll
[Fri Oct 24 17:53:32 UTC 2025][INFO] [Action] EE PreviousPage
[Fri Oct 24 17:53:32 UTC 2025][INFO] [Action] EE PreviousPage
[Fri Oct 24 17:53:32 UTC 2025][INFO] [Action] EE Scroll
[Fri Oct 24 17:53:32 UTC 2025][INFO] [Action] EE NextPage
[Fri Oct 24 17:53:33 UTC 2025][INFO] [Action] EE NextPage
[Fri Oct 24 17:53:33 UTC 2025][INFO] [Action] EE Scroll
[Fri Oct 24 17:53:33 UTC 2025][INFO] [Action] EE NextPage
[Fri Oct 24 17:53:33 UTC 2025][INFO] [Action] EE Scroll
[Fri Oct 24 17:53:33 UTC 2025][INFO] [Action] EE NextPage
[Fri Oct 24 17:53:35 UTC 2025][INFO] [Action] EE NextPage
[Fri Oct 24 17:53:35 UTC 2025][INFO] [Action] EE Scroll
[Fri Oct 24 17:53:35 UTC 2025][INFO] [Action] EE NextPage
[Fri Oct 24 17:53:35 UTC 2025][INFO] [Action] EE Scroll
[Fri Oct 24 17:53:35 UTC 2025][INFO] [Action] EE NextPage
[Fri Oct 24 17:53:36 UTC 2025][INFO] [Action] EE NextPage
[Fri Oct 24 17:53:36 UTC 2025][INFO] [Action] EE PreviousPage
[Fri Oct 24 17:53:36 UTC 2025][INFO] [Action] EE Scroll
[Fri Oct 24 17:53:36 UTC 2025][INFO] [Action] EE NextPage
[Fri Oct 24 17:53:37 UTC 2025][INFO] [Action] EE NextPage
[Fri Oct 24 17:53:37 UTC 2025][INFO] [Action] EE NextPage
[Fri Oct 24 17:53:37 UTC 2025][INFO] [Action] EE NextPage
[Fri Oct 24 17:53:37 UTC 2025][INFO] [Action] EE NextPage
[Fri Oct 24 17:53:37 UTC 2025][INFO] [Action] EE NextPage
[Fri Oct 24 17:53:37 UTC 2025][INFO] [Action] EE NextPage
[Fri Oct 24 17:53:37 UTC 2025][INFO] [Action] EE NextPage
[Fri Oct 24 17:53:37 UTC 2025][INFO] [Action] EE NextPage
[Fri Oct 24 17:53:37 UTC 2025][INFO] [Action] EE NextPage
[Fri Oct 24 17:53:37 UTC 2025][INFO] [Action] EE NextPage
[Fri Oct 24 17:53:37 UTC 2025][INFO] [Action] EE NextPage
[Fri Oct 24 17:53:37 UTC 2025][INFO] [Action] EE NextPage
[Fri Oct 24 17:53:37 UTC 2025][INFO] [Action] EE NextPage
[Fri Oct 24 17:53:37 UTC 2025][INFO] [Action] EE NextPage
[Fri Oct 24 17:53:37 UTC 2025][INFO] [Action] EE NextPage
[Fri Oct 24 17:53:37 UTC 2025][INFO] [Action] EE NextPage
[Fri Oct 24 17:53:37 UTC 2025][INFO] [Action] EE NextPage
[Fri Oct 24 17:53:37 UTC 2025][INFO] [Action] EE NextPage
[Fri Oct 24 17:53:37 UTC 2025][INFO] [Action] EE Scroll
[Fri Oct 24 17:53:37 UTC 2025][INFO] [Action] EE PreviousPage
[Fri Oct 24 17:53:38 UTC 2025][INFO] [Action] EE PreviousPage
[Fri Oct 24 17:53:38 UTC 2025][INFO] [Action] EE Scroll
[Fri Oct 24 17:53:38 UTC 2025][INFO] [Action] EE PreviousPage
[Fri Oct 24 17:53:38 UTC 2025][INFO] [Action] EE PreviousPage
[Fri Oct 24 17:53:38 UTC 2025][INFO] [Action] EE Scroll
[Fri Oct 24 17:53:39 UTC 2025][INFO] [Action] EE PreviousPage
[Fri Oct 24 17:53:39 UTC 2025][INFO] [Action] EE PreviousPage
[Fri Oct 24 17:53:39 UTC 2025][INFO] [Action] EE Scroll
[Fri Oct 24 17:53:40 UTC 2025][INFO] [Action] EE PreviousPage
[Fri Oct 24 17:53:40 UTC 2025][INFO] [Action] EE PreviousPage
[Fri Oct 24 17:53:40 UTC 2025][INFO] [Action] EE Scroll
[Fri Oct 24 17:53:40 UTC 2025][INFO] [Action] EE PreviousPage
[Fri Oct 24 17:53:41 UTC 2025][INFO] [Action] EE PreviousPage
[Fri Oct 24 17:53:41 UTC 2025][INFO] [Action] EE Scroll
[Fri Oct 24 17:53:41 UTC 2025][INFO] [Action] EE PreviousPage
[Fri Oct 24 17:53:41 UTC 2025][INFO] [Action] EE PreviousPage
[Fri Oct 24 17:53:41 UTC 2025][INFO] [Action] EE Scroll
[Fri Oct 24 17:53:41 UTC 2025][INFO] [Action] EE PreviousPage
[Fri Oct 24 17:53:43 UTC 2025][INFO] [Action] EE NextPage
[Fri Oct 24 17:53:44 UTC 2025][INFO] [Action] EE NextPage
[Fri Oct 24 17:53:44 UTC 2025][INFO] [Action] EE NextPage
[Fri Oct 24 17:53:44 UTC 2025][INFO] [Action] EE Scroll
[Fri Oct 24 17:53:45 UTC 2025][INFO] [Action] EE NextPage
[Fri Oct 24 17:53:45 UTC 2025][INFO] [Action] EE Scroll
[Fri Oct 24 17:53:45 UTC 2025][INFO] [Action] EE NextPage
[Fri Oct 24 17:53:45 UTC 2025][INFO] [Action] EE NextPage
[Fri Oct 24 17:53:46 UTC 2025][INFO] [Action] EE Scroll
[Fri Oct 24 17:53:46 UTC 2025][INFO] [Action] EE NextPage
[Fri Oct 24 17:53:47 UTC 2025][INFO] [Action] EE NextPage
[Fri Oct 24 17:53:47 UTC 2025][INFO] [Action] EE Scroll
[Fri Oct 24 17:53:47 UTC 2025][INFO] [Action] EE NextPage
[Fri Oct 24 17:53:47 UTC 2025][INFO] [Action] EE NextPage
[Fri Oct 24 17:53:47 UTC 2025][INFO] [Action] EE Scroll
[Fri Oct 24 17:53:48 UTC 2025][INFO] [Action] EE NextPage
[Fri Oct 24 17:53:48 UTC 2025][INFO] [Action] EE Scroll
[Fri Oct 24 17:53:48 UTC 2025][INFO] [Action] EE NextPage
[Fri Oct 24 17:53:48 UTC 2025][INFO] [Action] EE Scroll
[Fri Oct 24 17:53:49 UTC 2025][INFO] [Action] EE NextPage
[Fri Oct 24 17:53:49 UTC 2025][INFO] [Action] EE PreviousPage
[Fri Oct 24 17:53:49 UTC 2025][INFO] [Action] EE Scroll
[Fri Oct 24 17:53:49 UTC 2025][INFO] [Action] EE NextPage
[Fri Oct 24 17:53:49 UTC 2025][INFO] [Action] EE NextPage
[Fri Oct 24 17:53:50 UTC 2025][INFO] [Action] EE Scroll
[Fri Oct 24 17:53:50 UTC 2025][INFO] [Action] EE NextPage
[Fri Oct 24 17:53:51 UTC 2025][INFO] [Action] EE NextPage
[Fri Oct 24 17:53:51 UTC 2025][INFO] [Action] EE Scroll
[Fri Oct 24 17:53:51 UTC 2025][INFO] [Action] EE NextPage
[Fri Oct 24 17:53:51 UTC 2025][INFO] [Action] EE NextPage
[Fri Oct 24 17:53:52 UTC 2025][INFO] [Action] EE Scroll
[Fri Oct 24 17:53:52 UTC 2025][INFO] [Action] EE NextPage
[Fri Oct 24 17:53:52 UTC 2025][INFO] [Action] EE Scroll
[Fri Oct 24 17:53:52 UTC 2025][INFO] [Action] EE NextPage
[Fri Oct 24 17:53:52 UTC 2025][INFO] [Action] EE Scroll
[Fri Oct 24 17:53:53 UTC 2025][INFO] [Action] EE NextPage
[Fri Oct 24 17:53:53 UTC 2025][INFO] [Action] EE Scroll
[Fri Oct 24 17:53:53 UTC 2025][INFO] [Action] EE NextPage
[Fri Oct 24 17:53:54 UTC 2025][INFO] [Action] EE NextPage
[Fri Oct 24 17:53:54 UTC 2025][INFO] [Action] EE Scroll
[Fri Oct 24 17:53:56 UTC 2025][INFO] [Action] E SaveBook - Save
[Fri Oct 24 17:53:57 UTC 2025][INFO] Logger Terminated
[Sun Oct 26 13:22:53 UTC 2025][INFO] [Action] EE OpenBook - E-book_KC.kcb
[Sun Oct 26 13:23:00 UTC 2025][INFO] [Action] E SaveBook - Save
[Sun Oct 26 13:23:01 UTC 2025][INFO] Logger Terminated
