[Fri Nov 07 13:47:50 UTC 2025][INFO] [Action] EE PackageWorkspace
[Fri Nov 07 13:52:42 UTC 2025][INFO] [Action] E ItemChanged - 601,2406
[Fri Nov 07 13:52:43 UTC 2025][INFO] [Action] E ItemChanged - 600,2402
[Fri Nov 07 13:52:46 UTC 2025][INFO] [Action] E SaveBook - Save
[Fri Nov 07 13:52:51 UTC 2025][INFO] [Action] E ItemChanged - 599,2398
[Fri Nov 07 13:52:51 UTC 2025][INFO] [Action] E ItemChanged - 599,2398
[Fri Nov 07 13:52:51 UTC 2025][INFO] [Action] EE Scroll
[Fri Nov 07 13:52:51 UTC 2025][INFO] [Action] EE PreviousPage
[Fri Nov 07 13:52:51 UTC 2025][INFO] [Action] EE PreviousPage
[Fri Nov 07 13:52:51 UTC 2025][INFO] [Action] EE PreviousPage
[Fri Nov 07 13:52:51 UTC 2025][INFO] [Action] EE PreviousPage
[Fri Nov 07 13:52:51 UTC 2025][INFO] [Action] EE PreviousPage
[Fri Nov 07 13:52:51 UTC 2025][INFO] [Action] EE PreviousPage
[Fri Nov 07 13:52:51 UTC 2025][INFO] [Action] EE PreviousPage
[Fri Nov 07 13:52:51 UTC 2025][INFO] [Action] EE Scroll
[Fri Nov 07 13:52:51 UTC 2025][INFO] [Action] EE PreviousPage
[Fri Nov 07 13:52:51 UTC 2025][INFO] [Action] EE PreviousPage
[Fri Nov 07 13:52:51 UTC 2025][INFO] [Action] EE PreviousPage
[Fri Nov 07 13:52:51 UTC 2025][INFO] [Action] EE PreviousPage
[Fri Nov 07 13:52:51 UTC 2025][INFO] [Action] EE PreviousPage
[Fri Nov 07 13:52:51 UTC 2025][INFO] [Action] EE PreviousPage
[Fri Nov 07 13:52:51 UTC 2025][INFO] [Action] EE PreviousPage
[Fri Nov 07 13:52:52 UTC 2025][INFO] [Action] EE PreviousPage
[Fri Nov 07 13:52:52 UTC 2025][INFO] [Action] EE PreviousPage
[Fri Nov 07 13:52:52 UTC 2025][INFO] [Action] EE PreviousPage
[Fri Nov 07 13:52:52 UTC 2025][INFO] [Action] EE PreviousPage
[Fri Nov 07 13:52:52 UTC 2025][INFO] [Action] EE PreviousPage
[Fri Nov 07 13:52:52 UTC 2025][INFO] [Action] EE PreviousPage
[Fri Nov 07 13:52:52 UTC 2025][INFO] [Action] EE PreviousPage
[Fri Nov 07 13:52:52 UTC 2025][INFO] [Action] EE PreviousPage
[Fri Nov 07 13:52:52 UTC 2025][INFO] [Action] EE PreviousPage
[Fri Nov 07 13:52:52 UTC 2025][INFO] [Action] EE PreviousPage
[Fri Nov 07 13:52:52 UTC 2025][INFO] [Action] EE PreviousPage
[Fri Nov 07 13:52:52 UTC 2025][INFO] [Action] EE PreviousPage
[Fri Nov 07 13:52:52 UTC 2025][INFO] [Action] EE PreviousPage
[Fri Nov 07 13:52:52 UTC 2025][INFO] [Action] EE PreviousPage
[Fri Nov 07 13:52:52 UTC 2025][INFO] [Action] EE PreviousPage
[Fri Nov 07 13:52:52 UTC 2025][INFO] [Action] EE PreviousPage
[Fri Nov 07 13:52:52 UTC 2025][INFO] [Action] EE PreviousPage
[Fri Nov 07 13:52:52 UTC 2025][INFO] [Action] EE PreviousPage
[Fri Nov 07 13:52:52 UTC 2025][INFO] [Action] EE PreviousPage
[Fri Nov 07 13:52:52 UTC 2025][INFO] [Action] EE PreviousPage
[Fri Nov 07 13:52:52 UTC 2025][INFO] [Action] EE PreviousPage
[Fri Nov 07 13:52:52 UTC 2025][INFO] [Action] EE PreviousPage
[Fri Nov 07 13:52:52 UTC 2025][INFO] [Action] EE PreviousPage
[Fri Nov 07 13:52:52 UTC 2025][INFO] [Action] EE PreviousPage
[Fri Nov 07 13:52:52 UTC 2025][INFO] [Action] EE PreviousPage
[Fri Nov 07 13:52:52 UTC 2025][INFO] [Action] EE PreviousPage
[Fri Nov 07 13:52:52 UTC 2025][INFO] [Action] EE PreviousPage
[Fri Nov 07 13:52:52 UTC 2025][INFO] [Action] EE PreviousPage
[Fri Nov 07 13:52:53 UTC 2025][INFO] [Action] EE PreviousPage
[Fri Nov 07 13:52:53 UTC 2025][INFO] [Action] EE PreviousPage
[Fri Nov 07 13:52:53 UTC 2025][INFO] [Action] EE PreviousPage
[Fri Nov 07 13:52:53 UTC 2025][INFO] [Action] EE PreviousPage
[Fri Nov 07 13:52:53 UTC 2025][INFO] [Action] EE PreviousPage
[Fri Nov 07 13:52:53 UTC 2025][INFO] [Action] EE PreviousPage
[Fri Nov 07 13:52:53 UTC 2025][INFO] [Action] EE PreviousPage
[Fri Nov 07 13:52:53 UTC 2025][INFO] [Action] EE PreviousPage
[Fri Nov 07 13:52:53 UTC 2025][INFO] [Action] EE PreviousPage
[Fri Nov 07 13:52:53 UTC 2025][INFO] [Action] EE PreviousPage
[Fri Nov 07 13:52:53 UTC 2025][INFO] [Action] EE PreviousPage
[Fri Nov 07 13:52:53 UTC 2025][INFO] [Action] EE PreviousPage
[Fri Nov 07 13:52:53 UTC 2025][INFO] [Action] EE PreviousPage
[Fri Nov 07 13:52:53 UTC 2025][INFO] [Action] EE PreviousPage
[Fri Nov 07 13:52:53 UTC 2025][INFO] [Action] EE PreviousPage
[Fri Nov 07 13:52:53 UTC 2025][INFO] [Action] EE PreviousPage
[Fri Nov 07 13:52:53 UTC 2025][INFO] [Action] EE PreviousPage
[Fri Nov 07 13:52:53 UTC 2025][INFO] [Action] EE PreviousPage
[Fri Nov 07 13:52:53 UTC 2025][INFO] [Action] EE PreviousPage
[Fri Nov 07 13:52:53 UTC 2025][INFO] [Action] EE PreviousPage
[Fri Nov 07 13:52:53 UTC 2025][INFO] [Action] EE PreviousPage
[Fri Nov 07 13:52:53 UTC 2025][INFO] [Action] EE PreviousPage
[Fri Nov 07 13:52:53 UTC 2025][INFO] [Action] EE PreviousPage
[Fri Nov 07 13:52:53 UTC 2025][INFO] [Action] EE PreviousPage
[Fri Nov 07 13:52:53 UTC 2025][INFO] [Action] EE PreviousPage
[Fri Nov 07 13:52:53 UTC 2025][INFO] [Action] EE PreviousPage
[Fri Nov 07 13:52:53 UTC 2025][INFO] [Action] EE PreviousPage
[Fri Nov 07 13:52:53 UTC 2025][INFO] [Action] EE PreviousPage
[Fri Nov 07 13:52:54 UTC 2025][INFO] [Action] EE PreviousPage
[Fri Nov 07 13:52:54 UTC 2025][INFO] [Action] EE PreviousPage
[Fri Nov 07 13:52:54 UTC 2025][INFO] [Action] EE PreviousPage
[Fri Nov 07 13:52:54 UTC 2025][INFO] [Action] EE PreviousPage
[Fri Nov 07 13:52:54 UTC 2025][INFO] [Action] EE PreviousPage
[Fri Nov 07 13:52:54 UTC 2025][INFO] [Action] EE PreviousPage
[Fri Nov 07 13:52:54 UTC 2025][INFO] [Action] EE PreviousPage
[Fri Nov 07 13:52:54 UTC 2025][INFO] [Action] EE PreviousPage
[Fri Nov 07 13:52:54 UTC 2025][INFO] [Action] EE PreviousPage
[Fri Nov 07 13:52:54 UTC 2025][INFO] [Action] EE PreviousPage
[Fri Nov 07 13:52:54 UTC 2025][INFO] [Action] EE PreviousPage
[Fri Nov 07 13:52:54 UTC 2025][INFO] [Action] EE PreviousPage
[Fri Nov 07 13:52:54 UTC 2025][INFO] [Action] EE PreviousPage
[Fri Nov 07 13:52:54 UTC 2025][INFO] [Action] EE PreviousPage
[Fri Nov 07 13:52:54 UTC 2025][INFO] [Action] EE PreviousPage
[Fri Nov 07 13:52:54 UTC 2025][INFO] [Action] EE PreviousPage
[Fri Nov 07 13:52:54 UTC 2025][INFO] [Action] EE PreviousPage
[Fri Nov 07 13:52:54 UTC 2025][INFO] [Action] EE PreviousPage
[Fri Nov 07 13:52:54 UTC 2025][INFO] [Action] EE PreviousPage
[Fri Nov 07 13:52:54 UTC 2025][INFO] [Action] EE PreviousPage
[Fri Nov 07 13:52:54 UTC 2025][INFO] [Action] EE PreviousPage
[Fri Nov 07 13:52:54 UTC 2025][INFO] [Action] EE PreviousPage
[Fri Nov 07 13:52:54 UTC 2025][INFO] [Action] EE PreviousPage
[Fri Nov 07 13:52:54 UTC 2025][INFO] [Action] EE PreviousPage
[Fri Nov 07 13:52:54 UTC 2025][INFO] [Action] EE PreviousPage
[Fri Nov 07 13:52:54 UTC 2025][INFO] [Action] EE PreviousPage
[Fri Nov 07 13:52:54 UTC 2025][INFO] [Action] EE PreviousPage
[Fri Nov 07 13:52:54 UTC 2025][INFO] [Action] EE PreviousPage
[Fri Nov 07 13:52:54 UTC 2025][INFO] [Action] EE PreviousPage
[Fri Nov 07 13:52:55 UTC 2025][INFO] [Action] EE PreviousPage
[Fri Nov 07 13:52:55 UTC 2025][INFO] [Action] EE PreviousPage
[Fri Nov 07 13:52:55 UTC 2025][INFO] [Action] EE PreviousPage
[Fri Nov 07 13:52:55 UTC 2025][INFO] [Action] EE PreviousPage
[Fri Nov 07 13:52:55 UTC 2025][INFO] [Action] EE PreviousPage
[Fri Nov 07 13:52:55 UTC 2025][INFO] [Action] EE PreviousPage
[Fri Nov 07 13:52:55 UTC 2025][INFO] [Action] EE PreviousPage
[Fri Nov 07 13:52:55 UTC 2025][INFO] [Action] EE PreviousPage
[Fri Nov 07 13:52:55 UTC 2025][INFO] [Action] EE PreviousPage
[Fri Nov 07 13:52:55 UTC 2025][INFO] [Action] EE PreviousPage
[Fri Nov 07 13:52:55 UTC 2025][INFO] [Action] EE PreviousPage
[Fri Nov 07 13:52:55 UTC 2025][INFO] [Action] EE PreviousPage
[Fri Nov 07 13:52:55 UTC 2025][INFO] [Action] EE PreviousPage
[Fri Nov 07 13:52:55 UTC 2025][INFO] [Action] EE PreviousPage
[Fri Nov 07 13:52:55 UTC 2025][INFO] [Action] EE PreviousPage
[Fri Nov 07 13:52:55 UTC 2025][INFO] [Action] EE PreviousPage
[Fri Nov 07 13:52:55 UTC 2025][INFO] [Action] EE PreviousPage
[Fri Nov 07 13:52:55 UTC 2025][INFO] [Action] EE PreviousPage
[Fri Nov 07 13:52:55 UTC 2025][INFO] [Action] EE PreviousPage
[Fri Nov 07 13:52:55 UTC 2025][INFO] [Action] EE PreviousPage
[Fri Nov 07 13:52:55 UTC 2025][INFO] [Action] EE PreviousPage
[Fri Nov 07 13:52:55 UTC 2025][INFO] [Action] EE PreviousPage
[Fri Nov 07 13:52:55 UTC 2025][INFO] [Action] EE PreviousPage
[Fri Nov 07 13:52:55 UTC 2025][INFO] [Action] EE PreviousPage
[Fri Nov 07 13:52:55 UTC 2025][INFO] [Action] EE PreviousPage
[Fri Nov 07 13:52:55 UTC 2025][INFO] [Action] EE Scroll
[Fri Nov 07 13:52:55 UTC 2025][INFO] [Action] EE PreviousPage
[Fri Nov 07 13:52:55 UTC 2025][INFO] [Action] EE PreviousPage
[Fri Nov 07 13:52:55 UTC 2025][INFO] [Action] EE PreviousPage
[Fri Nov 07 13:52:56 UTC 2025][INFO] [Action] EE PreviousPage
[Fri Nov 07 13:52:56 UTC 2025][INFO] [Action] EE PreviousPage
[Fri Nov 07 13:52:56 UTC 2025][INFO] [Action] EE PreviousPage
[Fri Nov 07 13:52:56 UTC 2025][INFO] [Action] EE PreviousPage
[Fri Nov 07 13:52:56 UTC 2025][INFO] [Action] EE PreviousPage
[Fri Nov 07 13:52:56 UTC 2025][INFO] [Action] EE PreviousPage
[Fri Nov 07 13:52:56 UTC 2025][INFO] [Action] EE PreviousPage
[Fri Nov 07 13:52:56 UTC 2025][INFO] [Action] EE PreviousPage
[Fri Nov 07 13:52:56 UTC 2025][INFO] [Action] EE PreviousPage
[Fri Nov 07 13:52:56 UTC 2025][INFO] [Action] EE PreviousPage
[Fri Nov 07 13:52:56 UTC 2025][INFO] [Action] EE PreviousPage
[Fri Nov 07 13:52:56 UTC 2025][INFO] [Action] EE PreviousPage
[Fri Nov 07 13:52:56 UTC 2025][INFO] [Action] EE PreviousPage
[Fri Nov 07 13:52:56 UTC 2025][INFO] [Action] EE PreviousPage
[Fri Nov 07 13:52:56 UTC 2025][INFO] [Action] EE PreviousPage
[Fri Nov 07 13:52:56 UTC 2025][INFO] [Action] EE PreviousPage
[Fri Nov 07 13:52:56 UTC 2025][INFO] [Action] EE PreviousPage
[Fri Nov 07 13:52:56 UTC 2025][INFO] [Action] EE PreviousPage
[Fri Nov 07 13:52:56 UTC 2025][INFO] [Action] EE PreviousPage
[Fri Nov 07 13:52:56 UTC 2025][INFO] [Action] EE PreviousPage
[Fri Nov 07 13:52:56 UTC 2025][INFO] [Action] EE PreviousPage
[Fri Nov 07 13:52:56 UTC 2025][INFO] [Action] EE PreviousPage
[Fri Nov 07 13:52:56 UTC 2025][INFO] [Action] EE PreviousPage
[Fri Nov 07 13:52:56 UTC 2025][INFO] [Action] EE PreviousPage
[Fri Nov 07 13:52:56 UTC 2025][INFO] [Action] EE PreviousPage
[Fri Nov 07 13:52:56 UTC 2025][INFO] [Action] EE PreviousPage
[Fri Nov 07 13:52:56 UTC 2025][INFO] [Action] EE PreviousPage
[Fri Nov 07 13:52:56 UTC 2025][INFO] [Action] EE PreviousPage
[Fri Nov 07 13:52:56 UTC 2025][INFO] [Action] EE PreviousPage
[Fri Nov 07 13:52:57 UTC 2025][INFO] [Action] EE PreviousPage
[Fri Nov 07 13:52:57 UTC 2025][INFO] [Action] EE PreviousPage
[Fri Nov 07 13:52:57 UTC 2025][INFO] [Action] EE PreviousPage
[Fri Nov 07 13:52:57 UTC 2025][INFO] [Action] EE PreviousPage
[Fri Nov 07 13:52:57 UTC 2025][INFO] [Action] EE PreviousPage
[Fri Nov 07 13:52:57 UTC 2025][INFO] [Action] EE PreviousPage
[Fri Nov 07 13:52:57 UTC 2025][INFO] [Action] EE PreviousPage
[Fri Nov 07 13:52:57 UTC 2025][INFO] [Action] EE PreviousPage
[Fri Nov 07 13:52:57 UTC 2025][INFO] [Action] EE PreviousPage
[Fri Nov 07 13:52:57 UTC 2025][INFO] [Action] EE PreviousPage
[Fri Nov 07 13:52:57 UTC 2025][INFO] [Action] EE PreviousPage
[Fri Nov 07 13:52:57 UTC 2025][INFO] [Action] EE PreviousPage
[Fri Nov 07 13:52:57 UTC 2025][INFO] [Action] EE PreviousPage
[Fri Nov 07 13:52:57 UTC 2025][INFO] [Action] EE PreviousPage
[Fri Nov 07 13:52:57 UTC 2025][INFO] [Action] EE PreviousPage
[Fri Nov 07 13:52:57 UTC 2025][INFO] [Action] EE PreviousPage
[Fri Nov 07 13:52:57 UTC 2025][INFO] [Action] EE PreviousPage
[Fri Nov 07 13:52:57 UTC 2025][INFO] [Action] EE PreviousPage
[Fri Nov 07 13:52:57 UTC 2025][INFO] [Action] EE PreviousPage
[Fri Nov 07 13:52:57 UTC 2025][INFO] [Action] EE PreviousPage
[Fri Nov 07 13:52:57 UTC 2025][INFO] [Action] EE PreviousPage
[Fri Nov 07 13:52:57 UTC 2025][INFO] [Action] EE PreviousPage
[Fri Nov 07 13:52:57 UTC 2025][INFO] [Action] EE PreviousPage
[Fri Nov 07 13:52:57 UTC 2025][INFO] [Action] EE PreviousPage
[Fri Nov 07 13:52:57 UTC 2025][INFO] [Action] EE PreviousPage
[Fri Nov 07 13:52:57 UTC 2025][INFO] [Action] EE PreviousPage
[Fri Nov 07 13:52:57 UTC 2025][INFO] [Action] EE PreviousPage
[Fri Nov 07 13:52:57 UTC 2025][INFO] [Action] EE PreviousPage
[Fri Nov 07 13:52:58 UTC 2025][INFO] [Action] EE PreviousPage
[Fri Nov 07 13:52:58 UTC 2025][INFO] [Action] EE PreviousPage
[Fri Nov 07 13:52:58 UTC 2025][INFO] [Action] EE PreviousPage
[Fri Nov 07 13:52:58 UTC 2025][INFO] [Action] EE PreviousPage
[Fri Nov 07 13:52:58 UTC 2025][INFO] [Action] EE PreviousPage
[Fri Nov 07 13:52:58 UTC 2025][INFO] [Action] EE PreviousPage
[Fri Nov 07 13:52:58 UTC 2025][INFO] [Action] EE PreviousPage
[Fri Nov 07 13:52:58 UTC 2025][INFO] [Action] EE PreviousPage
[Fri Nov 07 13:52:58 UTC 2025][INFO] [Action] EE PreviousPage
[Fri Nov 07 13:52:58 UTC 2025][INFO] [Action] EE PreviousPage
[Fri Nov 07 13:52:58 UTC 2025][INFO] [Action] EE PreviousPage
[Fri Nov 07 13:52:58 UTC 2025][INFO] [Action] EE PreviousPage
[Fri Nov 07 13:52:58 UTC 2025][INFO] [Action] EE PreviousPage
[Fri Nov 07 13:52:58 UTC 2025][INFO] [Action] EE PreviousPage
[Fri Nov 07 13:52:58 UTC 2025][INFO] [Action] EE PreviousPage
[Fri Nov 07 13:52:58 UTC 2025][INFO] [Action] EE PreviousPage
[Fri Nov 07 13:52:58 UTC 2025][INFO] [Action] EE PreviousPage
[Fri Nov 07 13:52:58 UTC 2025][INFO] [Action] EE PreviousPage
[Fri Nov 07 13:52:58 UTC 2025][INFO] [Action] EE PreviousPage
[Fri Nov 07 13:52:58 UTC 2025][INFO] [Action] EE PreviousPage
[Fri Nov 07 13:52:58 UTC 2025][INFO] [Action] EE PreviousPage
[Fri Nov 07 13:52:58 UTC 2025][INFO] [Action] EE PreviousPage
[Fri Nov 07 13:52:58 UTC 2025][INFO] [Action] EE PreviousPage
[Fri Nov 07 13:52:58 UTC 2025][INFO] [Action] EE PreviousPage
[Fri Nov 07 13:52:58 UTC 2025][INFO] [Action] EE PreviousPage
[Fri Nov 07 13:52:58 UTC 2025][INFO] [Action] EE PreviousPage
[Fri Nov 07 13:52:58 UTC 2025][INFO] [Action] EE PreviousPage
[Fri Nov 07 13:52:58 UTC 2025][INFO] [Action] EE PreviousPage
[Fri Nov 07 13:52:59 UTC 2025][INFO] [Action] EE PreviousPage
[Fri Nov 07 13:52:59 UTC 2025][INFO] [Action] EE PreviousPage
[Fri Nov 07 13:52:59 UTC 2025][INFO] [Action] EE PreviousPage
[Fri Nov 07 13:52:59 UTC 2025][INFO] [Action] EE PreviousPage
[Fri Nov 07 13:52:59 UTC 2025][INFO] [Action] EE PreviousPage
[Fri Nov 07 13:52:59 UTC 2025][INFO] [Action] EE PreviousPage
[Fri Nov 07 13:52:59 UTC 2025][INFO] [Action] EE PreviousPage
[Fri Nov 07 13:52:59 UTC 2025][INFO] [Action] EE PreviousPage
[Fri Nov 07 13:52:59 UTC 2025][INFO] [Action] EE PreviousPage
[Fri Nov 07 13:52:59 UTC 2025][INFO] [Action] EE PreviousPage
[Fri Nov 07 13:52:59 UTC 2025][INFO] [Action] EE PreviousPage
[Fri Nov 07 13:52:59 UTC 2025][INFO] [Action] EE PreviousPage
[Fri Nov 07 13:52:59 UTC 2025][INFO] [Action] EE PreviousPage
[Fri Nov 07 13:52:59 UTC 2025][INFO] [Action] EE PreviousPage
[Fri Nov 07 13:52:59 UTC 2025][INFO] [Action] EE PreviousPage
[Fri Nov 07 13:52:59 UTC 2025][INFO] [Action] EE PreviousPage
[Fri Nov 07 13:52:59 UTC 2025][INFO] [Action] EE PreviousPage
[Fri Nov 07 13:52:59 UTC 2025][INFO] [Action] EE PreviousPage
[Fri Nov 07 13:52:59 UTC 2025][INFO] [Action] EE PreviousPage
[Fri Nov 07 13:52:59 UTC 2025][INFO] [Action] EE PreviousPage
[Fri Nov 07 13:52:59 UTC 2025][INFO] [Action] EE PreviousPage
[Fri Nov 07 13:52:59 UTC 2025][INFO] [Action] EE PreviousPage
[Fri Nov 07 13:52:59 UTC 2025][INFO] [Action] EE PreviousPage
[Fri Nov 07 13:52:59 UTC 2025][INFO] [Action] EE PreviousPage
[Fri Nov 07 13:52:59 UTC 2025][INFO] [Action] EE PreviousPage
[Fri Nov 07 13:52:59 UTC 2025][INFO] [Action] EE PreviousPage
[Fri Nov 07 13:52:59 UTC 2025][INFO] [Action] EE PreviousPage
[Fri Nov 07 13:52:59 UTC 2025][INFO] [Action] EE PreviousPage
[Fri Nov 07 13:52:59 UTC 2025][INFO] [Action] EE PreviousPage
[Fri Nov 07 13:53:00 UTC 2025][INFO] [Action] EE PreviousPage
[Fri Nov 07 13:53:00 UTC 2025][INFO] [Action] EE PreviousPage
[Fri Nov 07 13:53:00 UTC 2025][INFO] [Action] EE PreviousPage
[Fri Nov 07 13:53:00 UTC 2025][INFO] [Action] EE PreviousPage
[Fri Nov 07 13:53:00 UTC 2025][INFO] [Action] EE PreviousPage
[Fri Nov 07 13:53:00 UTC 2025][INFO] [Action] EE PreviousPage
[Fri Nov 07 13:53:00 UTC 2025][INFO] [Action] EE PreviousPage
[Fri Nov 07 13:53:00 UTC 2025][INFO] [Action] EE PreviousPage
[Fri Nov 07 13:53:00 UTC 2025][INFO] [Action] EE PreviousPage
[Fri Nov 07 13:53:00 UTC 2025][INFO] [Action] EE PreviousPage
[Fri Nov 07 13:53:00 UTC 2025][INFO] [Action] EE PreviousPage
[Fri Nov 07 13:53:00 UTC 2025][INFO] [Action] EE PreviousPage
[Fri Nov 07 13:53:00 UTC 2025][INFO] [Action] EE PreviousPage
[Fri Nov 07 13:53:00 UTC 2025][INFO] [Action] EE PreviousPage
[Fri Nov 07 13:53:00 UTC 2025][INFO] [Action] EE PreviousPage
[Fri Nov 07 13:53:00 UTC 2025][INFO] [Action] EE PreviousPage
[Fri Nov 07 13:53:00 UTC 2025][INFO] [Action] EE PreviousPage
[Fri Nov 07 13:53:00 UTC 2025][INFO] [Action] EE PreviousPage
[Fri Nov 07 13:53:00 UTC 2025][INFO] [Action] EE PreviousPage
[Fri Nov 07 13:53:00 UTC 2025][INFO] [Action] EE PreviousPage
[Fri Nov 07 13:53:00 UTC 2025][INFO] [Action] EE PreviousPage
[Fri Nov 07 13:53:00 UTC 2025][INFO] [Action] EE PreviousPage
[Fri Nov 07 13:53:00 UTC 2025][INFO] [Action] EE PreviousPage
[Fri Nov 07 13:53:00 UTC 2025][INFO] [Action] EE PreviousPage
[Fri Nov 07 13:53:00 UTC 2025][INFO] [Action] EE PreviousPage
[Fri Nov 07 13:53:00 UTC 2025][INFO] [Action] EE PreviousPage
[Fri Nov 07 13:53:00 UTC 2025][INFO] [Action] EE PreviousPage
[Fri Nov 07 13:53:00 UTC 2025][INFO] [Action] EE PreviousPage
[Fri Nov 07 13:53:01 UTC 2025][INFO] [Action] EE PreviousPage
[Fri Nov 07 13:53:01 UTC 2025][INFO] [Action] EE PreviousPage
[Fri Nov 07 13:53:01 UTC 2025][INFO] [Action] EE PreviousPage
[Fri Nov 07 13:53:01 UTC 2025][INFO] [Action] EE PreviousPage
[Fri Nov 07 13:53:01 UTC 2025][INFO] [Action] EE PreviousPage
[Fri Nov 07 13:53:01 UTC 2025][INFO] [Action] EE PreviousPage
[Fri Nov 07 13:53:01 UTC 2025][INFO] [Action] EE PreviousPage
[Fri Nov 07 13:53:01 UTC 2025][INFO] [Action] EE PreviousPage
[Fri Nov 07 13:53:01 UTC 2025][INFO] [Action] EE PreviousPage
[Fri Nov 07 13:53:01 UTC 2025][INFO] [Action] EE PreviousPage
[Fri Nov 07 13:53:01 UTC 2025][INFO] [Action] EE PreviousPage
[Fri Nov 07 13:53:01 UTC 2025][INFO] [Action] EE PreviousPage
[Fri Nov 07 13:53:01 UTC 2025][INFO] [Action] EE PreviousPage
[Fri Nov 07 13:53:01 UTC 2025][INFO] [Action] EE PreviousPage
[Fri Nov 07 13:53:01 UTC 2025][INFO] [Action] EE PreviousPage
[Fri Nov 07 13:53:01 UTC 2025][INFO] [Action] EE PreviousPage
[Fri Nov 07 13:53:01 UTC 2025][INFO] [Action] EE PreviousPage
[Fri Nov 07 13:53:01 UTC 2025][INFO] [Action] EE PreviousPage
[Fri Nov 07 13:53:01 UTC 2025][INFO] [Action] EE PreviousPage
[Fri Nov 07 13:53:01 UTC 2025][INFO] [Action] EE PreviousPage
[Fri Nov 07 13:53:01 UTC 2025][INFO] [Action] EE PreviousPage
[Fri Nov 07 13:53:01 UTC 2025][INFO] [Action] EE PreviousPage
[Fri Nov 07 13:53:01 UTC 2025][INFO] [Action] EE PreviousPage
[Fri Nov 07 13:53:01 UTC 2025][INFO] [Action] EE PreviousPage
[Fri Nov 07 13:53:01 UTC 2025][INFO] [Action] EE PreviousPage
[Fri Nov 07 13:53:01 UTC 2025][INFO] [Action] EE PreviousPage
[Fri Nov 07 13:53:01 UTC 2025][INFO] [Action] EE PreviousPage
[Fri Nov 07 13:53:01 UTC 2025][INFO] [Action] EE PreviousPage
[Fri Nov 07 13:53:02 UTC 2025][INFO] [Action] EE PreviousPage
[Fri Nov 07 13:53:02 UTC 2025][INFO] [Action] EE PreviousPage
[Fri Nov 07 13:53:02 UTC 2025][INFO] [Action] EE PreviousPage
[Fri Nov 07 13:53:02 UTC 2025][INFO] [Action] EE PreviousPage
[Fri Nov 07 13:53:02 UTC 2025][INFO] [Action] EE PreviousPage
[Fri Nov 07 13:53:02 UTC 2025][INFO] [Action] EE PreviousPage
[Fri Nov 07 13:53:02 UTC 2025][INFO] [Action] EE PreviousPage
[Fri Nov 07 13:53:02 UTC 2025][INFO] [Action] EE PreviousPage
[Fri Nov 07 13:53:02 UTC 2025][INFO] [Action] EE PreviousPage
[Fri Nov 07 13:53:02 UTC 2025][INFO] [Action] EE PreviousPage
[Fri Nov 07 13:53:02 UTC 2025][INFO] [Action] EE PreviousPage
[Fri Nov 07 13:53:02 UTC 2025][INFO] [Action] EE PreviousPage
[Fri Nov 07 13:53:02 UTC 2025][INFO] [Action] EE PreviousPage
[Fri Nov 07 13:53:02 UTC 2025][INFO] [Action] EE PreviousPage
[Fri Nov 07 13:53:02 UTC 2025][INFO] [Action] EE PreviousPage
[Fri Nov 07 13:53:02 UTC 2025][INFO] [Action] EE PreviousPage
[Fri Nov 07 13:53:02 UTC 2025][INFO] [Action] EE PreviousPage
[Fri Nov 07 13:53:02 UTC 2025][INFO] [Action] EE PreviousPage
[Fri Nov 07 13:53:02 UTC 2025][INFO] [Action] EE PreviousPage
[Fri Nov 07 13:53:02 UTC 2025][INFO] [Action] EE PreviousPage
[Fri Nov 07 13:53:02 UTC 2025][INFO] [Action] EE PreviousPage
[Fri Nov 07 13:53:02 UTC 2025][INFO] [Action] EE PreviousPage
[Fri Nov 07 13:53:02 UTC 2025][INFO] [Action] EE PreviousPage
[Fri Nov 07 13:53:02 UTC 2025][INFO] [Action] EE PreviousPage
[Fri Nov 07 13:53:02 UTC 2025][INFO] [Action] EE PreviousPage
[Fri Nov 07 13:53:02 UTC 2025][INFO] [Action] EE PreviousPage
[Fri Nov 07 13:53:02 UTC 2025][INFO] [Action] EE PreviousPage
[Fri Nov 07 13:53:02 UTC 2025][INFO] [Action] EE PreviousPage
[Fri Nov 07 13:53:02 UTC 2025][INFO] [Action] EE PreviousPage
[Fri Nov 07 13:53:03 UTC 2025][INFO] [Action] EE PreviousPage
[Fri Nov 07 13:53:03 UTC 2025][INFO] [Action] EE PreviousPage
[Fri Nov 07 13:53:03 UTC 2025][INFO] [Action] EE PreviousPage
[Fri Nov 07 13:53:03 UTC 2025][INFO] [Action] EE PreviousPage
[Fri Nov 07 13:53:03 UTC 2025][INFO] [Action] EE PreviousPage
[Fri Nov 07 13:53:03 UTC 2025][INFO] [Action] EE PreviousPage
[Fri Nov 07 13:53:03 UTC 2025][INFO] [Action] EE PreviousPage
[Fri Nov 07 13:53:03 UTC 2025][INFO] [Action] EE PreviousPage
[Fri Nov 07 13:53:03 UTC 2025][INFO] [Action] EE PreviousPage
[Fri Nov 07 13:53:03 UTC 2025][INFO] [Action] EE PreviousPage
[Fri Nov 07 13:53:03 UTC 2025][INFO] [Action] EE PreviousPage
[Fri Nov 07 13:53:03 UTC 2025][INFO] [Action] EE PreviousPage
[Fri Nov 07 13:53:03 UTC 2025][INFO] [Action] EE PreviousPage
[Fri Nov 07 13:53:03 UTC 2025][INFO] [Action] EE PreviousPage
[Fri Nov 07 13:53:03 UTC 2025][INFO] [Action] EE PreviousPage
[Fri Nov 07 13:53:03 UTC 2025][INFO] [Action] EE PreviousPage
[Fri Nov 07 13:53:03 UTC 2025][INFO] [Action] EE PreviousPage
[Fri Nov 07 13:53:03 UTC 2025][INFO] [Action] EE PreviousPage
[Fri Nov 07 13:53:03 UTC 2025][INFO] [Action] EE PreviousPage
[Fri Nov 07 13:53:03 UTC 2025][INFO] [Action] EE PreviousPage
[Fri Nov 07 13:53:03 UTC 2025][INFO] [Action] EE PreviousPage
[Fri Nov 07 13:53:03 UTC 2025][INFO] [Action] EE PreviousPage
[Fri Nov 07 13:53:03 UTC 2025][INFO] [Action] EE PreviousPage
[Fri Nov 07 13:53:03 UTC 2025][INFO] [Action] EE PreviousPage
[Fri Nov 07 13:53:03 UTC 2025][INFO] [Action] EE PreviousPage
[Fri Nov 07 13:53:03 UTC 2025][INFO] [Action] EE PreviousPage
[Fri Nov 07 13:53:03 UTC 2025][INFO] [Action] EE PreviousPage
[Fri Nov 07 13:53:03 UTC 2025][INFO] [Action] EE PreviousPage
[Fri Nov 07 13:53:04 UTC 2025][INFO] [Action] EE PreviousPage
[Fri Nov 07 13:53:04 UTC 2025][INFO] [Action] EE PreviousPage
[Fri Nov 07 13:53:04 UTC 2025][INFO] [Action] EE PreviousPage
[Fri Nov 07 13:53:04 UTC 2025][INFO] [Action] EE PreviousPage
[Fri Nov 07 13:53:04 UTC 2025][INFO] [Action] EE PreviousPage
[Fri Nov 07 13:53:04 UTC 2025][INFO] [Action] EE PreviousPage
[Fri Nov 07 13:53:04 UTC 2025][INFO] [Action] EE PreviousPage
[Fri Nov 07 13:53:04 UTC 2025][INFO] [Action] EE PreviousPage
[Fri Nov 07 13:53:04 UTC 2025][INFO] [Action] EE PreviousPage
[Fri Nov 07 13:53:04 UTC 2025][INFO] [Action] EE PreviousPage
[Fri Nov 07 13:53:04 UTC 2025][INFO] [Action] EE PreviousPage
[Fri Nov 07 13:53:04 UTC 2025][INFO] [Action] EE PreviousPage
[Fri Nov 07 13:53:04 UTC 2025][INFO] [Action] EE PreviousPage
[Fri Nov 07 13:53:04 UTC 2025][INFO] [Action] EE PreviousPage
[Fri Nov 07 13:53:04 UTC 2025][INFO] [Action] EE PreviousPage
[Fri Nov 07 13:53:04 UTC 2025][INFO] [Action] EE PreviousPage
[Fri Nov 07 13:53:04 UTC 2025][INFO] [Action] EE PreviousPage
[Fri Nov 07 13:53:04 UTC 2025][INFO] [Action] EE PreviousPage
[Fri Nov 07 13:53:04 UTC 2025][INFO] [Action] EE PreviousPage
[Fri Nov 07 13:53:04 UTC 2025][INFO] [Action] EE PreviousPage
[Fri Nov 07 13:53:04 UTC 2025][INFO] [Action] EE PreviousPage
[Fri Nov 07 13:53:04 UTC 2025][INFO] [Action] EE PreviousPage
[Fri Nov 07 13:53:04 UTC 2025][INFO] [Action] EE PreviousPage
[Fri Nov 07 13:53:04 UTC 2025][INFO] [Action] EE PreviousPage
[Fri Nov 07 13:53:04 UTC 2025][INFO] [Action] EE PreviousPage
[Fri Nov 07 13:53:04 UTC 2025][INFO] [Action] EE PreviousPage
[Fri Nov 07 13:53:04 UTC 2025][INFO] [Action] EE PreviousPage
[Fri Nov 07 13:53:04 UTC 2025][INFO] [Action] EE PreviousPage
[Fri Nov 07 13:53:05 UTC 2025][INFO] [Action] EE PreviousPage
[Fri Nov 07 13:53:05 UTC 2025][INFO] [Action] EE PreviousPage
[Fri Nov 07 13:53:05 UTC 2025][INFO] [Action] EE PreviousPage
[Fri Nov 07 13:53:05 UTC 2025][INFO] [Action] EE PreviousPage
[Fri Nov 07 13:53:05 UTC 2025][INFO] [Action] EE PreviousPage
[Fri Nov 07 13:53:05 UTC 2025][INFO] [Action] EE PreviousPage
[Fri Nov 07 13:53:05 UTC 2025][INFO] [Action] EE PreviousPage
[Fri Nov 07 13:53:05 UTC 2025][INFO] [Action] EE PreviousPage
[Fri Nov 07 13:53:05 UTC 2025][INFO] [Action] EE PreviousPage
[Fri Nov 07 13:53:05 UTC 2025][INFO] [Action] EE PreviousPage
[Fri Nov 07 13:53:05 UTC 2025][INFO] [Action] EE PreviousPage
[Fri Nov 07 13:53:05 UTC 2025][INFO] [Action] EE PreviousPage
[Fri Nov 07 13:53:05 UTC 2025][INFO] [Action] EE PreviousPage
[Fri Nov 07 13:53:05 UTC 2025][INFO] [Action] EE PreviousPage
[Fri Nov 07 13:53:05 UTC 2025][INFO] [Action] EE PreviousPage
[Fri Nov 07 13:53:05 UTC 2025][INFO] [Action] EE PreviousPage
[Fri Nov 07 13:53:05 UTC 2025][INFO] [Action] EE PreviousPage
[Fri Nov 07 13:53:05 UTC 2025][INFO] [Action] EE PreviousPage
[Fri Nov 07 13:53:05 UTC 2025][INFO] [Action] EE PreviousPage
[Fri Nov 07 13:53:05 UTC 2025][INFO] [Action] EE PreviousPage
[Fri Nov 07 13:53:05 UTC 2025][INFO] [Action] EE PreviousPage
[Fri Nov 07 13:53:05 UTC 2025][INFO] [Action] EE PreviousPage
[Fri Nov 07 13:53:05 UTC 2025][INFO] [Action] EE PreviousPage
[Fri Nov 07 13:53:05 UTC 2025][INFO] [Action] EE PreviousPage
[Fri Nov 07 13:53:05 UTC 2025][INFO] [Action] EE PreviousPage
[Fri Nov 07 13:53:05 UTC 2025][INFO] [Action] EE PreviousPage
[Fri Nov 07 13:53:05 UTC 2025][INFO] [Action] EE PreviousPage
[Fri Nov 07 13:53:05 UTC 2025][INFO] [Action] EE PreviousPage
[Fri Nov 07 13:53:05 UTC 2025][INFO] [Action] EE PreviousPage
[Fri Nov 07 13:53:06 UTC 2025][INFO] [Action] EE PreviousPage
[Fri Nov 07 13:53:06 UTC 2025][INFO] [Action] EE PreviousPage
[Fri Nov 07 13:53:06 UTC 2025][INFO] [Action] EE PreviousPage
[Fri Nov 07 13:53:06 UTC 2025][INFO] [Action] EE PreviousPage
[Fri Nov 07 13:53:06 UTC 2025][INFO] [Action] EE PreviousPage
[Fri Nov 07 13:53:06 UTC 2025][INFO] [Action] EE PreviousPage
[Fri Nov 07 13:53:06 UTC 2025][INFO] [Action] EE PreviousPage
[Fri Nov 07 13:53:06 UTC 2025][INFO] [Action] EE PreviousPage
[Fri Nov 07 13:53:06 UTC 2025][INFO] [Action] EE PreviousPage
[Fri Nov 07 13:53:06 UTC 2025][INFO] [Action] EE PreviousPage
[Fri Nov 07 13:53:06 UTC 2025][INFO] [Action] EE PreviousPage
[Fri Nov 07 13:53:06 UTC 2025][INFO] [Action] EE PreviousPage
[Fri Nov 07 13:53:06 UTC 2025][INFO] [Action] EE PreviousPage
[Fri Nov 07 13:53:06 UTC 2025][INFO] [Action] EE PreviousPage
[Fri Nov 07 13:53:06 UTC 2025][INFO] [Action] EE PreviousPage
[Fri Nov 07 13:53:06 UTC 2025][INFO] [Action] EE PreviousPage
[Fri Nov 07 13:53:06 UTC 2025][INFO] [Action] EE PreviousPage
[Fri Nov 07 13:53:06 UTC 2025][INFO] [Action] EE PreviousPage
[Fri Nov 07 13:53:06 UTC 2025][INFO] [Action] EE PreviousPage
[Fri Nov 07 13:53:06 UTC 2025][INFO] [Action] EE PreviousPage
[Fri Nov 07 13:53:06 UTC 2025][INFO] [Action] EE PreviousPage
[Fri Nov 07 13:53:06 UTC 2025][INFO] [Action] EE PreviousPage
[Fri Nov 07 13:53:06 UTC 2025][INFO] [Action] EE PreviousPage
[Fri Nov 07 13:53:06 UTC 2025][INFO] [Action] EE PreviousPage
[Fri Nov 07 13:53:06 UTC 2025][INFO] [Action] EE PreviousPage
[Fri Nov 07 13:53:06 UTC 2025][INFO] [Action] EE PreviousPage
[Fri Nov 07 13:53:06 UTC 2025][INFO] [Action] EE PreviousPage
[Fri Nov 07 13:53:06 UTC 2025][INFO] [Action] EE PreviousPage
[Fri Nov 07 13:53:07 UTC 2025][INFO] [Action] EE PreviousPage
[Fri Nov 07 13:53:07 UTC 2025][INFO] [Action] EE PreviousPage
[Fri Nov 07 13:53:07 UTC 2025][INFO] [Action] EE PreviousPage
[Fri Nov 07 13:53:07 UTC 2025][INFO] [Action] EE Scroll
[Fri Nov 07 13:53:08 UTC 2025][INFO] [Action] E SaveBook - Save
[Fri Nov 07 13:53:10 UTC 2025][INFO] Logger Terminated
[Fri Nov 07 13:53:36 UTC 2025][INFO] [Action] EE OpenBook - The Haitian's Forgotten Roots - 9_6-revised_2_Ebook_KC.kcb
[Fri Nov 07 13:53:42 UTC 2025][INFO] [Action] E SaveBook - Save
[Fri Nov 07 13:53:43 UTC 2025][INFO] Logger Terminated
[Tue Nov 11 07:22:09 UTC 2025][INFO] [Action] EE OpenBook - The Haitian's Forgotten Roots - 9_6-revised_2_Ebook_KC.kcb
[Tue Nov 11 07:22:15 UTC 2025][INFO] [Action] E SaveBook - Save
[Tue Nov 11 07:22:16 UTC 2025][INFO] Logger Terminated
[Tue Nov 11 17:37:54 UTC 2025][INFO] [Action] EE OpenBook - The Haitian's Forgotten Roots - 9_6-revised_2_Ebook_KC.kcb
[Tue Nov 11 17:37:59 UTC 2025][INFO] [Action] E SaveBook - Save
[Tue Nov 11 17:38:00 UTC 2025][INFO] Logger Terminated
