[Mon Aug 04 12:39:39 UTC 2025][INFO] [Action] EE PackageWorkspace
[Mon Aug 04 18:56:26 UTC 2025][INFO] [Action] E SaveBook - Save
[Mon Aug 04 18:56:27 UTC 2025][INFO] Logger Terminated
[Mon Aug 18 15:12:04 UTC 2025][INFO] [Action] EE OpenBook
[Mon Aug 18 15:12:07 UTC 2025][INFO] [Action] EE NextPage
[Mon Aug 18 15:12:07 UTC 2025][INFO] [Action] EE NextPage
[Mon Aug 18 15:12:07 UTC 2025][INFO] [Action] EE NextPage
[Mon Aug 18 15:12:07 UTC 2025][INFO] [Action] EE NextPage
[Mon Aug 18 15:12:07 UTC 2025][INFO] [Action] EE NextPage
[Mon Aug 18 15:12:07 UTC 2025][INFO] [Action] EE NextPage
[Mon Aug 18 15:12:07 UTC 2025][INFO] [Action] EE NextPage
[Mon Aug 18 15:12:07 UTC 2025][INFO] [Action] EE NextPage
[Mon Aug 18 15:12:08 UTC 2025][INFO] [Action] EE Scroll
[Mon Aug 18 15:12:08 UTC 2025][INFO] [Action] EE NextPage
[Mon Aug 18 15:12:08 UTC 2025][INFO] [Action] EE NextPage
[Mon Aug 18 15:12:08 UTC 2025][INFO] [Action] EE NextPage
[Mon Aug 18 15:12:08 UTC 2025][INFO] [Action] EE Scroll
[Mon Aug 18 15:12:08 UTC 2025][INFO] [Action] EE NextPage
[Mon Aug 18 15:12:08 UTC 2025][INFO] [Action] EE NextPage
[Mon Aug 18 15:12:08 UTC 2025][INFO] [Action] EE NextPage
[Mon Aug 18 15:12:08 UTC 2025][INFO] [Action] EE Scroll
[Mon Aug 18 15:12:09 UTC 2025][INFO] [Action] EE NextPage
[Mon Aug 18 15:12:09 UTC 2025][INFO] [Action] EE NextPage
[Mon Aug 18 15:12:09 UTC 2025][INFO] [Action] EE NextPage
[Mon Aug 18 15:12:09 UTC 2025][INFO] [Action] EE NextPage
[Mon Aug 18 15:12:09 UTC 2025][INFO] [Action] EE Scroll
[Mon Aug 18 15:12:09 UTC 2025][INFO] [Action] EE NextPage
[Mon Aug 18 15:12:09 UTC 2025][INFO] [Action] EE NextPage
[Mon Aug 18 15:12:09 UTC 2025][INFO] [Action] EE NextPage
[Mon Aug 18 15:12:09 UTC 2025][INFO] [Action] EE NextPage
[Mon Aug 18 15:12:09 UTC 2025][INFO] [Action] EE NextPage
[Mon Aug 18 15:12:09 UTC 2025][INFO] [Action] EE Scroll
[Mon Aug 18 15:12:09 UTC 2025][INFO] [Action] EE NextPage
[Mon Aug 18 15:12:10 UTC 2025][INFO] [Action] EE Scroll
[Mon Aug 18 15:12:10 UTC 2025][INFO] [Action] EE NextPage
[Mon Aug 18 15:12:10 UTC 2025][INFO] [Action] EE NextPage
[Mon Aug 18 15:12:10 UTC 2025][INFO] [Action] EE Scroll
[Mon Aug 18 15:12:10 UTC 2025][INFO] [Action] EE NextPage
[Mon Aug 18 15:12:10 UTC 2025][INFO] [Action] EE NextPage
[Mon Aug 18 15:12:10 UTC 2025][INFO] [Action] EE NextPage
[Mon Aug 18 15:12:10 UTC 2025][INFO] [Action] EE NextPage
[Mon Aug 18 15:12:10 UTC 2025][INFO] [Action] EE Scroll
[Mon Aug 18 15:12:10 UTC 2025][INFO] [Action] EE NextPage
[Mon Aug 18 15:12:11 UTC 2025][INFO] [Action] EE Scroll
[Mon Aug 18 15:12:11 UTC 2025][INFO] [Action] EE NextPage
[Mon Aug 18 15:12:11 UTC 2025][INFO] [Action] EE NextPage
[Mon Aug 18 15:12:11 UTC 2025][INFO] [Action] EE NextPage
[Mon Aug 18 15:12:12 UTC 2025][INFO] [Action] EE NextPage
[Mon Aug 18 15:12:12 UTC 2025][INFO] [Action] EE Scroll
[Mon Aug 18 15:12:12 UTC 2025][INFO] [Action] EE NextPage
[Mon Aug 18 15:12:12 UTC 2025][INFO] [Action] EE NextPage
[Mon Aug 18 15:12:12 UTC 2025][INFO] [Action] EE Scroll
[Mon Aug 18 15:12:12 UTC 2025][INFO] [Action] EE NextPage
[Mon Aug 18 15:12:12 UTC 2025][INFO] [Action] EE NextPage
[Mon Aug 18 15:12:12 UTC 2025][INFO] [Action] EE Scroll
[Mon Aug 18 15:12:13 UTC 2025][INFO] [Action] EE NextPage
[Mon Aug 18 15:12:13 UTC 2025][INFO] [Action] EE Scroll
[Mon Aug 18 15:12:13 UTC 2025][INFO] [Action] EE NextPage
[Mon Aug 18 15:12:13 UTC 2025][INFO] [Action] EE Scroll
[Mon Aug 18 15:12:14 UTC 2025][INFO] [Action] EE NextPage
[Mon Aug 18 15:12:14 UTC 2025][INFO] [Action] EE Scroll
[Mon Aug 18 15:12:14 UTC 2025][INFO] [Action] EE NextPage
[Mon Aug 18 15:12:14 UTC 2025][INFO] [Action] EE Scroll
[Mon Aug 18 15:12:14 UTC 2025][INFO] [Action] EE NextPage
[Mon Aug 18 15:12:15 UTC 2025][INFO] [Action] EE Scroll
[Mon Aug 18 15:12:15 UTC 2025][INFO] [Action] EE NextPage
[Mon Aug 18 15:12:15 UTC 2025][INFO] [Action] EE Scroll
[Mon Aug 18 15:12:15 UTC 2025][INFO] [Action] EE NextPage
[Mon Aug 18 15:12:15 UTC 2025][INFO] [Action] EE Scroll
[Mon Aug 18 15:12:16 UTC 2025][INFO] [Action] EE NextPage
[Mon Aug 18 15:12:16 UTC 2025][INFO] [Action] EE Scroll
[Mon Aug 18 15:12:16 UTC 2025][INFO] [Action] EE NextPage
[Mon Aug 18 15:12:16 UTC 2025][INFO] [Action] EE NextPage
[Mon Aug 18 15:12:16 UTC 2025][INFO] [Action] EE Scroll
[Mon Aug 18 15:12:16 UTC 2025][INFO] [Action] EE NextPage
[Mon Aug 18 15:12:16 UTC 2025][INFO] [Action] EE Scroll
[Mon Aug 18 15:12:17 UTC 2025][INFO] [Action] EE NextPage
[Mon Aug 18 15:12:17 UTC 2025][INFO] [Action] EE NextPage
[Mon Aug 18 15:12:17 UTC 2025][INFO] [Action] EE Scroll
[Mon Aug 18 15:12:17 UTC 2025][INFO] [Action] EE NextPage
[Mon Aug 18 15:12:17 UTC 2025][INFO] [Action] EE Scroll
[Mon Aug 18 15:12:18 UTC 2025][INFO] [Action] EE NextPage
[Mon Aug 18 15:12:18 UTC 2025][INFO] [Action] EE Scroll
[Mon Aug 18 15:12:18 UTC 2025][INFO] [Action] EE NextPage
[Mon Aug 18 15:12:18 UTC 2025][INFO] [Action] EE Scroll
[Mon Aug 18 15:12:18 UTC 2025][INFO] [Action] EE NextPage
[Mon Aug 18 15:12:18 UTC 2025][INFO] [Action] EE Scroll
[Mon Aug 18 15:12:19 UTC 2025][INFO] [Action] EE NextPage
[Mon Aug 18 15:12:19 UTC 2025][INFO] [Action] EE Scroll
[Mon Aug 18 15:12:19 UTC 2025][INFO] [Action] EE NextPage
[Mon Aug 18 15:12:19 UTC 2025][INFO] [Action] EE Scroll
[Mon Aug 18 15:12:19 UTC 2025][INFO] [Action] EE NextPage
[Mon Aug 18 15:12:20 UTC 2025][INFO] [Action] EE Scroll
[Mon Aug 18 15:12:20 UTC 2025][INFO] [Action] EE NextPage
[Mon Aug 18 15:12:20 UTC 2025][INFO] [Action] EE NextPage
[Mon Aug 18 15:12:20 UTC 2025][INFO] [Action] EE Scroll
[Mon Aug 18 15:12:20 UTC 2025][INFO] [Action] EE NextPage
[Mon Aug 18 15:12:20 UTC 2025][INFO] [Action] EE Scroll
[Mon Aug 18 15:12:21 UTC 2025][INFO] [Action] EE NextPage
[Mon Aug 18 15:12:21 UTC 2025][INFO] [Action] EE Scroll
[Mon Aug 18 15:12:21 UTC 2025][INFO] [Action] EE NextPage
[Mon Aug 18 15:12:21 UTC 2025][INFO] [Action] EE Scroll
[Mon Aug 18 15:12:21 UTC 2025][INFO] [Action] EE NextPage
[Mon Aug 18 15:12:22 UTC 2025][INFO] [Action] EE Scroll
[Mon Aug 18 15:12:24 UTC 2025][INFO] [Action] EE NextPage
[Mon Aug 18 15:12:24 UTC 2025][INFO] [Action] EE NextPage
[Mon Aug 18 15:12:24 UTC 2025][INFO] [Action] EE NextPage
[Mon Aug 18 15:12:24 UTC 2025][INFO] [Action] EE NextPage
[Mon Aug 18 15:12:24 UTC 2025][INFO] [Action] EE NextPage
[Mon Aug 18 15:12:24 UTC 2025][INFO] [Action] EE NextPage
[Mon Aug 18 15:12:24 UTC 2025][INFO] [Action] EE NextPage
[Mon Aug 18 15:12:24 UTC 2025][INFO] [Action] EE NextPage
[Mon Aug 18 15:12:24 UTC 2025][INFO] [Action] EE NextPage
[Mon Aug 18 15:12:24 UTC 2025][INFO] [Action] EE NextPage
[Mon Aug 18 15:12:24 UTC 2025][INFO] [Action] EE NextPage
[Mon Aug 18 15:12:24 UTC 2025][INFO] [Action] EE NextPage
[Mon Aug 18 15:12:24 UTC 2025][INFO] [Action] EE NextPage
[Mon Aug 18 15:12:24 UTC 2025][INFO] [Action] EE NextPage
[Mon Aug 18 15:12:24 UTC 2025][INFO] [Action] EE NextPage
[Mon Aug 18 15:12:24 UTC 2025][INFO] [Action] EE NextPage
[Mon Aug 18 15:12:24 UTC 2025][INFO] [Action] EE NextPage
[Mon Aug 18 15:12:24 UTC 2025][INFO] [Action] EE NextPage
[Mon Aug 18 15:12:25 UTC 2025][INFO] [Action] EE NextPage
[Mon Aug 18 15:12:25 UTC 2025][INFO] [Action] EE NextPage
[Mon Aug 18 15:12:25 UTC 2025][INFO] [Action] EE Scroll
[Mon Aug 18 15:12:25 UTC 2025][INFO] [Action] EE NextPage
[Mon Aug 18 15:12:25 UTC 2025][INFO] [Action] EE Scroll
[Fri Aug 22 09:03:20 UTC 2025][INFO] [Action] EE NextPage
[Fri Aug 22 09:03:20 UTC 2025][INFO] [Action] EE NextPage
[Fri Aug 22 09:03:20 UTC 2025][INFO] [Action] EE Scroll
[Fri Aug 22 09:03:23 UTC 2025][INFO] [Action] EE NextPage
[Fri Aug 22 09:03:23 UTC 2025][INFO] [Action] EE NextPage
[Fri Aug 22 09:03:23 UTC 2025][INFO] [Action] EE NextPage
[Fri Aug 22 09:03:23 UTC 2025][INFO] [Action] EE NextPage
[Fri Aug 22 09:03:23 UTC 2025][INFO] [Action] EE NextPage
[Fri Aug 22 09:03:23 UTC 2025][INFO] [Action] EE NextPage
[Fri Aug 22 09:03:23 UTC 2025][INFO] [Action] EE Scroll
[Fri Aug 22 09:03:23 UTC 2025][INFO] [Action] EE NextPage
[Fri Aug 22 09:03:23 UTC 2025][INFO] [Action] EE Scroll
[Fri Aug 22 09:03:23 UTC 2025][INFO] [Action] EE NextPage
[Fri Aug 22 09:03:23 UTC 2025][INFO] [Action] EE NextPage
[Fri Aug 22 09:03:23 UTC 2025][INFO] [Action] EE NextPage
[Fri Aug 22 09:03:23 UTC 2025][INFO] [Action] EE Scroll
[Fri Aug 22 09:03:24 UTC 2025][INFO] [Action] EE NextPage
[Fri Aug 22 09:03:24 UTC 2025][INFO] [Action] EE NextPage
[Fri Aug 22 09:03:24 UTC 2025][INFO] [Action] EE Scroll
[Fri Aug 22 09:03:24 UTC 2025][INFO] [Action] EE NextPage
[Fri Aug 22 09:03:24 UTC 2025][INFO] [Action] EE NextPage
[Fri Aug 22 09:03:24 UTC 2025][INFO] [Action] EE Scroll
[Fri Aug 22 09:03:24 UTC 2025][INFO] [Action] EE NextPage
[Fri Aug 22 09:03:24 UTC 2025][INFO] [Action] EE Scroll
[Fri Aug 22 09:03:25 UTC 2025][INFO] [Action] EE NextPage
[Fri Aug 22 09:03:25 UTC 2025][INFO] [Action] EE Scroll
[Fri Aug 22 09:03:25 UTC 2025][INFO] [Action] EE NextPage
[Fri Aug 22 09:03:25 UTC 2025][INFO] [Action] EE Scroll
[Fri Aug 22 09:03:25 UTC 2025][INFO] [Action] EE NextPage
[Fri Aug 22 09:03:25 UTC 2025][INFO] [Action] EE Scroll
[Fri Aug 22 09:03:25 UTC 2025][INFO] [Action] EE NextPage
[Fri Aug 22 09:03:26 UTC 2025][INFO] [Action] EE NextPage
[Fri Aug 22 09:03:26 UTC 2025][INFO] [Action] EE Scroll
[Fri Aug 22 09:03:26 UTC 2025][INFO] [Action] EE NextPage
[Fri Aug 22 09:03:26 UTC 2025][INFO] [Action] EE NextPage
[Fri Aug 22 09:03:26 UTC 2025][INFO] [Action] EE Scroll
[Fri Aug 22 09:03:26 UTC 2025][INFO] [Action] EE NextPage
[Fri Aug 22 09:03:26 UTC 2025][INFO] [Action] EE NextPage
[Fri Aug 22 09:03:26 UTC 2025][INFO] [Action] EE Scroll
[Fri Aug 22 09:03:27 UTC 2025][INFO] [Action] EE NextPage
[Fri Aug 22 09:03:27 UTC 2025][INFO] [Action] EE NextPage
[Fri Aug 22 09:03:27 UTC 2025][INFO] [Action] EE NextPage
[Fri Aug 22 09:03:27 UTC 2025][INFO] [Action] EE Scroll
[Fri Aug 22 09:03:27 UTC 2025][INFO] [Action] EE NextPage
[Fri Aug 22 09:03:27 UTC 2025][INFO] [Action] EE Scroll
[Fri Aug 22 09:03:27 UTC 2025][INFO] [Action] EE NextPage
[Fri Aug 22 09:03:28 UTC 2025][INFO] [Action] EE Scroll
[Fri Aug 22 09:03:28 UTC 2025][INFO] [Action] EE NextPage
[Fri Aug 22 09:03:28 UTC 2025][INFO] [Action] EE Scroll
[Fri Aug 22 09:03:28 UTC 2025][INFO] [Action] EE NextPage
[Fri Aug 22 09:03:28 UTC 2025][INFO] [Action] EE Scroll
[Fri Aug 22 09:03:28 UTC 2025][INFO] [Action] EE NextPage
[Fri Aug 22 09:03:28 UTC 2025][INFO] [Action] EE Scroll
[Fri Aug 22 09:03:28 UTC 2025][INFO] [Action] EE NextPage
[Fri Aug 22 09:03:29 UTC 2025][INFO] [Action] EE NextPage
[Fri Aug 22 09:03:29 UTC 2025][INFO] [Action] EE Scroll
[Fri Aug 22 09:03:29 UTC 2025][INFO] [Action] EE NextPage
[Fri Aug 22 09:03:29 UTC 2025][INFO] [Action] EE Scroll
[Fri Aug 22 09:03:29 UTC 2025][INFO] [Action] EE NextPage
[Fri Aug 22 09:03:29 UTC 2025][INFO] [Action] EE Scroll
[Fri Aug 22 09:03:29 UTC 2025][INFO] [Action] EE NextPage
[Fri Aug 22 09:03:29 UTC 2025][INFO] [Action] EE NextPage
[Fri Aug 22 09:03:29 UTC 2025][INFO] [Action] EE Scroll
[Fri Aug 22 09:03:30 UTC 2025][INFO] [Action] EE NextPage
[Fri Aug 22 09:03:30 UTC 2025][INFO] [Action] EE NextPage
[Fri Aug 22 09:03:30 UTC 2025][INFO] [Action] EE Scroll
[Fri Aug 22 09:03:30 UTC 2025][INFO] [Action] EE NextPage
[Fri Aug 22 09:03:30 UTC 2025][INFO] [Action] EE Scroll
[Fri Aug 22 09:03:30 UTC 2025][INFO] [Action] EE NextPage
[Fri Aug 22 09:03:30 UTC 2025][INFO] [Action] EE Scroll
[Fri Aug 22 09:03:30 UTC 2025][INFO] [Action] EE NextPage
[Fri Aug 22 09:03:30 UTC 2025][INFO] [Action] EE NextPage
[Fri Aug 22 09:03:30 UTC 2025][INFO] [Action] EE Scroll
[Fri Aug 22 09:03:31 UTC 2025][INFO] [Action] EE NextPage
[Fri Aug 22 09:03:31 UTC 2025][INFO] [Action] EE Scroll
[Fri Aug 22 09:03:31 UTC 2025][INFO] [Action] EE NextPage
[Fri Aug 22 09:03:31 UTC 2025][INFO] [Action] EE Scroll
[Fri Aug 22 09:03:31 UTC 2025][INFO] [Action] EE NextPage
[Fri Aug 22 09:03:31 UTC 2025][INFO] [Action] EE Scroll
[Fri Aug 22 09:03:31 UTC 2025][INFO] [Action] EE NextPage
[Fri Aug 22 09:03:31 UTC 2025][INFO] [Action] EE NextPage
[Fri Aug 22 09:03:31 UTC 2025][INFO] [Action] EE Scroll
[Fri Aug 22 09:03:31 UTC 2025][INFO] [Action] EE NextPage
[Fri Aug 22 09:03:32 UTC 2025][INFO] [Action] EE Scroll
[Fri Aug 22 09:03:32 UTC 2025][INFO] [Action] EE NextPage
[Fri Aug 22 09:03:32 UTC 2025][INFO] [Action] EE Scroll
[Fri Aug 22 09:03:32 UTC 2025][INFO] [Action] EE NextPage
[Fri Aug 22 09:03:32 UTC 2025][INFO] [Action] EFail NextPage - 4
[Fri Aug 22 09:03:32 UTC 2025][INFO] [Action] EE NextPage
[Fri Aug 22 09:03:32 UTC 2025][INFO] [Action] EFail NextPage - 4
[Fri Aug 22 09:03:32 UTC 2025][INFO] [Action] EE NextPage
[Fri Aug 22 09:03:32 UTC 2025][INFO] [Action] EFail NextPage - 4
[Fri Aug 22 09:03:33 UTC 2025][INFO] [Action] EE NextPage
[Fri Aug 22 09:03:33 UTC 2025][INFO] [Action] EFail NextPage - 4
[Fri Aug 22 09:03:33 UTC 2025][INFO] [Action] EE NextPage
[Fri Aug 22 09:03:33 UTC 2025][INFO] [Action] EFail NextPage - 4
[Fri Aug 22 09:03:33 UTC 2025][INFO] [Action] EE PreviousPage
[Fri Aug 22 09:03:33 UTC 2025][INFO] [Action] EE PreviousPage
[Fri Aug 22 09:03:33 UTC 2025][INFO] [Action] EE PreviousPage
[Fri Aug 22 09:03:33 UTC 2025][INFO] [Action] EE PreviousPage
[Fri Aug 22 09:03:33 UTC 2025][INFO] [Action] EE PreviousPage
[Fri Aug 22 09:03:33 UTC 2025][INFO] [Action] EE PreviousPage
[Fri Aug 22 09:03:33 UTC 2025][INFO] [Action] EE PreviousPage
[Fri Aug 22 09:03:33 UTC 2025][INFO] [Action] EE PreviousPage
[Fri Aug 22 09:03:33 UTC 2025][INFO] [Action] EE PreviousPage
[Fri Aug 22 09:03:34 UTC 2025][INFO] [Action] EE Scroll
[Fri Aug 22 09:03:34 UTC 2025][INFO] [Action] EE PreviousPage
[Fri Aug 22 09:03:34 UTC 2025][INFO] [Action] EE PreviousPage
[Fri Aug 22 09:03:34 UTC 2025][INFO] [Action] EE Scroll
[Fri Aug 22 09:03:34 UTC 2025][INFO] [Action] EE PreviousPage
[Fri Aug 22 09:03:34 UTC 2025][INFO] [Action] EE PreviousPage
[Fri Aug 22 09:03:34 UTC 2025][INFO] [Action] EE Scroll
[Fri Aug 22 09:03:34 UTC 2025][INFO] [Action] EE PreviousPage
[Fri Aug 22 09:03:34 UTC 2025][INFO] [Action] EE Scroll
[Fri Aug 22 09:03:34 UTC 2025][INFO] [Action] EE PreviousPage
[Fri Aug 22 09:03:34 UTC 2025][INFO] [Action] EE Scroll
[Fri Aug 22 09:03:34 UTC 2025][INFO] [Action] EE PreviousPage
[Fri Aug 22 09:03:35 UTC 2025][INFO] [Action] EE Scroll
[Fri Aug 22 09:03:35 UTC 2025][INFO] [Action] EE PreviousPage
[Fri Aug 22 09:03:35 UTC 2025][INFO] [Action] EE PreviousPage
[Fri Aug 22 09:03:35 UTC 2025][INFO] [Action] EE Scroll
[Fri Aug 22 09:03:35 UTC 2025][INFO] [Action] EE PreviousPage
[Fri Aug 22 09:03:35 UTC 2025][INFO] [Action] EE PreviousPage
[Fri Aug 22 09:03:35 UTC 2025][INFO] [Action] EE Scroll
[Fri Aug 22 09:03:35 UTC 2025][INFO] [Action] EE PreviousPage
[Fri Aug 22 09:03:35 UTC 2025][INFO] [Action] EE PreviousPage
[Fri Aug 22 09:03:35 UTC 2025][INFO] [Action] EE Scroll
[Fri Aug 22 09:03:36 UTC 2025][INFO] [Action] EE PreviousPage
[Fri Aug 22 09:03:36 UTC 2025][INFO] [Action] EE PreviousPage
[Fri Aug 22 09:03:36 UTC 2025][INFO] [Action] EE Scroll
[Fri Aug 22 09:03:36 UTC 2025][INFO] [Action] EE PreviousPage
[Fri Aug 22 09:03:36 UTC 2025][INFO] [Action] EE PreviousPage
[Fri Aug 22 09:03:36 UTC 2025][INFO] [Action] EE Scroll
[Fri Aug 22 09:03:36 UTC 2025][INFO] [Action] EE PreviousPage
[Fri Aug 22 09:03:36 UTC 2025][INFO] [Action] EE PreviousPage
[Fri Aug 22 09:03:36 UTC 2025][INFO] [Action] EE Scroll
[Fri Aug 22 09:03:37 UTC 2025][INFO] [Action] EE PreviousPage
[Fri Aug 22 09:03:37 UTC 2025][INFO] [Action] EE PreviousPage
[Fri Aug 22 09:03:37 UTC 2025][INFO] [Action] EE Scroll
[Fri Aug 22 09:03:37 UTC 2025][INFO] [Action] EE PreviousPage
[Fri Aug 22 09:03:37 UTC 2025][INFO] [Action] EE Scroll
[Fri Aug 22 09:03:37 UTC 2025][INFO] [Action] EE PreviousPage
[Fri Aug 22 09:03:37 UTC 2025][INFO] [Action] EE PreviousPage
[Fri Aug 22 09:03:37 UTC 2025][INFO] [Action] EE Scroll
[Fri Aug 22 09:03:37 UTC 2025][INFO] [Action] EE PreviousPage
[Fri Aug 22 09:03:37 UTC 2025][INFO] [Action] EE Scroll
[Fri Aug 22 09:03:37 UTC 2025][INFO] [Action] EE PreviousPage
[Fri Aug 22 09:03:38 UTC 2025][INFO] [Action] EE Scroll
[Fri Aug 22 09:03:38 UTC 2025][INFO] [Action] EE PreviousPage
[Fri Aug 22 09:03:38 UTC 2025][INFO] [Action] EE Scroll
[Fri Aug 22 09:03:39 UTC 2025][INFO] [Action] EE NextPage
[Fri Aug 22 09:03:39 UTC 2025][INFO] [Action] EE NextPage
[Fri Aug 22 09:03:41 UTC 2025][INFO] [Action] EE PreviousPage
[Fri Aug 22 09:03:42 UTC 2025][INFO] [Action] EE PreviousPage
[Fri Aug 22 09:03:42 UTC 2025][INFO] [Action] EE PreviousPage
[Fri Aug 22 09:03:42 UTC 2025][INFO] [Action] EE Scroll
[Fri Aug 22 09:03:43 UTC 2025][INFO] [Action] EE PreviousPage
[Fri Aug 22 09:03:43 UTC 2025][INFO] [Action] EE Scroll
[Fri Aug 22 09:03:43 UTC 2025][INFO] [Action] EE PreviousPage
[Fri Aug 22 09:03:43 UTC 2025][INFO] [Action] EE Scroll
[Fri Aug 22 09:03:43 UTC 2025][INFO] [Action] EE PreviousPage
[Fri Aug 22 09:03:43 UTC 2025][INFO] [Action] EE Scroll
[Fri Aug 22 09:03:44 UTC 2025][INFO] [Action] EE PreviousPage
[Fri Aug 22 09:03:44 UTC 2025][INFO] [Action] EE Scroll
[Fri Aug 22 09:03:44 UTC 2025][INFO] [Action] EE PreviousPage
[Fri Aug 22 09:03:44 UTC 2025][INFO] [Action] EE Scroll
[Fri Aug 22 09:03:44 UTC 2025][INFO] [Action] EE PreviousPage
[Fri Aug 22 09:03:45 UTC 2025][INFO] [Action] EE Scroll
[Fri Aug 22 09:03:45 UTC 2025][INFO] [Action] EE PreviousPage
[Fri Aug 22 09:03:45 UTC 2025][INFO] [Action] EE Scroll
[Fri Aug 22 09:03:45 UTC 2025][INFO] [Action] EE PreviousPage
[Fri Aug 22 09:03:45 UTC 2025][INFO] [Action] EE Scroll
[Fri Aug 22 09:03:46 UTC 2025][INFO] [Action] EE PreviousPage
[Fri Aug 22 09:03:46 UTC 2025][INFO] [Action] EE Scroll
[Fri Aug 22 09:03:46 UTC 2025][INFO] [Action] EE PreviousPage
[Fri Aug 22 09:03:46 UTC 2025][INFO] [Action] EE Scroll
[Fri Aug 22 09:03:46 UTC 2025][INFO] [Action] EE PreviousPage
[Fri Aug 22 09:03:46 UTC 2025][INFO] [Action] EE Scroll
[Fri Aug 22 09:03:47 UTC 2025][INFO] [Action] EE PreviousPage
[Fri Aug 22 09:03:47 UTC 2025][INFO] [Action] EE Scroll
[Fri Aug 22 09:03:47 UTC 2025][INFO] [Action] EE PreviousPage
[Fri Aug 22 09:03:47 UTC 2025][INFO] [Action] EE Scroll
[Fri Aug 22 09:03:48 UTC 2025][INFO] [Action] EE NextPage
[Fri Aug 22 09:03:52 UTC 2025][INFO] [Action] EE PreviousPage
[Fri Aug 22 09:03:52 UTC 2025][INFO] [Action] EE PreviousPage
[Fri Aug 22 09:03:52 UTC 2025][INFO] [Action] EE Scroll
[Fri Aug 22 09:03:53 UTC 2025][INFO] [Action] EE PreviousPage
[Fri Aug 22 09:03:53 UTC 2025][INFO] [Action] EE Scroll
[Fri Aug 22 09:03:53 UTC 2025][INFO] [Action] EE PreviousPage
[Fri Aug 22 09:03:53 UTC 2025][INFO] [Action] EE Scroll
[Fri Aug 22 09:03:53 UTC 2025][INFO] [Action] EE PreviousPage
[Fri Aug 22 09:03:53 UTC 2025][INFO] [Action] EE Scroll
[Fri Aug 22 09:03:54 UTC 2025][INFO] [Action] EE PreviousPage
[Fri Aug 22 09:03:54 UTC 2025][INFO] [Action] EE Scroll
[Fri Aug 22 09:03:54 UTC 2025][INFO] [Action] EE PreviousPage
[Fri Aug 22 09:03:54 UTC 2025][INFO] [Action] EE Scroll
[Fri Aug 22 09:03:54 UTC 2025][INFO] [Action] EE NextPage
[Fri Aug 22 09:03:55 UTC 2025][INFO] [Action] EE NextPage
[Fri Aug 22 09:03:55 UTC 2025][INFO] [Action] EE PreviousPage
[Fri Aug 22 09:03:56 UTC 2025][INFO] [Action] EE PreviousPage
[Fri Aug 22 09:03:59 UTC 2025][INFO] [Action] EE PreviousPage
[Fri Aug 22 09:03:59 UTC 2025][INFO] [Action] EE Scroll
[Fri Aug 22 09:04:02 UTC 2025][INFO] [Action] EE PreviousPage
[Fri Aug 22 09:04:02 UTC 2025][INFO] [Action] EE Scroll
[Fri Aug 22 09:04:03 UTC 2025][INFO] [Action] EE PreviousPage
[Fri Aug 22 09:04:03 UTC 2025][INFO] [Action] EE Scroll
[Fri Aug 22 09:04:03 UTC 2025][INFO] [Action] EE PreviousPage
[Fri Aug 22 09:04:03 UTC 2025][INFO] [Action] EE Scroll
[Fri Aug 22 09:04:04 UTC 2025][INFO] [Action] EE PreviousPage
[Fri Aug 22 09:04:04 UTC 2025][INFO] [Action] EE Scroll
[Fri Aug 22 09:04:04 UTC 2025][INFO] [Action] EE PreviousPage
[Fri Aug 22 09:04:04 UTC 2025][INFO] [Action] EE Scroll
[Fri Aug 22 09:04:04 UTC 2025][INFO] [Action] EE PreviousPage
[Fri Aug 22 09:04:05 UTC 2025][INFO] [Action] EE Scroll
[Fri Aug 22 09:04:05 UTC 2025][INFO] [Action] EE PreviousPage
[Fri Aug 22 09:04:05 UTC 2025][INFO] [Action] EE Scroll
[Fri Aug 22 09:04:05 UTC 2025][INFO] [Action] EE PreviousPage
[Fri Aug 22 09:04:05 UTC 2025][INFO] [Action] EE Scroll
[Fri Aug 22 09:04:06 UTC 2025][INFO] [Action] EE PreviousPage
[Fri Aug 22 09:04:06 UTC 2025][INFO] [Action] EE Scroll
[Fri Aug 22 09:04:06 UTC 2025][INFO] [Action] EE PreviousPage
[Fri Aug 22 09:04:06 UTC 2025][INFO] [Action] EE Scroll
[Fri Aug 22 09:04:06 UTC 2025][INFO] [Action] EE PreviousPage
[Fri Aug 22 09:04:06 UTC 2025][INFO] [Action] EE Scroll
[Fri Aug 22 09:04:07 UTC 2025][INFO] [Action] EE PreviousPage
[Fri Aug 22 09:04:07 UTC 2025][INFO] [Action] EE Scroll
[Fri Aug 22 09:04:07 UTC 2025][INFO] [Action] EE PreviousPage
[Fri Aug 22 09:04:07 UTC 2025][INFO] [Action] EE Scroll
[Fri Aug 22 09:04:07 UTC 2025][INFO] [Action] EE PreviousPage
[Fri Aug 22 09:04:07 UTC 2025][INFO] [Action] EE Scroll
[Fri Aug 22 09:04:08 UTC 2025][INFO] [Action] EE PreviousPage
[Fri Aug 22 09:04:08 UTC 2025][INFO] [Action] EE Scroll
[Fri Aug 22 09:04:08 UTC 2025][INFO] [Action] EE PreviousPage
[Fri Aug 22 09:04:08 UTC 2025][INFO] [Action] EE Scroll
[Fri Aug 22 09:04:08 UTC 2025][INFO] [Action] EE PreviousPage
[Fri Aug 22 09:04:09 UTC 2025][INFO] [Action] EE Scroll
[Fri Aug 22 09:04:09 UTC 2025][INFO] [Action] EE PreviousPage
[Fri Aug 22 09:04:09 UTC 2025][INFO] [Action] EE Scroll
[Fri Aug 22 09:04:09 UTC 2025][INFO] [Action] EE PreviousPage
[Fri Aug 22 09:04:09 UTC 2025][INFO] [Action] EE Scroll
[Fri Aug 22 09:04:09 UTC 2025][INFO] [Action] EE PreviousPage
[Fri Aug 22 09:04:10 UTC 2025][INFO] [Action] EE Scroll
[Fri Aug 22 09:04:10 UTC 2025][INFO] [Action] EE PreviousPage
[Fri Aug 22 09:04:10 UTC 2025][INFO] [Action] EE Scroll
[Fri Aug 22 09:04:10 UTC 2025][INFO] [Action] EE NextPage
[Fri Aug 22 09:04:12 UTC 2025][INFO] [Action] EE PreviousPage
[Fri Aug 22 09:04:13 UTC 2025][INFO] [Action] EE PreviousPage
[Fri Aug 22 09:04:13 UTC 2025][INFO] [Action] EE Scroll
[Fri Aug 22 09:04:13 UTC 2025][INFO] [Action] EE PreviousPage
[Fri Aug 22 09:04:13 UTC 2025][INFO] [Action] EE Scroll
[Fri Aug 22 09:04:14 UTC 2025][INFO] [Action] EE PreviousPage
[Fri Aug 22 09:04:14 UTC 2025][INFO] [Action] EE Scroll
[Fri Aug 22 09:04:14 UTC 2025][INFO] [Action] EE PreviousPage
[Fri Aug 22 09:04:14 UTC 2025][INFO] [Action] EE Scroll
[Fri Aug 22 09:04:15 UTC 2025][INFO] [Action] EE PreviousPage
[Fri Aug 22 09:04:15 UTC 2025][INFO] [Action] EE Scroll
[Fri Aug 22 09:04:16 UTC 2025][INFO] [Action] EE PreviousPage
[Fri Aug 22 09:04:16 UTC 2025][INFO] [Action] EE Scroll
[Fri Aug 22 09:04:16 UTC 2025][INFO] [Action] EE PreviousPage
[Fri Aug 22 09:04:17 UTC 2025][INFO] [Action] EE Scroll
[Fri Aug 22 09:04:17 UTC 2025][INFO] [Action] EE PreviousPage
[Fri Aug 22 09:04:17 UTC 2025][INFO] [Action] EE Scroll
[Fri Aug 22 09:04:17 UTC 2025][INFO] [Action] EE NextPage
[Fri Aug 22 09:04:26 UTC 2025][INFO] [Action] EE PreviousPage
[Fri Aug 22 09:04:26 UTC 2025][INFO] [Action] EE NextPage
[Fri Aug 22 09:04:28 UTC 2025][INFO] [Action] EE PreviousPage
[Fri Aug 22 09:04:28 UTC 2025][INFO] [Action] EE PreviousPage
[Fri Aug 22 09:04:28 UTC 2025][INFO] [Action] EE Scroll
[Fri Aug 22 09:04:29 UTC 2025][INFO] [Action] EE PreviousPage
[Fri Aug 22 09:04:29 UTC 2025][INFO] [Action] EE Scroll
[Fri Aug 22 09:04:29 UTC 2025][INFO] [Action] EE PreviousPage
[Fri Aug 22 09:04:29 UTC 2025][INFO] [Action] EE Scroll
[Fri Aug 22 09:04:29 UTC 2025][INFO] [Action] EE PreviousPage
[Fri Aug 22 09:04:29 UTC 2025][INFO] [Action] EE Scroll
[Fri Aug 22 09:04:30 UTC 2025][INFO] [Action] EE PreviousPage
[Fri Aug 22 09:04:30 UTC 2025][INFO] [Action] EE Scroll
[Fri Aug 22 09:04:30 UTC 2025][INFO] [Action] EE PreviousPage
[Fri Aug 22 09:04:30 UTC 2025][INFO] [Action] EE Scroll
[Fri Aug 22 09:04:31 UTC 2025][INFO] [Action] EE NextPage
[Fri Aug 22 09:04:31 UTC 2025][INFO] [Action] EE NextPage
[Fri Aug 22 09:04:31 UTC 2025][INFO] [Action] EE PreviousPage
[Fri Aug 22 09:04:32 UTC 2025][INFO] [Action] EE PreviousPage
[Fri Aug 22 09:04:38 UTC 2025][INFO] [Action] EE PreviousPage
[Fri Aug 22 09:04:38 UTC 2025][INFO] [Action] EE Scroll
[Fri Aug 22 09:04:40 UTC 2025][INFO] [Action] EE PreviousPage
[Fri Aug 22 09:04:40 UTC 2025][INFO] [Action] EE Scroll
[Fri Aug 22 09:04:41 UTC 2025][INFO] [Action] EE PreviousPage
[Fri Aug 22 09:04:41 UTC 2025][INFO] [Action] EE Scroll
[Fri Aug 22 09:04:41 UTC 2025][INFO] [Action] EE PreviousPage
[Fri Aug 22 09:04:42 UTC 2025][INFO] [Action] EE Scroll
[Fri Aug 22 09:04:42 UTC 2025][INFO] [Action] EE PreviousPage
[Fri Aug 22 09:04:42 UTC 2025][INFO] [Action] EE Scroll
[Fri Aug 22 09:04:42 UTC 2025][INFO] [Action] EE PreviousPage
[Fri Aug 22 09:04:42 UTC 2025][INFO] [Action] EE Scroll
[Fri Aug 22 09:04:43 UTC 2025][INFO] [Action] EE PreviousPage
[Fri Aug 22 09:04:43 UTC 2025][INFO] [Action] EE Scroll
[Fri Aug 22 09:04:43 UTC 2025][INFO] [Action] EE PreviousPage
[Fri Aug 22 09:04:43 UTC 2025][INFO] [Action] EE Scroll
[Fri Aug 22 09:04:43 UTC 2025][INFO] [Action] EE PreviousPage
[Fri Aug 22 09:04:43 UTC 2025][INFO] [Action] EE Scroll
[Fri Aug 22 09:04:44 UTC 2025][INFO] [Action] EE PreviousPage
[Fri Aug 22 09:04:44 UTC 2025][INFO] [Action] EE Scroll
[Fri Aug 22 09:04:44 UTC 2025][INFO] [Action] EE PreviousPage
[Fri Aug 22 09:04:44 UTC 2025][INFO] [Action] EE Scroll
[Fri Aug 22 09:04:45 UTC 2025][INFO] [Action] EE PreviousPage
[Fri Aug 22 09:04:45 UTC 2025][INFO] [Action] EE Scroll
[Fri Aug 22 09:04:45 UTC 2025][INFO] [Action] EE NextPage
[Fri Aug 22 09:04:45 UTC 2025][INFO] [Action] EE NextPage
[Fri Aug 22 09:04:46 UTC 2025][INFO] [Action] EE PreviousPage
[Fri Aug 22 09:04:47 UTC 2025][INFO] [Action] EE PreviousPage
[Fri Aug 22 09:04:48 UTC 2025][INFO] [Action] EE PreviousPage
[Fri Aug 22 09:04:49 UTC 2025][INFO] [Action] EE Scroll
[Fri Aug 22 09:04:49 UTC 2025][INFO] [Action] EE PreviousPage
[Fri Aug 22 09:04:49 UTC 2025][INFO] [Action] EE Scroll
[Fri Aug 22 09:04:49 UTC 2025][INFO] [Action] EE PreviousPage
[Fri Aug 22 09:04:50 UTC 2025][INFO] [Action] EE Scroll
[Fri Aug 22 09:04:50 UTC 2025][INFO] [Action] EE NextPage
[Fri Aug 22 09:04:51 UTC 2025][INFO] [Action] EE PreviousPage
[Fri Aug 22 09:04:52 UTC 2025][INFO] [Action] EE PreviousPage
[Fri Aug 22 09:04:52 UTC 2025][INFO] [Action] EE Scroll
[Fri Aug 22 09:04:52 UTC 2025][INFO] [Action] EE PreviousPage
[Fri Aug 22 09:04:52 UTC 2025][INFO] [Action] EE Scroll
[Fri Aug 22 09:04:53 UTC 2025][INFO] [Action] EE PreviousPage
[Fri Aug 22 09:04:53 UTC 2025][INFO] [Action] EFail PreviousPage - 4
[Fri Aug 22 09:04:53 UTC 2025][INFO] [Action] EE NextPage
[Fri Aug 22 09:04:54 UTC 2025][INFO] [Action] EE NextPage
[Fri Aug 22 09:04:54 UTC 2025][INFO] [Action] EE NextPage
[Fri Aug 22 09:04:54 UTC 2025][INFO] [Action] EE Scroll
[Fri Aug 22 09:04:54 UTC 2025][INFO] [Action] EE NextPage
[Fri Aug 22 09:04:54 UTC 2025][INFO] [Action] EE Scroll
[Fri Aug 22 09:04:55 UTC 2025][INFO] [Action] EE NextPage
[Fri Aug 22 09:04:55 UTC 2025][INFO] [Action] EE Scroll
[Fri Aug 22 09:04:55 UTC 2025][INFO] [Action] EE NextPage
[Fri Aug 22 09:04:55 UTC 2025][INFO] [Action] EE Scroll
[Fri Aug 22 09:04:55 UTC 2025][INFO] [Action] EE NextPage
[Fri Aug 22 09:04:55 UTC 2025][INFO] [Action] EE Scroll
[Fri Aug 22 09:04:56 UTC 2025][INFO] [Action] EE NextPage
[Fri Aug 22 09:04:56 UTC 2025][INFO] [Action] EE Scroll
[Fri Aug 22 09:04:56 UTC 2025][INFO] [Action] EE NextPage
[Fri Aug 22 09:04:56 UTC 2025][INFO] [Action] EE Scroll
[Fri Aug 22 09:04:56 UTC 2025][INFO] [Action] EE NextPage
[Fri Aug 22 09:04:56 UTC 2025][INFO] [Action] EE Scroll
[Fri Aug 22 09:04:57 UTC 2025][INFO] [Action] EE NextPage
[Fri Aug 22 09:04:57 UTC 2025][INFO] [Action] EE Scroll
[Fri Aug 22 09:04:57 UTC 2025][INFO] [Action] EE NextPage
[Fri Aug 22 09:04:57 UTC 2025][INFO] [Action] EE Scroll
[Fri Aug 22 09:04:58 UTC 2025][INFO] [Action] EE NextPage
[Fri Aug 22 09:04:58 UTC 2025][INFO] [Action] EE Scroll
[Fri Aug 22 09:04:58 UTC 2025][INFO] [Action] EE NextPage
[Fri Aug 22 09:04:58 UTC 2025][INFO] [Action] EE Scroll
[Fri Aug 22 09:04:58 UTC 2025][INFO] [Action] EE NextPage
[Fri Aug 22 09:04:58 UTC 2025][INFO] [Action] EE Scroll
[Fri Aug 22 09:04:59 UTC 2025][INFO] [Action] EE NextPage
[Fri Aug 22 09:04:59 UTC 2025][INFO] [Action] EE Scroll
[Fri Aug 22 09:04:59 UTC 2025][INFO] [Action] EE NextPage
[Fri Aug 22 09:04:59 UTC 2025][INFO] [Action] EE Scroll
[Fri Aug 22 09:04:59 UTC 2025][INFO] [Action] EE NextPage
[Fri Aug 22 09:04:59 UTC 2025][INFO] [Action] EE Scroll
[Fri Aug 22 09:05:00 UTC 2025][INFO] [Action] EE NextPage
[Fri Aug 22 09:05:00 UTC 2025][INFO] [Action] EE Scroll
[Fri Aug 22 09:05:00 UTC 2025][INFO] [Action] EE NextPage
[Fri Aug 22 09:05:00 UTC 2025][INFO] [Action] EE Scroll
[Fri Aug 22 09:05:00 UTC 2025][INFO] [Action] EE NextPage
[Fri Aug 22 09:05:00 UTC 2025][INFO] [Action] EE Scroll
[Fri Aug 22 09:05:01 UTC 2025][INFO] [Action] EE NextPage
[Fri Aug 22 09:05:01 UTC 2025][INFO] [Action] EE Scroll
[Fri Aug 22 09:05:01 UTC 2025][INFO] [Action] EE NextPage
[Fri Aug 22 09:05:01 UTC 2025][INFO] [Action] EE Scroll
[Fri Aug 22 09:05:01 UTC 2025][INFO] [Action] EE NextPage
[Fri Aug 22 09:05:01 UTC 2025][INFO] [Action] EE Scroll
[Fri Aug 22 09:05:01 UTC 2025][INFO] [Action] EE NextPage
[Fri Aug 22 09:05:02 UTC 2025][INFO] [Action] EE Scroll
[Fri Aug 22 09:05:02 UTC 2025][INFO] [Action] EE NextPage
[Fri Aug 22 09:05:02 UTC 2025][INFO] [Action] EE Scroll
[Fri Aug 22 09:05:57 UTC 2025][INFO] [Action] EE PreviousPage
[Fri Aug 22 09:05:58 UTC 2025][INFO] [Action] EE PreviousPage
[Fri Aug 22 09:05:59 UTC 2025][INFO] [Action] EE NextPage
[Fri Aug 22 09:05:59 UTC 2025][INFO] [Action] EE PreviousPage
[Fri Aug 22 09:05:59 UTC 2025][INFO] [Action] EE PreviousPage
[Fri Aug 22 09:06:00 UTC 2025][INFO] [Action] EE Scroll
[Fri Aug 22 09:06:00 UTC 2025][INFO] [Action] EE PreviousPage
[Fri Aug 22 09:06:00 UTC 2025][INFO] [Action] EE Scroll
[Fri Aug 22 09:06:00 UTC 2025][INFO] [Action] EE PreviousPage
[Fri Aug 22 09:06:00 UTC 2025][INFO] [Action] EE Scroll
[Fri Aug 22 09:06:01 UTC 2025][INFO] [Action] EE PreviousPage
[Fri Aug 22 09:06:01 UTC 2025][INFO] [Action] EE Scroll
[Fri Aug 22 09:06:01 UTC 2025][INFO] [Action] EE PreviousPage
[Fri Aug 22 09:06:01 UTC 2025][INFO] [Action] EE Scroll
[Fri Aug 22 09:06:01 UTC 2025][INFO] [Action] EE PreviousPage
[Fri Aug 22 09:06:01 UTC 2025][INFO] [Action] EE Scroll
[Fri Aug 22 09:06:02 UTC 2025][INFO] [Action] EE PreviousPage
[Fri Aug 22 09:06:02 UTC 2025][INFO] [Action] EE Scroll
[Fri Aug 22 09:06:02 UTC 2025][INFO] [Action] EE PreviousPage
[Fri Aug 22 09:06:02 UTC 2025][INFO] [Action] EE Scroll
[Fri Aug 22 09:06:04 UTC 2025][INFO] [Action] EE PreviousPage
[Fri Aug 22 09:06:04 UTC 2025][INFO] [Action] EE Scroll
[Fri Aug 22 09:06:05 UTC 2025][INFO] [Action] EE PreviousPage
[Fri Aug 22 09:06:05 UTC 2025][INFO] [Action] EE Scroll
[Fri Aug 22 09:06:05 UTC 2025][INFO] [Action] EE PreviousPage
[Fri Aug 22 09:06:05 UTC 2025][INFO] [Action] EE Scroll
[Fri Aug 22 09:06:06 UTC 2025][INFO] [Action] EE PreviousPage
[Fri Aug 22 09:06:06 UTC 2025][INFO] [Action] EE Scroll
[Fri Aug 22 09:06:06 UTC 2025][INFO] [Action] EE PreviousPage
[Fri Aug 22 09:06:06 UTC 2025][INFO] [Action] EE Scroll
[Fri Aug 22 09:06:06 UTC 2025][INFO] [Action] EE PreviousPage
[Fri Aug 22 09:06:06 UTC 2025][INFO] [Action] EE Scroll
[Fri Aug 22 09:06:06 UTC 2025][INFO] [Action] EE PreviousPage
[Fri Aug 22 09:06:07 UTC 2025][INFO] [Action] EE Scroll
[Fri Aug 22 09:06:07 UTC 2025][INFO] [Action] EE PreviousPage
[Fri Aug 22 09:06:07 UTC 2025][INFO] [Action] EE Scroll
[Fri Aug 22 09:06:07 UTC 2025][INFO] [Action] EE PreviousPage
[Fri Aug 22 09:06:07 UTC 2025][INFO] [Action] EE Scroll
[Fri Aug 22 09:06:07 UTC 2025][INFO] [Action] EE PreviousPage
[Fri Aug 22 09:06:07 UTC 2025][INFO] [Action] EE Scroll
[Fri Aug 22 09:06:08 UTC 2025][INFO] [Action] EE NextPage
[Fri Aug 22 09:06:08 UTC 2025][INFO] [Action] EE PreviousPage
[Fri Aug 22 09:06:09 UTC 2025][INFO] [Action] EE PreviousPage
[Fri Aug 22 09:06:09 UTC 2025][INFO] [Action] EE Scroll
[Fri Aug 22 09:06:10 UTC 2025][INFO] [Action] EE PreviousPage
[Fri Aug 22 09:06:10 UTC 2025][INFO] [Action] EE Scroll
[Fri Aug 22 09:06:16 UTC 2025][INFO] [Action] EE PreviousPage
[Fri Aug 22 09:06:16 UTC 2025][INFO] [Action] EE PreviousPage
[Fri Aug 22 09:06:16 UTC 2025][INFO] [Action] EE PreviousPage
[Fri Aug 22 09:06:16 UTC 2025][INFO] [Action] EE PreviousPage
[Fri Aug 22 09:06:16 UTC 2025][INFO] [Action] EE PreviousPage
[Fri Aug 22 09:06:16 UTC 2025][INFO] [Action] EE PreviousPage
[Fri Aug 22 09:06:16 UTC 2025][INFO] [Action] EFail PreviousPage - 4
[Fri Aug 22 09:06:16 UTC 2025][INFO] [Action] EE Scroll
[Fri Aug 22 09:06:17 UTC 2025][INFO] [Action] EE PreviousPage
[Fri Aug 22 09:06:17 UTC 2025][INFO] [Action] EFail PreviousPage - 4
[Fri Aug 22 09:06:17 UTC 2025][INFO] [Action] EE PreviousPage
[Fri Aug 22 09:06:17 UTC 2025][INFO] [Action] EFail PreviousPage - 4
[Fri Aug 22 09:06:17 UTC 2025][INFO] [Action] EE PreviousPage
[Fri Aug 22 09:06:17 UTC 2025][INFO] [Action] EFail PreviousPage - 4
[Fri Aug 22 09:06:17 UTC 2025][INFO] [Action] EE PreviousPage
[Fri Aug 22 09:06:17 UTC 2025][INFO] [Action] EFail PreviousPage - 4
[Fri Aug 22 09:06:17 UTC 2025][INFO] [Action] EE PreviousPage
[Fri Aug 22 09:06:17 UTC 2025][INFO] [Action] EFail PreviousPage - 4
[Fri Aug 22 09:06:17 UTC 2025][INFO] [Action] EE PreviousPage
[Fri Aug 22 09:06:17 UTC 2025][INFO] [Action] EFail PreviousPage - 4
[Fri Aug 22 09:06:17 UTC 2025][INFO] [Action] EE PreviousPage
[Fri Aug 22 09:06:17 UTC 2025][INFO] [Action] EFail PreviousPage - 4
[Fri Aug 22 09:06:17 UTC 2025][INFO] [Action] EE PreviousPage
[Fri Aug 22 09:06:17 UTC 2025][INFO] [Action] EFail PreviousPage - 4
[Fri Aug 22 09:06:17 UTC 2025][INFO] [Action] EE PreviousPage
[Fri Aug 22 09:06:17 UTC 2025][INFO] [Action] EFail PreviousPage - 4
[Fri Aug 22 09:06:17 UTC 2025][INFO] [Action] EE PreviousPage
[Fri Aug 22 09:06:17 UTC 2025][INFO] [Action] EFail PreviousPage - 4
[Fri Aug 22 09:06:18 UTC 2025][INFO] [Action] EE PreviousPage
[Fri Aug 22 09:06:18 UTC 2025][INFO] [Action] EFail PreviousPage - 4
[Fri Aug 22 09:06:18 UTC 2025][INFO] [Action] EE PreviousPage
[Fri Aug 22 09:06:18 UTC 2025][INFO] [Action] EFail PreviousPage - 4
[Fri Aug 22 09:06:18 UTC 2025][INFO] [Action] EE PreviousPage
[Fri Aug 22 09:06:18 UTC 2025][INFO] [Action] EFail PreviousPage - 4
[Fri Aug 22 09:06:18 UTC 2025][INFO] [Action] EE PreviousPage
[Fri Aug 22 09:06:18 UTC 2025][INFO] [Action] EFail PreviousPage - 4
[Fri Aug 22 09:06:18 UTC 2025][INFO] [Action] EE PreviousPage
[Fri Aug 22 09:06:18 UTC 2025][INFO] [Action] EFail PreviousPage - 4
[Fri Aug 22 09:06:18 UTC 2025][INFO] [Action] EE NextPage
[Fri Aug 22 09:06:18 UTC 2025][INFO] [Action] EE PreviousPage
[Fri Aug 22 09:06:19 UTC 2025][INFO] [Action] EE PreviousPage
[Fri Aug 22 09:06:19 UTC 2025][INFO] [Action] EFail PreviousPage - 4
[Fri Aug 22 09:06:19 UTC 2025][INFO] [Action] EE PreviousPage
[Fri Aug 22 09:06:19 UTC 2025][INFO] [Action] EFail PreviousPage - 4
[Fri Aug 22 09:06:19 UTC 2025][INFO] [Action] EE PreviousPage
[Fri Aug 22 09:06:19 UTC 2025][INFO] [Action] EFail PreviousPage - 4
[Fri Aug 22 09:06:19 UTC 2025][INFO] [Action] EE PreviousPage
[Fri Aug 22 09:06:19 UTC 2025][INFO] [Action] EFail PreviousPage - 4
[Fri Aug 22 09:06:19 UTC 2025][INFO] [Action] EE PreviousPage
[Fri Aug 22 09:06:19 UTC 2025][INFO] [Action] EFail PreviousPage - 4
[Fri Aug 22 09:06:19 UTC 2025][INFO] [Action] EE PreviousPage
[Fri Aug 22 09:06:19 UTC 2025][INFO] [Action] EFail PreviousPage - 4
[Fri Aug 22 09:06:19 UTC 2025][INFO] [Action] EE PreviousPage
[Fri Aug 22 09:06:19 UTC 2025][INFO] [Action] EFail PreviousPage - 4
[Fri Aug 22 09:06:19 UTC 2025][INFO] [Action] EE PreviousPage
[Fri Aug 22 09:06:19 UTC 2025][INFO] [Action] EFail PreviousPage - 4
[Fri Aug 22 09:06:19 UTC 2025][INFO] [Action] EE PreviousPage
[Fri Aug 22 09:06:19 UTC 2025][INFO] [Action] EFail PreviousPage - 4
[Fri Aug 22 09:06:19 UTC 2025][INFO] [Action] EE NextPage
[Fri Aug 22 09:06:19 UTC 2025][INFO] [Action] EE PreviousPage
[Fri Aug 22 09:06:19 UTC 2025][INFO] [Action] EE PreviousPage
[Fri Aug 22 09:06:19 UTC 2025][INFO] [Action] EFail PreviousPage - 4
[Fri Aug 22 09:06:21 UTC 2025][INFO] [Action] EE NextPage
[Fri Aug 22 09:06:21 UTC 2025][INFO] [Action] EE NextPage
[Fri Aug 22 09:06:21 UTC 2025][INFO] [Action] EE NextPage
[Fri Aug 22 09:06:21 UTC 2025][INFO] [Action] EE Scroll
[Fri Aug 22 09:06:21 UTC 2025][INFO] [Action] EE NextPage
[Fri Aug 22 09:06:22 UTC 2025][INFO] [Action] EE Scroll
[Fri Aug 22 09:06:22 UTC 2025][INFO] [Action] EE NextPage
[Fri Aug 22 09:06:22 UTC 2025][INFO] [Action] EE Scroll
[Fri Aug 22 09:06:22 UTC 2025][INFO] [Action] EE NextPage
[Fri Aug 22 09:06:22 UTC 2025][INFO] [Action] EE Scroll
[Fri Aug 22 09:06:23 UTC 2025][INFO] [Action] EE PreviousPage
[Fri Aug 22 09:06:37 UTC 2025][INFO] [Action] EE NextPage
[Fri Aug 22 09:06:37 UTC 2025][INFO] [Action] EE NextPage
[Fri Aug 22 09:06:37 UTC 2025][INFO] [Action] EE Scroll
[Fri Aug 22 09:06:38 UTC 2025][INFO] [Action] EE NextPage
[Fri Aug 22 09:06:38 UTC 2025][INFO] [Action] EE Scroll
[Fri Aug 22 09:06:38 UTC 2025][INFO] [Action] EE NextPage
[Fri Aug 22 09:06:38 UTC 2025][INFO] [Action] EE Scroll
[Fri Aug 22 09:06:39 UTC 2025][INFO] [Action] EE NextPage
[Fri Aug 22 09:06:39 UTC 2025][INFO] [Action] EE Scroll
[Fri Aug 22 09:06:39 UTC 2025][INFO] [Action] EE NextPage
[Fri Aug 22 09:06:39 UTC 2025][INFO] [Action] EE Scroll
[Fri Aug 22 09:06:39 UTC 2025][INFO] [Action] EE NextPage
[Fri Aug 22 09:06:40 UTC 2025][INFO] [Action] EE Scroll
[Fri Aug 22 09:06:40 UTC 2025][INFO] [Action] EE NextPage
[Fri Aug 22 09:06:40 UTC 2025][INFO] [Action] EE Scroll
[Fri Aug 22 09:06:40 UTC 2025][INFO] [Action] EE NextPage
[Fri Aug 22 09:06:40 UTC 2025][INFO] [Action] EE Scroll
[Fri Aug 22 09:06:40 UTC 2025][INFO] [Action] EE NextPage
[Fri Aug 22 09:06:40 UTC 2025][INFO] [Action] EE Scroll
[Fri Aug 22 09:06:41 UTC 2025][INFO] [Action] EE NextPage
[Fri Aug 22 09:06:41 UTC 2025][INFO] [Action] EE Scroll
[Fri Aug 22 09:06:41 UTC 2025][INFO] [Action] EE NextPage
[Fri Aug 22 09:06:41 UTC 2025][INFO] [Action] EE Scroll
[Fri Aug 22 09:06:41 UTC 2025][INFO] [Action] EE NextPage
[Fri Aug 22 09:06:41 UTC 2025][INFO] [Action] EE Scroll
[Fri Aug 22 09:06:44 UTC 2025][INFO] [Action] E SaveBook - Save
[Fri Aug 22 09:06:55 UTC 2025][INFO] Logger Terminated
[Sun Oct 19 10:19:24 UTC 2025][INFO] [Action] EE OpenBook - Environmental, Social, and Governance - Ch 1-5 - edited_KC.kcb
[Sun Oct 19 10:19:27 UTC 2025][INFO] [Action] E SaveBook - Save
[Sun Oct 19 10:19:28 UTC 2025][INFO] Logger Terminated
[Sun Oct 19 10:20:47 UTC 2025][INFO] [Action] EE OpenBook - Environmental, Social, and Governance - Ch 1-5 - edited_KC.kcb
[Sun Oct 19 10:20:51 UTC 2025][INFO] [Action] E SaveBook - Save
[Sun Oct 19 10:20:51 UTC 2025][INFO] Logger Terminated
[Sun Sep 20 09:24:00 UTC 2026][INFO] [Action] EE OpenBook - Environmental, Social, and Governance - Ch 1-5 - edited_KC.kcb
[Sun Sep 20 09:24:06 UTC 2026][INFO] [Action] E ItemChanged - 1,6
[Sun Sep 20 09:24:07 UTC 2026][INFO] [Action] E ItemChanged - 2,10
[Sun Sep 20 09:24:08 UTC 2026][INFO] [Action] EE Scroll
[Sun Sep 20 09:24:08 UTC 2026][INFO] [Action] E ItemChanged - 22,90
[Sun Sep 20 09:24:09 UTC 2026][INFO] [Action] EE Scroll
[Sun Sep 20 09:24:09 UTC 2026][INFO] [Action] E ItemChanged - 33,134
[Sun Sep 20 09:24:10 UTC 2026][INFO] [Action] EE Scroll
[Sun Sep 20 09:24:10 UTC 2026][INFO] [Action] E ItemChanged - 52,210
[Sun Sep 20 09:24:11 UTC 2026][INFO] [Action] EE Scroll
[Sun Sep 20 09:24:11 UTC 2026][INFO] [Action] E ItemChanged - 68,274
[Sun Sep 20 09:24:12 UTC 2026][INFO] [Action] EE Scroll
[Sun Sep 20 09:24:13 UTC 2026][INFO] [Action] E ItemChanged - 76,306
[Sun Sep 20 09:24:13 UTC 2026][INFO] [Action] EE Scroll
[Sun Sep 20 09:24:14 UTC 2026][INFO] [Action] E ItemChanged - 92,370
[Sun Sep 20 09:24:15 UTC 2026][INFO] [Action] EE Scroll
[Sun Sep 20 09:24:15 UTC 2026][INFO] [Action] EE Scroll
[Sun Sep 20 09:24:15 UTC 2026][INFO] [Action] E ItemChanged - 104,418
[Sun Sep 20 09:24:16 UTC 2026][INFO] [Action] E ItemChanged - 105,422
[Sun Sep 20 09:24:18 UTC 2026][INFO] [Action] E SaveBook - Save
[Sun Sep 20 09:24:18 UTC 2026][INFO] Logger Terminated
