[Fri Dec 12 12:40:35 UTC 2025][INFO] [Action] EE NewBook
[Fri Dec 12 12:40:48 UTC 2025][INFO] [Action] E AutoChapterGroupAction - 0
[Fri Dec 12 12:40:54 UTC 2025][INFO] [Action] E AutoChapterGroupAction - 1
[Fri Dec 12 12:40:59 UTC 2025][INFO] [Action] E ItemChanged - -1,1
[Fri Dec 12 12:41:12 UTC 2025][INFO] [Action] E ConvertGenericPageAction - 9,0
[Fri Dec 12 12:41:14 UTC 2025][INFO] [Action] E ItemChanged - -1,71
[Fri Dec 12 12:41:14 UTC 2025][INFO] [Action] E ItemChanged - -1,71
[Fri Dec 12 12:42:01 UTC 2025][INFO] [Action] E ItemChanged - -1,1
[Fri Dec 12 12:42:03 UTC 2025][INFO] [Action] E DeleteContent - (r,1,69),B
[Fri Dec 12 12:42:47 UTC 2025][INFO] [Action] E FixedFormAction - MCwwLFBST1AtTElTVDp7ImNvbXBvbmVudHMiOlt7Im5hbWUiOiJib29rX3RpdGxlIiwidHlwZSI6InRleHQiLCJ2YWx1ZSI6IlVwbGlmdCJ9LHsibmFtZSI6ImJvb2tfc3VidGl0bGUiLCJ0eXBlIjoidGV4dCIsInZhbHVlIjoiQSBNZXRob2RvbG9neSBmb3IgUHJvZ3Jlc3NpdmUgVGVhbSBNYW5hZ2VtZW50In0seyJuYW1lIjoiYXV0aG9yX25hbWUiLCJ0eXBlIjoidGV4dCIsInZhbHVlIjoiQWhtYWQgQmFzc2FtIFNhbGVtIn0seyJuYW1lIjoicHVibGlzaGVyIiwidHlwZSI6InRleHQiLCJ2YWx1ZSI6IiJ9LHsibmFtZSI6InB1Ymxpc2hlcl9sb2dvIiwidHlwZSI6ImltYWdlIiwidmFsdWUiOiIifV0sInBhZ2VfdHlwZSI6InRpdGxlX3BhZ2UifQo=
[Fri Dec 12 12:44:32 UTC 2025][INFO] [Action] E FixedFormAction - MCwxLFBST1AtTElTVDp7ImNvbXBvbmVudHMiOlt7Im5hbWUiOiJjb3B5cmlnaHRfb3duZXIiLCJ0eXBlIjoidGV4dCIsInZhbHVlIjoiQWhtYWQgQmFzc2FtIFNhbGVtIn0seyJuYW1lIjoiY29weXJpZ2h0X3llYXIiLCJ0eXBlIjoidGV4dCIsInZhbHVlIjoiMjAyNSJ9LHsibmFtZSI6ImNvcHlyaWdodF90ZXh0IiwidHlwZSI6InRleHQiLCJ2YWx1ZSI6IkFsbCByaWdodHMgcmVzZXJ2ZWQuXG5cbk5vIHBhcnQgb2YgdGhpcyBwdWJsaWNhdGlvbiBtYXkgYmUgcmVwcm9kdWNlZCwgZGlzdHJpYnV0ZWQsIG9yIHRyYW5zbWl0dGVkIGluIGFueSBmb3JtIG9yIGJ5IGFueSBtZWFucywgaW5jbHVkaW5nIHBob3RvY29weWluZywgcmVjb3JkaW5nLCBvciBvdGhlciBlbGVjdHJvbmljIG9yIG1lY2hhbmljYWwgbWV0aG9kcywgd2l0aG91dCB0aGUgcHJpb3Igd3JpdHRlbiBwZXJtaXNzaW9uIG9mIHRoZSBwdWJsaXNoZXIsIGV4Y2VwdCBpbiB0aGUgY2FzZSBvZiBicmllZiBxdW90YXRpb25zIGVtYm9kaWVkIGluIGNyaXRpY2FsIHJldmlld3MgYW5kIGNlcnRhaW4gb3RoZXIgbm9uY29tbWVyY2lhbCB1c2VzIHBlcm1pdHRlZCBieSBjb3B5cmlnaHQgbGF3LlxuXG5GaXJzdCBFZGl0aW9uIOKAkyAyMDI1XG5cblVwbGlmdDogQSBNZXRob2RvbG9neSBmb3IgUHJvZ3Jlc3NpdmUgVGVhbSBNYW5hZ2VtZW50XG5Xcml0dGVuIGJ5IEFobWFkIEJhc3NhbSBTYWxlbSAifV0sInBhZ2VfdHlwZSI6ImNvcHlyaWdodCJ9Cg==
[Fri Dec 12 12:44:54 UTC 2025][INFO] [Action] E FixedFormAction - MCwxLFBST1AtTElTVDp7ImNvbXBvbmVudHMiOlt7Im5hbWUiOiJkZWRpY2F0aW9uX3RleHQiLCJ0eXBlIjoidGV4dCIsInZhbHVlIjoiVG8gVGFsaW5lLiJ9XSwicGFnZV90eXBlIjoiZGVkaWNhdGlvbiJ9Cg==
[Fri Dec 12 12:45:07 UTC 2025][INFO] [Action] E ItemChanged - -1,617
[Fri Dec 12 12:45:09 UTC 2025][INFO] [Action] E DeleteContent - (r,617,1134),B
[Fri Dec 12 12:45:10 UTC 2025][INFO] [Action] E ItemChanged - -1,617
[Fri Dec 12 12:45:11 UTC 2025][INFO] [Action] E DeleteContent - (r,617,636),B
[Fri Dec 12 12:45:12 UTC 2025][INFO] [Action] E ItemChanged - -1,617
[Fri Dec 12 12:45:13 UTC 2025][INFO] [Action] E ItemChanged - -1,617
[Fri Dec 12 12:45:29 UTC 2025][INFO] [Action] E ItemChanged - -1,5228
[Fri Dec 12 12:45:30 UTC 2025][INFO] [Action] E ItemChanged - -1,5228
[Fri Dec 12 12:45:37 UTC 2025][INFO] [Action] E ConvertGenericPageAction - 12,4
[Fri Dec 12 12:45:39 UTC 2025][INFO] [Action] E ItemChanged - -1,185919
[Fri Dec 12 12:45:43 UTC 2025][INFO] [Action] E ItemChanged - -1,185919
[Fri Dec 12 12:45:49 UTC 2025][INFO] [Action] E ItemChanged - -1,5228
[Fri Dec 12 12:45:49 UTC 2025][INFO] [Action] E ItemChanged - -1,5228
[Fri Dec 12 12:45:52 UTC 2025][INFO] [Action] E ConvertGenericPageAction - 6,4
[Fri Dec 12 12:45:54 UTC 2025][INFO] [Action] E ItemChanged - -1,617
[Fri Dec 12 12:45:59 UTC 2025][INFO] [Action] E ItemChanged - -1,4331
[Fri Dec 12 12:46:00 UTC 2025][INFO] [Action] E ItemChanged - -1,4331
[Fri Dec 12 12:46:16 UTC 2025][INFO] [Action] E ItemChanged - -1,617
[Fri Dec 12 12:46:22 UTC 2025][INFO] [Action] E ItemChanged - -1,8942
[Fri Dec 12 12:47:18 UTC 2025][INFO] [Action] E ItemChanged - -1,8942
[Fri Dec 12 12:47:19 UTC 2025][INFO] [Action] E ItemChanged - -1,8942
[Fri Dec 12 12:47:19 UTC 2025][INFO] [Action] E ItemChanged - -1,8942
[Fri Dec 12 12:47:24 UTC 2025][INFO] [Action] E ItemChanged - -1,8942
[Fri Dec 12 12:47:26 UTC 2025][INFO] [Action] E ItemChanged - -1,4331
[Fri Dec 12 12:47:30 UTC 2025][INFO] [Action] E ConvertGenericPageAction - 9,4
[Fri Dec 12 12:47:31 UTC 2025][INFO] [Action] E ItemChanged - -1,4331
[Fri Dec 12 12:47:33 UTC 2025][INFO] [Action] E ItemChanged - -1,617
[Fri Dec 12 12:47:34 UTC 2025][INFO] [Action] E ItemChanged - -1,4331
[Fri Dec 12 12:47:34 UTC 2025][INFO] [Action] EE MovePage - 3,1,44
[Fri Dec 12 12:48:25 UTC 2025][INFO] [Action] E ItemChanged - -1,5228
[Fri Dec 12 12:48:26 UTC 2025][INFO] [Action] E ItemChanged - -1,5228
[Fri Dec 12 12:48:27 UTC 2025][INFO] [Action] E ItemChanged - -1,617
[Fri Dec 12 12:48:29 UTC 2025][INFO] [Action] E ItemChanged - -1,8942
[Fri Dec 12 12:48:29 UTC 2025][INFO] [Action] E ItemChanged - -1,10002
[Fri Dec 12 12:48:30 UTC 2025][INFO] [Action] E ItemChanged - -1,9968
[Fri Dec 12 12:48:40 UTC 2025][INFO] [Action] E UpdateStyle - (c,9968,1),47:0.250000:2,(r,9968,9968),F
[Fri Dec 12 12:48:40 UTC 2025][INFO] [Action] E UpdateStyle - (c,9968,1),47:0.500000:2,(r,9968,9968),F
[Fri Dec 12 12:48:40 UTC 2025][INFO] [Action] E UpdateStyle - (c,9968,1),47:0.750000:2,(r,9968,9968),F
[Fri Dec 12 12:48:40 UTC 2025][INFO] [Action] E UpdateStyle - (c,9968,1),47:1.000000:2,(r,9968,9968),F
[Fri Dec 12 12:48:40 UTC 2025][INFO] [Action] E UpdateStyle - (c,9968,1),47:1.250000:2,(r,9968,9968),F
[Fri Dec 12 12:48:41 UTC 2025][INFO] [Action] E UpdateStyle - (c,9968,1),47:1.500000:2,(r,9968,9968),F
[Fri Dec 12 12:48:41 UTC 2025][INFO] [Action] E UpdateStyle - (c,9968,1),47:1.750000:2,(r,9968,9968),F
[Fri Dec 12 12:48:41 UTC 2025][INFO] [Action] E UpdateStyle - (c,9968,1),47:2.000000:2,(r,9968,9968),F
[Fri Dec 12 12:48:41 UTC 2025][INFO] [Action] E UpdateStyle - (c,9968,1),47:2.250000:2,(r,9968,9968),F
[Fri Dec 12 12:48:42 UTC 2025][INFO] [Action] E UpdateStyle - (c,9968,1),47:2.500000:2,(r,9968,9968),F
[Fri Dec 12 12:48:42 UTC 2025][INFO] [Action] E UpdateStyle - (c,9968,1),47:2.750000:2,(r,9968,9968),F
[Fri Dec 12 12:48:42 UTC 2025][INFO] [Action] E UpdateStyle - (c,9968,1),47:3.000000:2,(r,9968,9968),F
[Fri Dec 12 12:48:42 UTC 2025][INFO] [Action] E UpdateStyle - (c,9968,1),47:3.250000:2,(r,9968,9968),F
[Fri Dec 12 12:48:43 UTC 2025][INFO] [Action] E UpdateStyle - (c,9968,1),47:3.500000:2,(r,9968,9968),F
[Fri Dec 12 12:48:43 UTC 2025][INFO] [Action] E UpdateStyle - (c,9968,1),47:3.750000:2,(r,9968,9968),F
[Fri Dec 12 12:48:43 UTC 2025][INFO] [Action] E UpdateStyle - (c,9968,1),47:4.000000:2,(r,9968,9968),F
[Fri Dec 12 12:48:43 UTC 2025][INFO] [Action] E UpdateStyle - (c,9968,1),47:4.250000:2,(r,9968,9968),F
[Fri Dec 12 12:48:43 UTC 2025][INFO] [Action] E UpdateStyle - (c,9968,1),47:4.500000:2,(r,9968,9968),F
[Fri Dec 12 12:48:44 UTC 2025][INFO] [Action] E UpdateStyle - (c,9968,1),47:4.750000:2,(r,9968,9968),F
[Fri Dec 12 12:48:44 UTC 2025][INFO] [Action] E UpdateStyle - (c,9968,1),47:5.000000:2,(r,9968,9968),F
[Fri Dec 12 12:48:44 UTC 2025][INFO] [Action] E UpdateStyle - (c,9968,1),47:5.250000:2,(r,9968,9968),F
[Fri Dec 12 12:48:44 UTC 2025][INFO] [Action] E UpdateStyle - (c,9968,1),47:5.500000:2,(r,9968,9968),F
[Fri Dec 12 12:48:45 UTC 2025][INFO] [Action] E UpdateStyle - (c,9968,1),47:5.750000:2,(r,9968,9968),F
[Fri Dec 12 12:48:45 UTC 2025][INFO] [Action] E UpdateStyle - (c,9968,1),47:6.000000:2,(r,9968,9968),F
[Fri Dec 12 12:48:52 UTC 2025][INFO] [Action] E ItemChanged - -1,10002
[Fri Dec 12 12:48:55 UTC 2025][INFO] [Action] E ApplySemantics - (r,10002,10002),chapter_title
[Fri Dec 12 12:49:07 UTC 2025][INFO] [Action] E UpdateStyle - (c,10002,1),48:9.000000:2,(r,10002,10002),F
[Fri Dec 12 12:49:07 UTC 2025][INFO] [Action] E UpdateStyle - (c,10002,1),48:8.000000:2,(r,10002,10002),F
[Fri Dec 12 12:49:08 UTC 2025][INFO] [Action] E UpdateStyle - (c,10002,1),48:7.000000:2,(r,10002,10002),F
[Fri Dec 12 12:49:08 UTC 2025][INFO] [Action] E UpdateStyle - (c,10002,1),48:6.000000:2,(r,10002,10002),F
[Fri Dec 12 12:49:08 UTC 2025][INFO] [Action] E UpdateStyle - (c,10002,1),48:5.000000:2,(r,10002,10002),F
[Fri Dec 12 12:49:08 UTC 2025][INFO] [Action] E UpdateStyle - (c,10002,1),48:4.000000:2,(r,10002,10002),F
[Fri Dec 12 12:49:09 UTC 2025][INFO] [Action] E UpdateStyle - (c,10002,1),48:3.000000:2,(r,10002,10002),F
[Fri Dec 12 12:49:09 UTC 2025][INFO] [Action] E UpdateStyle - (c,10002,1),48:2.000000:2,(r,10002,10002),F
[Fri Dec 12 12:49:09 UTC 2025][INFO] [Action] E UpdateStyle - (c,10002,1),48:1.000000:2,(r,10002,10002),F
[Fri Dec 12 12:49:09 UTC 2025][INFO] [Action] E UpdateStyle - (c,10002,1),48:0.000000:2,(r,10002,10002),F
[Fri Dec 12 12:49:11 UTC 2025][INFO] [Action] E UpdateStyle - (c,10002,1),50:9.000000:2,(r,10002,10002),F
[Fri Dec 12 12:49:12 UTC 2025][INFO] [Action] E UpdateStyle - (c,10002,1),50:8.000000:2,(r,10002,10002),F
[Fri Dec 12 12:49:12 UTC 2025][INFO] [Action] E UpdateStyle - (c,10002,1),50:7.000000:2,(r,10002,10002),F
[Fri Dec 12 12:49:12 UTC 2025][INFO] [Action] E UpdateStyle - (c,10002,1),50:6.000000:2,(r,10002,10002),F
[Fri Dec 12 12:49:12 UTC 2025][INFO] [Action] E UpdateStyle - (c,10002,1),50:5.000000:2,(r,10002,10002),F
[Fri Dec 12 12:49:13 UTC 2025][INFO] [Action] E UpdateStyle - (c,10002,1),50:4.000000:2,(r,10002,10002),F
[Fri Dec 12 12:49:13 UTC 2025][INFO] [Action] E UpdateStyle - (c,10002,1),50:3.000000:2,(r,10002,10002),F
[Fri Dec 12 12:49:13 UTC 2025][INFO] [Action] E UpdateStyle - (c,10002,1),50:2.000000:2,(r,10002,10002),F
[Fri Dec 12 12:49:13 UTC 2025][INFO] [Action] E UpdateStyle - (c,10002,1),50:1.000000:2,(r,10002,10002),F
[Fri Dec 12 12:49:13 UTC 2025][INFO] [Action] E UpdateStyle - (c,10002,1),50:0.000000:2,(r,10002,10002),F
[Fri Dec 12 12:49:23 UTC 2025][INFO] [Action] E ItemChanged - -1,18868
[Fri Dec 12 12:49:26 UTC 2025][INFO] [Action] E ItemChanged - -1,10002
[Fri Dec 12 12:49:27 UTC 2025][INFO] [Action] E ItemChanged - -1,9968
[Fri Dec 12 12:49:29 UTC 2025][INFO] [Action] E ItemChanged - -1,8942
[Fri Dec 12 12:49:33 UTC 2025][INFO] [Action] E ItemChanged - -1,18868
[Fri Dec 12 12:49:38 UTC 2025][INFO] [Action] E ApplySemantics - (r,18868,18868),chapter_title
[Fri Dec 12 12:49:43 UTC 2025][INFO] [Action] E ItemChanged - -1,28827
[Fri Dec 12 12:49:47 UTC 2025][INFO] [Action] E ApplySemantics - (r,28827,28827),chapter_title
[Fri Dec 12 12:49:50 UTC 2025][INFO] [Action] E ItemChanged - -1,38184
[Fri Dec 12 12:49:52 UTC 2025][INFO] [Action] E ApplySemantics - (r,38184,38184),chapter_title
[Fri Dec 12 12:50:01 UTC 2025][INFO] [Action] E ItemChanged - -1,49990
[Fri Dec 12 12:50:03 UTC 2025][INFO] [Action] E ApplySemantics - (r,49990,49990),chapter_title
[Fri Dec 12 12:50:06 UTC 2025][INFO] [Action] E ItemChanged - -1,49990
[Fri Dec 12 12:50:07 UTC 2025][INFO] [Action] E ItemChanged - -1,38184
[Fri Dec 12 12:50:14 UTC 2025][INFO] [Action] E UpdateStyle - (c,38234,2),47:0.250000:2,(r,38234,38234),F
[Fri Dec 12 12:50:14 UTC 2025][INFO] [Action] E UpdateStyle - (c,38234,2),47:0.500000:2,(r,38234,38234),F
[Fri Dec 12 12:50:16 UTC 2025][INFO] [Action] E UpdateStyle - (c,38234,2),47:0.250000:2,(r,38234,38234),F
[Fri Dec 12 12:50:19 UTC 2025][INFO] [Action] E ItemChanged - -1,38184
[Fri Dec 12 12:50:20 UTC 2025][INFO] [Action] E ItemChanged - -1,28827
[Fri Dec 12 12:50:22 UTC 2025][INFO] [Action] E ItemChanged - -1,18868
[Fri Dec 12 12:50:24 UTC 2025][INFO] [Action] E ItemChanged - -1,10002
[Fri Dec 12 12:50:26 UTC 2025][INFO] [Action] E ItemChanged - -1,18868
[Fri Dec 12 12:50:30 UTC 2025][INFO] [Action] E UpdateStyle - (r,18903,18941),12:382:3,(r,18903,18941),F
[Fri Dec 12 12:50:35 UTC 2025][INFO] [Action] E ItemChanged - -1,28827
[Fri Dec 12 12:50:38 UTC 2025][INFO] [Action] E UpdateStyle - (r,28861,28891),12:382:3,(r,28861,28891),F
[Fri Dec 12 12:50:39 UTC 2025][INFO] [Action] E ItemChanged - -1,38184
[Fri Dec 12 12:50:41 UTC 2025][INFO] [Action] E ItemChanged - -1,49990
[Fri Dec 12 12:50:47 UTC 2025][INFO] [Action] E UpdateStyle - (r,50022,50063),12:382:3,(r,50022,50063),F
[Fri Dec 12 12:50:49 UTC 2025][INFO] [Action] E ItemChanged - -1,57876
[Fri Dec 12 12:50:57 UTC 2025][INFO] [Action] E UpdateStyle - (c,57876,1),47:6.000000:2,(r,57876,57876),F
[Fri Dec 12 12:51:02 UTC 2025][INFO] [Action] E ItemChanged - -1,57876
[Fri Dec 12 12:51:04 UTC 2025][INFO] [Action] E ItemChanged - -1,57909
[Fri Dec 12 12:51:08 UTC 2025][INFO] [Action] E ApplySemantics - (r,57909,57909),chapter_title
[Fri Dec 12 12:51:11 UTC 2025][INFO] [Action] E ItemChanged - -1,65952
[Fri Dec 12 12:51:14 UTC 2025][INFO] [Action] E ApplySemantics - (r,65952,65952),chapter_title
[Fri Dec 12 12:51:17 UTC 2025][INFO] [Action] E ItemChanged - -1,79316
[Fri Dec 12 12:51:19 UTC 2025][INFO] [Action] E ApplySemantics - (r,79316,79316),chapter_title
[Fri Dec 12 12:51:22 UTC 2025][INFO] [Action] E ItemChanged - -1,90500
[Fri Dec 12 12:51:25 UTC 2025][INFO] [Action] E ApplySemantics - (r,90500,90500),chapter_title
[Fri Dec 12 12:51:30 UTC 2025][INFO] [Action] E ItemChanged - -1,98426
[Fri Dec 12 12:51:32 UTC 2025][INFO] [Action] E ApplySemantics - (r,98426,98426),chapter_title
[Fri Dec 12 12:51:35 UTC 2025][INFO] [Action] E ItemChanged - -1,106962
[Fri Dec 12 12:51:41 UTC 2025][INFO] [Action] E UpdateStyle - (c,106962,1),48:1.000000:2,(r,106962,106962),F
[Fri Dec 12 12:51:41 UTC 2025][INFO] [Action] E UpdateStyle - (c,106962,1),48:2.000000:2,(r,106962,106962),F
[Fri Dec 12 12:51:41 UTC 2025][INFO] [Action] E UpdateStyle - (c,106962,1),48:3.000000:2,(r,106962,106962),F
[Fri Dec 12 12:51:42 UTC 2025][INFO] [Action] E UpdateStyle - (c,106962,1),48:4.000000:2,(r,106962,106962),F
[Fri Dec 12 12:51:42 UTC 2025][INFO] [Action] E UpdateStyle - (c,106962,1),48:5.000000:2,(r,106962,106962),F
[Fri Dec 12 12:51:44 UTC 2025][INFO] [Action] U UpdateStyle
[Fri Dec 12 12:51:44 UTC 2025][INFO] [Action] U UpdateStyle
[Fri Dec 12 12:51:44 UTC 2025][INFO] [Action] U UpdateStyle
[Fri Dec 12 12:51:44 UTC 2025][INFO] [Action] U UpdateStyle
[Fri Dec 12 12:51:45 UTC 2025][INFO] [Action] U UpdateStyle
[Fri Dec 12 12:51:49 UTC 2025][INFO] [Action] E UpdateStyle - (c,106962,1),47:6.000000:2,(r,106962,106962),F
[Fri Dec 12 12:51:51 UTC 2025][INFO] [Action] E ItemChanged - -1,107008
[Fri Dec 12 12:51:55 UTC 2025][INFO] [Action] E ApplySemantics - (r,107008,107008),chapter_title
[Fri Dec 12 12:51:59 UTC 2025][INFO] [Action] E ItemChanged - -1,115135
[Fri Dec 12 12:52:02 UTC 2025][INFO] [Action] E ApplySemantics - (r,115135,115135),chapter_title
[Fri Dec 12 12:52:05 UTC 2025][INFO] [Action] E ItemChanged - -1,125088
[Fri Dec 12 12:52:08 UTC 2025][INFO] [Action] E ApplySemantics - (r,125088,125088),chapter_title
[Fri Dec 12 12:52:12 UTC 2025][INFO] [Action] E ItemChanged - -1,132614
[Fri Dec 12 12:52:14 UTC 2025][INFO] [Action] E ApplySemantics - (r,132614,132614),chapter_title
[Fri Dec 12 12:52:20 UTC 2025][INFO] [Action] E ItemChanged - -1,135308
[Fri Dec 12 12:52:24 UTC 2025][INFO] [Action] E ApplySemantics - (r,135308,135308),chapter_title
[Fri Dec 12 12:52:27 UTC 2025][INFO] [Action] E ItemChanged - -1,139748
[Fri Dec 12 12:52:29 UTC 2025][INFO] [Action] E ApplySemantics - (r,139748,139748),chapter_title
[Fri Dec 12 12:52:37 UTC 2025][INFO] [Action] E ItemChanged - -1,143638
[Fri Dec 12 12:52:41 UTC 2025][INFO] [Action] E ApplySemantics - (r,143638,143638),chapter_title
[Fri Dec 12 12:52:47 UTC 2025][INFO] [Action] E ItemChanged - -1,148541
[Fri Dec 12 12:52:49 UTC 2025][INFO] [Action] E ApplySemantics - (r,148541,148541),chapter_title
[Fri Dec 12 12:52:52 UTC 2025][INFO] [Action] E ItemChanged - -1,152846
[Fri Dec 12 12:52:53 UTC 2025][INFO] [Action] E ApplySemantics - (r,152846,152846),chapter_title
[Fri Dec 12 12:52:56 UTC 2025][INFO] [Action] E ItemChanged - -1,156929
[Fri Dec 12 12:52:58 UTC 2025][INFO] [Action] E ApplySemantics - (r,156929,156929),chapter_title
[Fri Dec 12 12:53:01 UTC 2025][INFO] [Action] E ItemChanged - -1,161504
[Fri Dec 12 12:53:02 UTC 2025][INFO] [Action] E ApplySemantics - (r,161504,161504),chapter_title
[Fri Dec 12 12:53:05 UTC 2025][INFO] [Action] E ItemChanged - -1,166924
[Fri Dec 12 12:53:06 UTC 2025][INFO] [Action] E ApplySemantics - (r,166924,166924),chapter_title
[Fri Dec 12 12:53:09 UTC 2025][INFO] [Action] E ItemChanged - -1,171032
[Fri Dec 12 12:53:10 UTC 2025][INFO] [Action] E ApplySemantics - (r,171032,171032),chapter_title
[Fri Dec 12 12:53:12 UTC 2025][INFO] [Action] E ItemChanged - -1,176244
[Fri Dec 12 12:53:14 UTC 2025][INFO] [Action] E ApplySemantics - (r,176244,176244),chapter_title
[Fri Dec 12 12:53:17 UTC 2025][INFO] [Action] E ItemChanged - -1,181899
[Fri Dec 12 12:53:18 UTC 2025][INFO] [Action] E ApplySemantics - (r,181899,181899),chapter_title
[Fri Dec 12 12:53:21 UTC 2025][INFO] [Action] E ItemChanged - -1,184561
[Fri Dec 12 12:53:24 UTC 2025][INFO] [Action] E ItemChanged - -1,184954
[Fri Dec 12 12:53:25 UTC 2025][INFO] [Action] E ApplySemantics - (r,184954,184954),chapter_title
[Fri Dec 12 12:53:27 UTC 2025][INFO] [Action] E ItemChanged - -1,184561
[Fri Dec 12 12:53:28 UTC 2025][INFO] [Action] E ItemChanged - -1,184954
[Fri Dec 12 12:53:29 UTC 2025][INFO] [Action] E ItemChanged - -1,185919
[Fri Dec 12 12:53:32 UTC 2025][INFO] [Action] E ApplySemantics - (r,185919,185919),other_page_title
[Fri Dec 12 12:53:55 UTC 2025][INFO] [Action] E ItemChanged - -1,8942
[Fri Dec 12 12:53:58 UTC 2025][INFO] [Action] E DeleteContent - (r,8942,9966),B
[Fri Dec 12 12:54:13 UTC 2025][INFO] [Action] E InsertTocAction - (5)
[Fri Dec 12 12:54:22 UTC 2025][INFO] [Action] E SaveBook - SaveforExport
[Fri Dec 12 12:55:17 UTC 2025][INFO] [Action] EE ExportAction
[Fri Dec 12 12:55:20 UTC 2025][INFO] [Action] E SaveBook - Save
[Fri Dec 12 12:55:22 UTC 2025][INFO] Logger Terminated
[Sun Dec 14 17:05:09 UTC 2025][INFO] [Action] EE OpenBook - Uplift. 26th Nov 2025 (1)_KC.kcb
[Sun Dec 14 17:05:20 UTC 2025][INFO] Logger Terminated
[Sun Dec 14 17:09:35 UTC 2025][INFO] [Action] EE OpenBook - Uplift. 26th Nov 2025 (1)_KC.kcb
[Sun Dec 14 17:09:45 UTC 2025][INFO] Logger Terminated
