[Mon Dec 08 14:56:02 UTC 2025][INFO] [Action] EE NewBook
[Mon Dec 08 14:56:27 UTC 2025][INFO] [Action] E AutoChapterGroupAction - 0
[Mon Dec 08 14:56:28 UTC 2025][INFO] [Action] E ApplySemantics - (r,1,1),chapter_title
[Mon Dec 08 14:56:31 UTC 2025][INFO] [Action] E AutoChapterGroupAction - 1
[Mon Dec 08 14:56:49 UTC 2025][INFO] [Action] E UpdateStyle - (c,1,1),47:1.750000:2,(r,1,1),F
[Mon Dec 08 14:56:50 UTC 2025][INFO] [Action] E UpdateStyle - (c,1,1),47:1.500000:2,(r,1,1),F
[Mon Dec 08 14:56:51 UTC 2025][INFO] [Action] E UpdateStyle - (c,1,1),47:1.250000:2,(r,1,1),F
[Mon Dec 08 14:56:55 UTC 2025][INFO] [Action] E UpdateStyle - (c,1,1),47:1.500000:2,(r,1,1),F
[Mon Dec 08 14:56:59 UTC 2025][INFO] [Action] E UpdateStyle - (c,1,1),49:0.250000:2,(r,1,1),F
[Mon Dec 08 14:57:11 UTC 2025][INFO] [Action] E ItemChanged - -1,3198
[Mon Dec 08 14:57:13 UTC 2025][INFO] [Action] E DeleteContent - (r,3198,5114),B
[Mon Dec 08 14:57:14 UTC 2025][INFO] [Action] E ItemChanged - -1,3198
[Mon Dec 08 14:57:16 UTC 2025][INFO] [Action] E ItemChanged - -1,1
[Mon Dec 08 14:57:17 UTC 2025][INFO] [Action] E ItemChanged - -1,3198
[Mon Dec 08 14:57:21 UTC 2025][INFO] [Action] E ApplySemantics - (r,3198,3198),chapter_title
[Mon Dec 08 14:57:28 UTC 2025][INFO] [Action] E UpdateStyle - (c,3198,1),48:0.000000:2,(r,3198,3198),F
[Mon Dec 08 14:57:34 UTC 2025][INFO] [Action] E UpdateStyle - (c,3198,1),50:0.000000:2,(r,3198,3198),F
[Mon Dec 08 14:57:48 UTC 2025][INFO] [Action] E UpdateStyle - (r,3198,3237),16:9.000000:2,(r,3198,3237),F
[Mon Dec 08 14:57:51 UTC 2025][INFO] [Action] E UpdateStyle - (r,3198,3237),16:2.000000:2,(r,3198,3237),F
[Mon Dec 08 14:57:51 UTC 2025][INFO] [Action] E UpdateStyle - (r,3198,3237),16:25.000000:2,(r,3198,3237),F
[Mon Dec 08 14:57:54 UTC 2025][INFO] [Action] E UpdateStyle - (r,3198,3237),16:2.000000:2,(r,3198,3237),F
[Mon Dec 08 14:57:55 UTC 2025][INFO] [Action] E UpdateStyle - (r,3198,3237),16:26.000000:2,(r,3198,3237),F
[Mon Dec 08 14:58:44 UTC 2025][INFO] [Action] E ApplySemantics - (r,5450,5450),chapter_subtitle
[Mon Dec 08 14:58:50 UTC 2025][INFO] [Action] E UpdateStyle - (r,5450,5474),12:350:3,(r,5450,5474),F
[Mon Dec 08 14:59:13 UTC 2025][INFO] [Action] E ApplySemantics - (r,7321,7321),chapter_subtitle
[Mon Dec 08 14:59:24 UTC 2025][INFO] [Action] E ApplySemantics - (r,9579,9579),chapter_subtitle
[Mon Dec 08 14:59:29 UTC 2025][INFO] [Action] E ApplySemantics - (r,12489,12489),chapter_title
[Mon Dec 08 14:59:59 UTC 2025][INFO] [Action] E ApplySemantics - (r,23822,23822),chapter_subtitle
[Mon Dec 08 15:00:08 UTC 2025][INFO] [Action] E ApplySemantics - (r,32319,32319),chapter_subtitle
[Mon Dec 08 15:00:19 UTC 2025][INFO] [Action] E ApplySemantics - (r,47594,47594),chapter_title
[Mon Dec 08 15:01:17 UTC 2025][INFO] [Action] E ApplySemantics - (r,57152,57152),chapter_subtitle
[Mon Dec 08 15:01:35 UTC 2025][INFO] [Action] E ApplySemantics - (r,58052,58052),chapter_subtitle
[Mon Dec 08 15:01:40 UTC 2025][INFO] [Action] E ApplySemantics - (r,59784,59784),chapter_subtitle
[Mon Dec 08 15:01:47 UTC 2025][INFO] [Action] E ApplySemantics - (r,61137,61137),chapter_subtitle
[Mon Dec 08 15:01:52 UTC 2025][INFO] [Action] E ApplySemantics - (r,62470,62470),chapter_subtitle
[Mon Dec 08 15:01:57 UTC 2025][INFO] [Action] E ApplySemantics - (r,63837,63837),chapter_subtitle
[Mon Dec 08 15:02:02 UTC 2025][INFO] [Action] E ApplySemantics - (r,65184,65184),chapter_title
[Mon Dec 08 15:02:06 UTC 2025][INFO] [Action] E ApplySemantics - (r,66094,66094),chapter_subtitle
[Mon Dec 08 15:02:12 UTC 2025][INFO] [Action] E ApplySemantics - (r,68077,68077),chapter_subtitle
[Mon Dec 08 15:02:16 UTC 2025][INFO] [Action] E ApplySemantics - (r,70137,70137),chapter_title
[Mon Dec 08 15:02:34 UTC 2025][INFO] [Action] E UpdateStyle - (r,70137,70162),19:4282078831:1,(r,70137,70162),F
[Mon Dec 08 15:02:45 UTC 2025][INFO] [Action] E UpdateStyle - (r,70137,70162),19:4281485350:1,(r,70137,70162),F
[Mon Dec 08 15:02:53 UTC 2025][INFO] [Action] E UpdateStyle - (r,70137,70162),19:4283265685:1,(r,70137,70162),F
[Mon Dec 08 15:03:11 UTC 2025][INFO] [Action] E ApplySemantics - (r,71449,71449),chapter_subtitle
[Mon Dec 08 15:03:24 UTC 2025][INFO] [Action] E ApplySemantics - (r,73485,73485),chapter_subtitle
[Mon Dec 08 15:03:28 UTC 2025][INFO] [Action] E UpdateStyle - (r,73475,73485),13:361:3,(r,73475,73485),F
[Mon Dec 08 15:03:39 UTC 2025][INFO] [Action] E UpdateStyle - (r,73475,73485),13:350:3,(r,73475,73485),F
[Mon Dec 08 15:03:48 UTC 2025][INFO] [Action] E ApplySemantics - (r,79012,79012),chapter_subtitle
[Mon Dec 08 15:03:56 UTC 2025][INFO] [Action] E ApplySemantics - (r,89013,89013),chapter_subtitle
[Mon Dec 08 15:04:15 UTC 2025][INFO] [Action] E ApplySemantics - (r,103731,103731),chapter_title
[Mon Dec 08 15:04:21 UTC 2025][INFO] [Action] E ApplySemantics - (r,106357,106357),chapter_subtitle
[Mon Dec 08 15:04:27 UTC 2025][INFO] [Action] E ApplySemantics - (r,109792,109792),chapter_subtitle
[Mon Dec 08 15:04:42 UTC 2025][INFO] [Action] E ApplySemantics - (r,112594,112594),chapter_subtitle
[Mon Dec 08 15:04:53 UTC 2025][INFO] [Action] E ApplySemantics - (r,114095,114095),chapter_subtitle
[Mon Dec 08 15:05:00 UTC 2025][INFO] [Action] E ApplySemantics - (r,116618,116618),chapter_subtitle
[Mon Dec 08 15:05:07 UTC 2025][INFO] [Action] E ApplySemantics - (r,123424,123424),chapter_subtitle
[Mon Dec 08 15:05:13 UTC 2025][INFO] [Action] E ApplySemantics - (r,126290,126290),chapter_title
[Mon Dec 08 15:05:20 UTC 2025][INFO] [Action] E ApplySemantics - (r,127795,127795),chapter_subtitle
[Mon Dec 08 15:05:22 UTC 2025][INFO] [Action] E ApplySemantics - (r,128412,128412),chapter_subtitle
[Mon Dec 08 15:05:33 UTC 2025][INFO] [Action] E ApplySemantics - (r,131511,131511),chapter_subtitle
[Mon Dec 08 15:05:41 UTC 2025][INFO] [Action] E ApplySemantics - (r,135022,135022),chapter_subtitle
[Mon Dec 08 15:05:47 UTC 2025][INFO] [Action] E ApplySemantics - (r,138200,138200),chapter_subtitle
[Mon Dec 08 15:05:51 UTC 2025][INFO] [Action] E UpdateStyle - (c,138200,2),34:59:3,(r,138200,138200),F
[Mon Dec 08 15:05:57 UTC 2025][INFO] [Action] E UpdateStyle - (c,138200,2),48:1.000000:2,(r,138200,138200),F
[Mon Dec 08 15:05:58 UTC 2025][INFO] [Action] E UpdateStyle - (c,138200,2),48:0.000000:2,(r,138200,138200),F
[Mon Dec 08 15:06:08 UTC 2025][INFO] [Action] E ApplySemantics - (r,140658,140658),chapter_subtitle
[Mon Dec 08 15:06:16 UTC 2025][INFO] [Action] E ApplySemantics - (r,144969,144969),chapter_subtitle
[Mon Dec 08 15:06:22 UTC 2025][INFO] [Action] E ApplySemantics - (r,147156,147156),chapter_title
[Mon Dec 08 15:06:29 UTC 2025][INFO] [Action] E ApplySemantics - (r,147253,147253),chapter_subtitle
[Mon Dec 08 15:06:39 UTC 2025][INFO] [Action] E ApplySemantics - (r,149557,149557),chapter_subtitle
[Mon Dec 08 15:06:46 UTC 2025][INFO] [Action] E ApplySemantics - (r,151003,151003),chapter_subtitle
[Mon Dec 08 15:06:53 UTC 2025][INFO] [Action] E ApplySemantics - (r,152377,152377),chapter_subtitle
[Mon Dec 08 15:06:56 UTC 2025][INFO] [Action] E UpdateStyle - (c,152377,2),34:320:3,(r,152377,152377),F
[Mon Dec 08 15:07:01 UTC 2025][INFO] [Action] E UpdateStyle - (c,152377,2),48:1.000000:2,(r,152377,152377),F
[Mon Dec 08 15:07:02 UTC 2025][INFO] [Action] E UpdateStyle - (c,152377,2),48:15.000000:2,(r,152377,152377),F
[Mon Dec 08 15:07:09 UTC 2025][INFO] [Action] E UpdateStyle - (c,154642,2),34:320:3,(r,154642,154642),F
[Mon Dec 08 15:07:10 UTC 2025][INFO] [Action] E ApplySemantics - (r,154642,154642),chapter_subtitle
[Mon Dec 08 15:07:16 UTC 2025][INFO] [Action] E ApplySemantics - (r,155567,155567),chapter_title
[Mon Dec 08 15:07:23 UTC 2025][INFO] [Action] E ApplySemantics - (r,159079,159079),chapter_subtitle
[Mon Dec 08 15:07:34 UTC 2025][INFO] [Action] E ApplySemantics - (r,163050,163050),chapter_subtitle
[Mon Dec 08 15:07:44 UTC 2025][INFO] [Action] E ApplySemantics - (r,173358,173358),chapter_subtitle
[Mon Dec 08 15:07:51 UTC 2025][INFO] [Action] E ApplySemantics - (r,178417,178417),chapter_subtitle
[Mon Dec 08 15:08:00 UTC 2025][INFO] [Action] E DeleteContent - (c,185879,2),B
[Mon Dec 08 15:08:01 UTC 2025][INFO] [Action] E MergeContainer - 185879,1
[Mon Dec 08 15:08:05 UTC 2025][INFO] [Action] E ApplySemantics - (r,183932,183932),chapter_subtitle
[Mon Dec 08 15:08:23 UTC 2025][INFO] [Action] E ApplySemantics - (r,187328,187328),chapter_subtitle
[Mon Dec 08 15:08:29 UTC 2025][INFO] [Action] E ApplySemantics - (r,188700,188700),chapter_subtitle
[Mon Dec 08 15:08:33 UTC 2025][INFO] [Action] E ApplySemantics - (r,189334,189334),chapter_subtitle
[Mon Dec 08 15:08:39 UTC 2025][INFO] [Action] E ApplySemantics - (r,190334,190334),chapter_subtitle
[Mon Dec 08 15:08:45 UTC 2025][INFO] [Action] E ApplySemantics - (r,191820,191820),chapter_subtitle
[Mon Dec 08 15:09:07 UTC 2025][INFO] [Action] E ApplySemantics - (r,192955,192955),chapter_subtitle
[Mon Dec 08 15:09:12 UTC 2025][INFO] [Action] E ApplySemantics - (r,195000,195000),chapter_subtitle
[Mon Dec 08 15:09:16 UTC 2025][INFO] [Action] E ApplySemantics - (r,195865,195865),chapter_subtitle
[Mon Dec 08 15:09:19 UTC 2025][INFO] [Action] E ApplySemantics - (r,196684,196684),chapter_subtitle
[Mon Dec 08 15:09:33 UTC 2025][INFO] [Action] E ApplySemantics - (r,202005,202005),chapter_subtitle
[Mon Dec 08 15:09:38 UTC 2025][INFO] [Action] E ApplySemantics - (r,204610,204610),chapter_subtitle
[Mon Dec 08 15:09:59 UTC 2025][INFO] [Action] E ApplySemantics - (r,204940,204940),chapter_title
[Mon Dec 08 15:10:02 UTC 2025][INFO] [Action] E ApplySemantics - (r,205000,205000),chapter_subtitle
[Mon Dec 08 15:10:20 UTC 2025][INFO] [Action] E ApplySemantics - (r,215796,215796),chapter_subtitle
[Mon Dec 08 15:10:24 UTC 2025][INFO] [Action] E UpdateStyle - (r,215784,215796),12:382:3,(r,215784,215796),F
[Mon Dec 08 15:10:32 UTC 2025][INFO] [Action] E ApplySemantics - (r,219643,219643),chapter_subtitle
[Mon Dec 08 15:10:37 UTC 2025][INFO] [Action] E UpdateStyle - (r,219632,219643),12:382:3,(r,219632,219643),F
[Mon Dec 08 15:10:42 UTC 2025][INFO] [Action] E ApplySemantics - (r,221440,221440),chapter_subtitle
[Mon Dec 08 15:10:45 UTC 2025][INFO] [Action] U ApplySemantics
[Mon Dec 08 15:10:47 UTC 2025][INFO] [Action] E ApplySemantics - (r,221440,221440),chapter_subtitle
[Mon Dec 08 15:10:51 UTC 2025][INFO] [Action] E UpdateStyle - (r,221429,221440),12:382:3,(r,221429,221440),F
[Mon Dec 08 15:14:51 UTC 2025][INFO] [Action] E ApplySemantics - (r,226598,226598),chapter_subtitle
[Mon Dec 08 15:14:55 UTC 2025][INFO] [Action] E UpdateStyle - (r,226587,226598),12:382:3,(r,226587,226598),F
[Mon Dec 08 15:15:17 UTC 2025][INFO] [Action] E ApplySemantics - (r,234664,234664),chapter_subtitle
[Mon Dec 08 15:15:22 UTC 2025][INFO] [Action] E UpdateStyle - (r,234692,234703),12:382:3,(r,234692,234703),F
[Mon Dec 08 15:15:29 UTC 2025][INFO] [Action] E ApplySemantics - (r,242669,242669),chapter_subtitle
[Mon Dec 08 15:15:34 UTC 2025][INFO] [Action] E UpdateStyle - (r,242658,242669),12:382:3,(r,242658,242669),F
[Mon Dec 08 15:15:43 UTC 2025][INFO] [Action] E ApplySemantics - (r,248968,248968),chapter_subtitle
[Mon Dec 08 15:15:44 UTC 2025][INFO] [Action] E ApplySemantics - (r,248968,248968),chapter_subtitle
[Mon Dec 08 15:15:44 UTC 2025][INFO] [Action] EFail ApplySemantics - 4
[Mon Dec 08 15:15:48 UTC 2025][INFO] [Action] E UpdateStyle - (r,248957,248968),12:382:3,(r,248957,248968),F
[Mon Dec 08 15:16:08 UTC 2025][INFO] [Action] E ApplySemantics - (r,237180,237180),chapter_subtitle
[Mon Dec 08 15:16:11 UTC 2025][INFO] [Action] E UpdateStyle - (r,237169,237180),12:382:3,(r,237169,237180),F
[Mon Dec 08 15:16:40 UTC 2025][INFO] [Action] E UpdateStyle - (c,218012,2),47:0.250000:2,(r,218012,218012),F
[Mon Dec 08 15:16:46 UTC 2025][INFO] [Action] U UpdateStyle
[Mon Dec 08 15:17:18 UTC 2025][INFO] [Action] E DeleteContent - (c,167421,2),B
[Mon Dec 08 15:17:19 UTC 2025][INFO] [Action] E AddTextContainer - (c,167420,2),0,0,0
[Mon Dec 08 15:17:31 UTC 2025][INFO] [Action] E ApplySemantics - (r,153328,153328),chapter_subtitle
[Mon Dec 08 15:18:20 UTC 2025][INFO] [Action] E ApplySemantics - (r,97700,97700),chapter_subtitle
[Mon Dec 08 15:19:05 UTC 2025][INFO] [Action] E ItemChanged - -1,1
[Mon Dec 08 15:19:08 UTC 2025][INFO] [Action] E ConvertGenericPageAction - 8,0
[Mon Dec 08 15:19:25 UTC 2025][INFO] [Action] E UpdateStyle - (r,1,8),19:4283265685:1,(r,1,8),F
[Mon Dec 08 15:19:27 UTC 2025][INFO] [Action] E ItemChanged - -1,3198
[Mon Dec 08 15:19:28 UTC 2025][INFO] [Action] E ItemChanged - -1,12489
[Mon Dec 08 15:19:29 UTC 2025][INFO] [Action] E ItemChanged - -1,47594
[Mon Dec 08 15:19:31 UTC 2025][INFO] [Action] E ItemChanged - -1,3198
[Mon Dec 08 15:19:32 UTC 2025][INFO] [Action] E ItemChanged - -1,1
[Mon Dec 08 15:20:16 UTC 2025][INFO] [Action] E SaveBook - SaveforExport
[Mon Dec 08 15:20:40 UTC 2025][INFO] [Action] EE ExportAction
[Mon Dec 08 15:22:45 UTC 2025][INFO] [Action] E ApplySemantics - (r,54640,54640),chapter_subtitle
[Mon Dec 08 15:25:01 UTC 2025][INFO] [Action] E ItemChanged - -1,155567
[Mon Dec 08 15:25:01 UTC 2025][INFO] [Action] E ItemChanged - -1,204940
[Mon Dec 08 15:25:11 UTC 2025][INFO] [Action] E SaveBook - SaveforExport
[Mon Dec 08 15:26:07 UTC 2025][INFO] [Action] EE ExportAction
[Mon Dec 08 15:50:42 UTC 2025][INFO] [Action] E SaveBook - Save
[Mon Dec 08 15:50:43 UTC 2025][INFO] Logger Terminated
[Fri Dec 12 12:39:33 UTC 2025][INFO] [Action] EE OpenBook - Forever Wild - FINAL AOK_KC.kcb
[Fri Dec 12 12:39:40 UTC 2025][INFO] [Action] E SaveBook - Save
[Fri Dec 12 12:39:41 UTC 2025][INFO] Logger Terminated
