[Tue Nov 11 17:39:33 UTC 2025][INFO] [Action] EE NewBook
[Tue Nov 11 17:39:50 UTC 2025][INFO] [Action] E AutoChapterGroupAction - 0
[Tue Nov 11 17:39:57 UTC 2025][INFO] [Action] E AutoChapterGroupAction - 1
[Tue Nov 11 17:40:19 UTC 2025][INFO] [Action] E UpdateStyle - (r,3,37),16:2.000000:2,(r,3,37),F
[Tue Nov 11 17:40:20 UTC 2025][INFO] [Action] E UpdateStyle - (r,3,37),16:23.000000:2,(r,3,37),F
[Tue Nov 11 17:40:29 UTC 2025][INFO] [Action] E UpdateStyle - (r,38,132),16:1.000000:2,(r,38,132),F
[Tue Nov 11 17:40:29 UTC 2025][INFO] [Action] E UpdateStyle - (r,38,132),16:17.000000:2,(r,38,132),F
[Tue Nov 11 17:40:38 UTC 2025][INFO] [Action] U UpdateStyle
[Tue Nov 11 17:40:39 UTC 2025][INFO] [Action] U UpdateStyle
[Tue Nov 11 17:40:51 UTC 2025][INFO] [Action] E UpdateStyle - (r,38,132),16:2.000000:2,(r,38,132),F
[Tue Nov 11 17:40:53 UTC 2025][INFO] [Action] E UpdateStyle - (r,38,132),16:1.000000:2,(r,38,132),F
[Tue Nov 11 17:40:54 UTC 2025][INFO] [Action] E UpdateStyle - (r,38,132),16:18.000000:2,(r,38,132),F
[Tue Nov 11 17:40:59 UTC 2025][INFO] [Action] U UpdateStyle
[Tue Nov 11 17:41:00 UTC 2025][INFO] [Action] U UpdateStyle
[Tue Nov 11 17:41:01 UTC 2025][INFO] [Action] U UpdateStyle
[Tue Nov 11 17:41:08 UTC 2025][INFO] [Action] E MergeContainer - 133,1
[Tue Nov 11 17:41:10 UTC 2025][INFO] [Action] U MergeContainer
[Tue Nov 11 17:41:18 UTC 2025][INFO] [Action] E UpdateStyle - (r,38,132),16:2.000000:2,(r,38,132),F
[Tue Nov 11 17:41:19 UTC 2025][INFO] [Action] E UpdateStyle - (r,38,132),16:1.000000:2,(r,38,132),F
[Tue Nov 11 17:41:19 UTC 2025][INFO] [Action] E UpdateStyle - (r,38,132),16:17.000000:2,(r,38,132),F
[Tue Nov 11 17:41:33 UTC 2025][INFO] [Action] E UpdateStyle - (r,133,163),16:2.000000:2,(r,133,163),F
[Tue Nov 11 17:41:33 UTC 2025][INFO] [Action] E UpdateStyle - (r,133,163),16:1.000000:2,(r,133,163),F
[Tue Nov 11 17:41:34 UTC 2025][INFO] [Action] E UpdateStyle - (r,133,163),16:17.000000:2,(r,133,163),F
[Tue Nov 11 17:41:38 UTC 2025][INFO] [Action] E SaveBook - Save
[Tue Nov 11 17:41:40 UTC 2025][INFO] [Action] EFail SaveBook - 4
[Tue Nov 11 17:41:48 UTC 2025][INFO] [Action] EE UpdateImageAction - (r,1479,1479),[580:320,55:UNK,53:UNK,642:UNK,641:UNK,140:UNK],0,1,0.000000,0.000000,0.000000,0.000000,0.000000,0.000000,0
[Tue Nov 11 17:42:05 UTC 2025][INFO] [Action] E UpdateStyle - (c,2572,2),34:320:3,(r,2572,2572),F
[Tue Nov 11 17:42:08 UTC 2025][INFO] [Action] E DeleteContent - (c,2598,1),B
[Tue Nov 11 17:42:11 UTC 2025][INFO] [Action] E MergeContainer - 2572,1
[Tue Nov 11 17:42:15 UTC 2025][INFO] [Action] E UpdateStyle - (c,2572,1),34:59:3,(r,2572,2572),F
[Tue Nov 11 17:42:17 UTC 2025][INFO] [Action] E MergeContainer - 2572,1
[Tue Nov 11 17:42:28 UTC 2025][INFO] [Action] E AddTextContainer - (c,2612,1),1,0,0
[Tue Nov 11 17:42:37 UTC 2025][INFO] [Action] E UpdateStyle - (c,2572,1),36:7.000000:2,(r,2572,2572),F
[Tue Nov 11 17:42:37 UTC 2025][INFO] [Action] E UpdateStyle - (c,2572,1),36:6.000000:2,(r,2572,2572),F
[Tue Nov 11 17:42:38 UTC 2025][INFO] [Action] E UpdateStyle - (c,2572,1),36:5.000000:2,(r,2572,2572),F
[Tue Nov 11 17:42:38 UTC 2025][INFO] [Action] E UpdateStyle - (c,2572,1),36:4.000000:2,(r,2572,2572),F
[Tue Nov 11 17:42:39 UTC 2025][INFO] [Action] E UpdateStyle - (c,2572,1),36:3.000000:2,(r,2572,2572),F
[Tue Nov 11 17:42:39 UTC 2025][INFO] [Action] E UpdateStyle - (c,2572,1),36:2.000000:2,(r,2572,2572),F
[Tue Nov 11 17:42:39 UTC 2025][INFO] [Action] E UpdateStyle - (c,2572,1),36:1.000000:2,(r,2572,2572),F
[Tue Nov 11 17:42:40 UTC 2025][INFO] [Action] E UpdateStyle - (c,2572,1),36:0.000000:2,(r,2572,2572),F
[Tue Nov 11 17:42:43 UTC 2025][INFO] [Action] E UpdateStyle - (c,2572,1),34:320:3,(r,2572,2572),F
[Tue Nov 11 17:43:04 UTC 2025][INFO] [Action] E UpdateStyle - (c,15019,2),36:1.000000:2,(r,15019,15019),F
[Tue Nov 11 17:43:04 UTC 2025][INFO] [Action] E UpdateStyle - (c,15019,2),36:0.000000:2,(r,15019,15019),F
[Tue Nov 11 17:43:12 UTC 2025][INFO] [Action] E UpdateStyle - (c,15033,1),34:320:3,(r,15033,15033),F
[Tue Nov 11 17:43:14 UTC 2025][INFO] [Action] E UpdateStyle - (c,15033,1),36:2.000000:2,(r,15033,15033),F
[Tue Nov 11 17:43:14 UTC 2025][INFO] [Action] E UpdateStyle - (c,15033,1),36:1.000000:2,(r,15033,15033),F
[Tue Nov 11 17:43:14 UTC 2025][INFO] [Action] E UpdateStyle - (c,15033,1),36:0.000000:2,(r,15033,15033),F
[Tue Nov 11 17:43:20 UTC 2025][INFO] [Action] E AddTextContainer - (c,15071,2),0,0,0
[Tue Nov 11 17:43:28 UTC 2025][INFO] [Action] E UpdateStyle - (c,21076,1),34:320:3,(r,21076,21076),F
[Tue Nov 11 17:43:34 UTC 2025][INFO] [Action] E UpdateStyle - (c,21137,1),36:0.000000:2,(r,21137,21137),F
[Tue Nov 11 17:43:35 UTC 2025][INFO] [Action] E UpdateStyle - (c,21137,1),34:320:3,(r,21137,21137),F
[Tue Nov 11 17:43:43 UTC 2025][INFO] [Action] E UpdateStyle - (c,21542,2),34:320:3,(r,21542,21542),F
[Tue Nov 11 17:43:45 UTC 2025][INFO] [Action] E AddTextContainer - (c,21559,2),0,0,0
[Tue Nov 11 17:43:51 UTC 2025][INFO] [Action] E UpdateStyle - (c,23996,2),34:320:3,(r,23996,23996),F
[Tue Nov 11 17:44:08 UTC 2025][INFO] [Action] E UpdateStyle - (c,24913,1),36:7.000000:2,(r,24913,24913),F
[Tue Nov 11 17:44:08 UTC 2025][INFO] [Action] E UpdateStyle - (c,24913,1),36:6.000000:2,(r,24913,24913),F
[Tue Nov 11 17:44:08 UTC 2025][INFO] [Action] E UpdateStyle - (c,24913,1),36:5.000000:2,(r,24913,24913),F
[Tue Nov 11 17:44:09 UTC 2025][INFO] [Action] E UpdateStyle - (c,24913,1),36:4.000000:2,(r,24913,24913),F
[Tue Nov 11 17:44:09 UTC 2025][INFO] [Action] E UpdateStyle - (c,24913,1),36:3.000000:2,(r,24913,24913),F
[Tue Nov 11 17:44:09 UTC 2025][INFO] [Action] E UpdateStyle - (c,24913,1),36:2.000000:2,(r,24913,24913),F
[Tue Nov 11 17:44:10 UTC 2025][INFO] [Action] E UpdateStyle - (c,24913,1),36:1.000000:2,(r,24913,24913),F
[Tue Nov 11 17:44:10 UTC 2025][INFO] [Action] E UpdateStyle - (c,24913,1),36:0.000000:2,(r,24913,24913),F
[Tue Nov 11 17:44:13 UTC 2025][INFO] [Action] E UpdateStyle - (c,24913,1),34:320:3,(r,24913,24913),F
[Tue Nov 11 17:44:16 UTC 2025][INFO] [Action] E AddTextContainer - (c,24959,2),0,0,0
[Tue Nov 11 17:44:22 UTC 2025][INFO] [Action] E UpdateStyle - (c,25628,2),36:1.000000:2,(r,25628,25628),F
[Tue Nov 11 17:44:23 UTC 2025][INFO] [Action] E UpdateStyle - (c,25628,2),36:0.000000:2,(r,25628,25628),F
[Tue Nov 11 17:44:29 UTC 2025][INFO] [Action] E AddTextContainer - (c,25629,1),1,0,0
[Tue Nov 11 17:44:39 UTC 2025][INFO] [Action] E UpdateStyle - (c,25712,1),36:2.000000:2,(r,25712,25712),F
[Tue Nov 11 17:44:40 UTC 2025][INFO] [Action] E UpdateStyle - (c,25712,1),36:1.000000:2,(r,25712,25712),F
[Tue Nov 11 17:44:40 UTC 2025][INFO] [Action] E UpdateStyle - (c,25712,1),36:0.000000:2,(r,25712,25712),F
[Tue Nov 11 17:44:44 UTC 2025][INFO] [Action] E AddTextContainer - (c,25739,2),0,0,0
[Tue Nov 11 17:44:55 UTC 2025][INFO] [Action] E UpdateStyle - (c,26015,2),34:320:3,(r,26015,26015),F
[Tue Nov 11 17:44:57 UTC 2025][INFO] [Action] E UpdateStyle - (c,26015,2),36:0.000000:2,(r,26015,26015),F
[Tue Nov 11 17:45:00 UTC 2025][INFO] [Action] E AddTextContainer - (c,26026,2),0,0,0
[Tue Nov 11 17:45:01 UTC 2025][INFO] [Action] U AddTextContainer
[Tue Nov 11 17:45:06 UTC 2025][INFO] [Action] E UpdateStyle - (c,26028,1),34:320:3,(r,26028,26028),F
[Tue Nov 11 17:45:08 UTC 2025][INFO] [Action] E AddTextContainer - (c,26051,2),0,0,0
[Tue Nov 11 17:45:16 UTC 2025][INFO] [Action] EE UpdateImageAction - (r,26260,26260),[56:50.000000],2,1,0.000000,0.000000,0.000000,0.000000,0.000000,0.000000,0
[Tue Nov 11 17:45:17 UTC 2025][INFO] [Action] EE UpdateImageAction - (r,26260,26260),[580:320,55:UNK,53:UNK,642:UNK,641:UNK,140:UNK],0,1,0.000000,0.000000,0.000000,0.000000,0.000000,0.000000,0
[Tue Nov 11 17:45:19 UTC 2025][INFO] [Action] EE UpdateImageAction - (r,26260,26260),[56:75.000000],3,1,0.000000,0.000000,0.000000,0.000000,0.000000,0.000000,0
[Tue Nov 11 17:45:23 UTC 2025][INFO] [Action] E AddTextContainer - (c,26261,1),1,0,0
[Tue Nov 11 17:45:47 UTC 2025][INFO] [Action] E UpdateStyle - (c,50132,2),34:320:3,(r,50132,50132),F
[Tue Nov 11 17:45:48 UTC 2025][INFO] [Action] E AddTextContainer - (c,50132,2),0,0,0
[Tue Nov 11 17:46:00 UTC 2025][INFO] [Action] E UpdateStyle - (r,63997,64023),13:350:3,(r,63997,64023),F
[Tue Nov 11 17:46:03 UTC 2025][INFO] [Action] E UpdateStyle - (c,64023,2),34:320:3,(r,64023,64023),F
[Tue Nov 11 17:46:06 UTC 2025][INFO] [Action] E AddTextContainer - (c,64023,2),0,0,0
[Tue Nov 11 17:46:17 UTC 2025][INFO] [Action] E UpdateStyle - (c,78996,2),36:1.000000:2,(r,78996,78996),F
[Tue Nov 11 17:46:17 UTC 2025][INFO] [Action] E UpdateStyle - (c,78996,2),36:0.000000:2,(r,78996,78996),F
[Tue Nov 11 17:46:21 UTC 2025][INFO] [Action] E AddTextContainer - (c,78997,1),1,0,0
[Tue Nov 11 17:46:46 UTC 2025][INFO] [Action] E UpdateStyle - (c,91981,1),36:1.000000:2,(r,91981,91981),F
[Tue Nov 11 17:46:46 UTC 2025][INFO] [Action] E UpdateStyle - (c,91981,1),36:0.000000:2,(r,91981,91981),F
[Tue Nov 11 17:46:51 UTC 2025][INFO] [Action] E AddTextContainer - (c,92029,1),1,0,0
[Tue Nov 11 17:46:59 UTC 2025][INFO] [Action] E UpdateStyle - (c,95575,2),36:1.000000:2,(r,95575,95575),F
[Tue Nov 11 17:47:00 UTC 2025][INFO] [Action] E UpdateStyle - (c,95575,2),36:0.000000:2,(r,95575,95575),F
[Tue Nov 11 17:47:01 UTC 2025][INFO] [Action] E UpdateStyle - (c,95575,2),34:320:3,(r,95575,95575),F
[Tue Nov 11 17:47:10 UTC 2025][INFO] [Action] E AddTextContainer - (c,98033,2),0,0,0
[Tue Nov 11 17:47:15 UTC 2025][INFO] [Action] E AddTextContainer - (c,98303,1),1,0,0
[Tue Nov 11 17:47:17 UTC 2025][INFO] [Action] U AddTextContainer
[Tue Nov 11 17:47:21 UTC 2025][INFO] [Action] E Cut - (r,98303,98328)
[Tue Nov 11 17:47:23 UTC 2025][INFO] [Action] U Cut
[Tue Nov 11 17:47:27 UTC 2025][INFO] [Action] E Cut - (r,98303,98327)
[Tue Nov 11 17:47:32 UTC 2025][INFO] [Action] E SplitContainer - 98304
[Tue Nov 11 17:47:34 UTC 2025][INFO] [Action] E DeleteContent - (c,98304,2),B
[Tue Nov 11 17:47:38 UTC 2025][INFO] [Action] E AddTextContainer - (c,98303,2),0,0,0
[Tue Nov 11 17:47:39 UTC 2025][INFO] [Action] E Paste - (c,98304,1),25
[Tue Nov 11 17:47:40 UTC 2025][INFO] [Action] E AddTextContainer - (c,98329,2),0,0,0
[Tue Nov 11 17:47:43 UTC 2025][INFO] [Action] E UpdateStyle - (c,98329,2),34:320:3,(r,98329,98329),F
[Tue Nov 11 17:47:45 UTC 2025][INFO] [Action] E MergeContainer - 98330,0
[Tue Nov 11 17:47:47 UTC 2025][INFO] [Action] E AddTextContainer - (c,98331,1),1,0,0
[Tue Nov 11 17:48:01 UTC 2025][INFO] [Action] EE UpdateImageAction - (r,99846,99846),[56:50.000000],2,1,0.000000,0.000000,0.000000,0.000000,0.000000,0.000000,0
[Tue Nov 11 17:48:02 UTC 2025][INFO] [Action] EE UpdateImageAction - (r,99846,99846),[580:320,55:UNK,53:UNK,642:UNK,641:UNK,140:UNK],0,1,0.000000,0.000000,0.000000,0.000000,0.000000,0.000000,0
[Tue Nov 11 17:48:04 UTC 2025][INFO] [Action] EE UpdateImageAction - (r,99846,99846),[56:75.000000],3,1,0.000000,0.000000,0.000000,0.000000,0.000000,0.000000,0
[Tue Nov 11 17:48:08 UTC 2025][INFO] [Action] E UpdateStyle - (c,99849,1),34:320:3,(r,99849,99849),F
[Tue Nov 11 17:48:33 UTC 2025][INFO] [Action] E Cut - (r,100300,100340)
[Tue Nov 11 17:48:37 UTC 2025][INFO] [Action] E AddTextContainer - (c,100256,1),1,0,0
[Tue Nov 11 17:48:40 UTC 2025][INFO] [Action] U AddTextContainer
[Tue Nov 11 17:48:42 UTC 2025][INFO] [Action] E SplitContainer - 100258
[Tue Nov 11 17:48:45 UTC 2025][INFO] [Action] E Paste - (c,100256,1),41
[Tue Nov 11 17:48:47 UTC 2025][INFO] [Action] U Paste
[Tue Nov 11 17:48:48 UTC 2025][INFO] [Action] U SplitContainer
[Tue Nov 11 17:48:48 UTC 2025][INFO] [Action] U Cut
[Tue Nov 11 17:48:51 UTC 2025][INFO] [Action] E UpdateStyle - (r,100300,100340),36:1.000000:2,(r,100300,100340),F
[Tue Nov 11 17:48:51 UTC 2025][INFO] [Action] E UpdateStyle - (r,100300,100340),36:0.000000:2,(r,100300,100340),F
[Tue Nov 11 17:49:03 UTC 2025][INFO] [Action] EE UpdateImageAction - (r,100851,100851),[56:50.000000],2,1,0.000000,0.000000,0.000000,0.000000,0.000000,0.000000,0
[Tue Nov 11 17:49:04 UTC 2025][INFO] [Action] EE UpdateImageAction - (r,100851,100851),[580:320,55:UNK,53:UNK,642:UNK,641:UNK,140:UNK],0,1,0.000000,0.000000,0.000000,0.000000,0.000000,0.000000,0
[Tue Nov 11 17:49:10 UTC 2025][INFO] [Action] E UpdateStyle - (c,100863,2),34:320:3,(r,100863,100863),F
[Tue Nov 11 17:49:27 UTC 2025][INFO] [Action] E UpdateStyle - (c,102822,2),34:320:3,(r,102822,102822),F
[Tue Nov 11 17:49:33 UTC 2025][INFO] [Action] E AddTextContainer - (c,102881,2),0,0,0
[Tue Nov 11 17:49:40 UTC 2025][INFO] [Action] EE UpdateImageAction - (r,103141,103141),[56:50.000000],2,1,0.000000,0.000000,0.000000,0.000000,0.000000,0.000000,0
[Tue Nov 11 17:49:41 UTC 2025][INFO] [Action] EE UpdateImageAction - (r,103141,103141),[580:320,55:UNK,53:UNK,642:UNK,641:UNK,140:UNK],0,1,0.000000,0.000000,0.000000,0.000000,0.000000,0.000000,0
[Tue Nov 11 17:49:42 UTC 2025][INFO] [Action] EE UpdateImageAction - (r,103141,103141),[56:100.000000],4,1,0.000000,0.000000,0.000000,0.000000,0.000000,0.000000,0
[Tue Nov 11 17:49:45 UTC 2025][INFO] [Action] EE UpdateImageAction - (r,103141,103141),[56:75.000000],3,1,0.000000,0.000000,0.000000,0.000000,0.000000,0.000000,0
[Tue Nov 11 17:49:49 UTC 2025][INFO] [Action] E UpdateStyle - (c,103171,1),34:320:3,(r,103171,103172),F
[Tue Nov 11 17:49:54 UTC 2025][INFO] [Action] E AddTextContainer - (c,103230,2),0,0,0
[Tue Nov 11 17:50:11 UTC 2025][INFO] [Action] EE UpdateImageAction - (r,103655,103655),[56:75.000000],3,1,0.000000,0.000000,0.000000,0.000000,0.000000,0.000000,0
[Tue Nov 11 17:50:13 UTC 2025][INFO] [Action] EE UpdateImageAction - (r,103655,103655),[56:100.000000],4,1,0.000000,0.000000,0.000000,0.000000,0.000000,0.000000,0
[Tue Nov 11 17:50:34 UTC 2025][INFO] [Action] U UpdateImageAction
[Tue Nov 11 17:50:37 UTC 2025][INFO] [Action] EE UpdateImageAction - (r,103655,103655),[56:100.000000],4,1,0.000000,0.000000,0.000000,0.000000,0.000000,0.000000,0
[Tue Nov 11 17:51:05 UTC 2025][INFO] [Action] E AddTextContainer - (c,137414,2),0,0,0
[Tue Nov 11 17:51:18 UTC 2025][INFO] [Action] E AddTextContainer - (c,152635,1),1,0,0
[Tue Nov 11 17:51:22 UTC 2025][INFO] [Action] E UpdateStyle - (c,152621,1),34:320:3,(r,152621,152621),F
[Tue Nov 11 17:51:27 UTC 2025][INFO] [Action] E AddTextContainer - (c,153427,2),0,0,0
[Tue Nov 11 17:51:34 UTC 2025][INFO] [Action] E UpdateStyle - (c,158452,1),34:320:3,(r,158452,158452),F
[Tue Nov 11 17:51:36 UTC 2025][INFO] [Action] E AddTextContainer - (c,158453,1),1,0,0
[Tue Nov 11 17:51:53 UTC 2025][INFO] [Action] E Cut - (r,165128,165155)
[Tue Nov 11 17:51:54 UTC 2025][INFO] [Action] E MergeContainer - 165128,1
[Tue Nov 11 17:51:55 UTC 2025][INFO] [Action] E InsertTextContent - (c,165127,2),[SPACE]
[Tue Nov 11 17:51:58 UTC 2025][INFO] [Action] E SplitContainer - 164940
[Tue Nov 11 17:51:58 UTC 2025][INFO] [Action] E AddTextContainer - (c,164940,1),1,0,0
[Tue Nov 11 17:51:59 UTC 2025][INFO] [Action] E AddTextContainer - (c,164941,1),1,0,0
[Tue Nov 11 17:52:02 UTC 2025][INFO] [Action] E Paste - (c,164940,1),28
[Tue Nov 11 17:52:23 UTC 2025][INFO] [Action] E UpdateStyle - (c,170782,2),34:320:3,(r,170782,170782),F
[Tue Nov 11 17:52:24 UTC 2025][INFO] [Action] E AddTextContainer - (c,170782,2),0,0,0
[Tue Nov 11 17:52:37 UTC 2025][INFO] [Action] E AddTextContainer - (c,181426,2),0,0,0
[Tue Nov 11 17:52:55 UTC 2025][INFO] [Action] E MergeContainer - 194945,1
[Tue Nov 11 17:52:56 UTC 2025][INFO] [Action] E DeleteContent - (c,194943,2),B
[Tue Nov 11 17:52:58 UTC 2025][INFO] [Action] U DeleteContent
[Tue Nov 11 17:52:58 UTC 2025][INFO] [Action] U MergeContainer
[Tue Nov 11 17:53:01 UTC 2025][INFO] [Action] E UpdateStyle - (c,194944,1),34:59:3,(r,194944,194944),F
[Tue Nov 11 17:53:07 UTC 2025][INFO] [Action] E AddTextContainer - (c,194970,1),1,0,0
[Tue Nov 11 17:53:12 UTC 2025][INFO] [Action] E AddTextContainer - (c,195236,2),0,0,0
[Tue Nov 11 17:53:17 UTC 2025][INFO] [Action] E SplitContainer - 195936
[Tue Nov 11 17:53:18 UTC 2025][INFO] [Action] E MergeContainer - 195936,1
[Tue Nov 11 17:53:20 UTC 2025][INFO] [Action] E SplitContainer - 195936
[Tue Nov 11 17:53:29 UTC 2025][INFO] [Action] E UpdateStyle - (c,195937,1),34:320:3,(r,195937,195937),F
[Tue Nov 11 17:53:35 UTC 2025][INFO] [Action] E AddTextContainer - (c,195964,1),1,0,0
[Tue Nov 11 17:53:42 UTC 2025][INFO] [Action] E SplitContainer - 197628
[Tue Nov 11 17:53:43 UTC 2025][INFO] [Action] E AddTextContainer - (c,197628,1),1,0,0
[Tue Nov 11 17:53:44 UTC 2025][INFO] [Action] E AddTextContainer - (c,197629,1),1,0,0
[Tue Nov 11 17:53:53 UTC 2025][INFO] [Action] E Cut - (r,197630,197682)
[Tue Nov 11 17:53:56 UTC 2025][INFO] [Action] E AddTextContainer - (c,197630,1),1,0,0
[Tue Nov 11 17:53:57 UTC 2025][INFO] [Action] E AddTextContainer - (c,197631,1),1,0,0
[Tue Nov 11 17:53:59 UTC 2025][INFO] [Action] E AddTextContainer - (c,197633,1),1,0,0
[Tue Nov 11 17:54:00 UTC 2025][INFO] [Action] E Paste - (c,197633,1),54
[Tue Nov 11 17:54:03 UTC 2025][INFO] [Action] E UpdateStyle - (c,197686,2),34:320:3,(r,197686,197686),F
[Tue Nov 11 17:54:15 UTC 2025][INFO] [Action] E UpdateStyle - (c,203768,2),36:2.000000:2,(r,203768,203768),F
[Tue Nov 11 17:54:15 UTC 2025][INFO] [Action] E UpdateStyle - (c,203768,2),36:1.000000:2,(r,203768,203768),F
[Tue Nov 11 17:54:15 UTC 2025][INFO] [Action] E UpdateStyle - (c,203768,2),36:0.000000:2,(r,203768,203768),F
[Tue Nov 11 17:54:20 UTC 2025][INFO] [Action] E AddTextContainer - (c,203768,2),0,0,0
[Tue Nov 11 17:54:37 UTC 2025][INFO] [Action] E AddTextContainer - (c,215777,2),0,0,0
[Tue Nov 11 17:54:42 UTC 2025][INFO] [Action] E UpdateStyle - (c,215777,2),34:320:3,(r,215777,215777),F
[Tue Nov 11 17:54:51 UTC 2025][INFO] [Action] E UpdateStyle - (c,218354,2),34:320:3,(r,218354,218354),F
[Tue Nov 11 17:54:52 UTC 2025][INFO] [Action] E AddTextContainer - (c,218354,2),0,0,0
[Tue Nov 11 17:54:59 UTC 2025][INFO] [Action] E UpdateStyle - (c,219263,2),34:320:3,(r,219263,219263),F
[Tue Nov 11 17:55:01 UTC 2025][INFO] [Action] E AddTextContainer - (c,219263,2),0,0,0
[Tue Nov 11 17:55:15 UTC 2025][INFO] [Action] E AddTextContainer - (c,235379,2),0,0,0
[Tue Nov 11 17:55:26 UTC 2025][INFO] [Action] E AddTextContainer - (c,249224,2),0,0,0
[Tue Nov 11 17:55:47 UTC 2025][INFO] [Action] E UpdateStyle - (c,265096,2),34:320:3,(r,265096,265096),F
[Tue Nov 11 17:55:48 UTC 2025][INFO] [Action] E AddTextContainer - (c,265096,2),0,0,0
[Tue Nov 11 17:55:54 UTC 2025][INFO] [Action] E UpdateStyle - (c,265630,2),34:320:3,(r,265630,265630),F
[Tue Nov 11 17:55:57 UTC 2025][INFO] [Action] E UpdateStyle - (c,265630,2),36:2.000000:2,(r,265630,265630),F
[Tue Nov 11 17:55:57 UTC 2025][INFO] [Action] E UpdateStyle - (c,265630,2),36:1.000000:2,(r,265630,265630),F
[Tue Nov 11 17:55:57 UTC 2025][INFO] [Action] E UpdateStyle - (c,265630,2),36:0.000000:2,(r,265630,265630),F
[Tue Nov 11 17:56:02 UTC 2025][INFO] [Action] E AddTextContainer - (c,265630,2),0,0,0
[Tue Nov 11 17:56:10 UTC 2025][INFO] [Action] EE UpdateImageAction - (r,266074,266074),[56:75.000000],3,1,0.000000,0.000000,0.000000,0.000000,0.000000,0.000000,0
[Tue Nov 11 17:56:11 UTC 2025][INFO] [Action] EE UpdateImageAction - (r,266074,266074),[56:50.000000],2,1,0.000000,0.000000,0.000000,0.000000,0.000000,0.000000,0
[Tue Nov 11 17:56:13 UTC 2025][INFO] [Action] EE UpdateImageAction - (r,266074,266074),[56:75.000000],3,1,0.000000,0.000000,0.000000,0.000000,0.000000,0.000000,0
[Tue Nov 11 17:56:15 UTC 2025][INFO] [Action] EE UpdateImageAction - (r,266074,266074),[56:100.000000],4,1,0.000000,0.000000,0.000000,0.000000,0.000000,0.000000,0
[Tue Nov 11 17:56:21 UTC 2025][INFO] [Action] E UpdateStyle - (c,266101,2),34:320:3,(r,266101,266101),F
[Tue Nov 11 17:56:26 UTC 2025][INFO] [Action] E AddTextContainer - (c,267226,2),0,0,0
[Tue Nov 11 17:56:48 UTC 2025][INFO] [Action] E MergeContainer - 271795,0
[Tue Nov 11 17:56:51 UTC 2025][INFO] [Action] E AddTextContainer - (c,271837,2),0,0,0
[Tue Nov 11 17:57:01 UTC 2025][INFO] [Action] E SplitContainer - 274762
[Tue Nov 11 17:57:08 UTC 2025][INFO] [Action] E Cut - (r,274728,274761)
[Tue Nov 11 17:57:10 UTC 2025][INFO] [Action] E AddTextContainer - (c,274728,1),1,0,0
[Tue Nov 11 17:57:14 UTC 2025][INFO] [Action] E MergeContainer - 274728,0
[Tue Nov 11 17:57:19 UTC 2025][INFO] [Action] E Paste - (c,274728,1),34
[Tue Nov 11 17:57:23 UTC 2025][INFO] [Action] E UpdateStyle - (c,274763,2),34:320:3,(r,274763,274763),F
[Tue Nov 11 17:57:28 UTC 2025][INFO] [Action] E AddTextContainer - (c,276638,2),0,0,0
[Tue Nov 11 17:57:43 UTC 2025][INFO] [Action] E MergeContainer - 282790,0
[Tue Nov 11 17:57:43 UTC 2025][INFO] [Action] E InsertTextContent - (c,282790,2),[SPACE]
[Tue Nov 11 17:57:48 UTC 2025][INFO] [Action] E DeleteContent - ,F
[Tue Nov 11 17:57:48 UTC 2025][INFO] [Action] EFail DeleteContent - 4
[Tue Nov 11 17:57:49 UTC 2025][INFO] [Action] E DeleteContent - ,F
[Tue Nov 11 17:57:49 UTC 2025][INFO] [Action] EFail DeleteContent - 4
[Tue Nov 11 17:57:50 UTC 2025][INFO] [Action] E DeleteContent - ,F
[Tue Nov 11 17:57:50 UTC 2025][INFO] [Action] EFail DeleteContent - 4
[Tue Nov 11 17:57:50 UTC 2025][INFO] [Action] E DeleteContent - ,F
[Tue Nov 11 17:57:50 UTC 2025][INFO] [Action] EFail DeleteContent - 4
[Tue Nov 11 17:57:50 UTC 2025][INFO] [Action] E DeleteContent - ,F
[Tue Nov 11 17:57:50 UTC 2025][INFO] [Action] EFail DeleteContent - 4
[Tue Nov 11 17:57:50 UTC 2025][INFO] [Action] E DeleteContent - ,F
[Tue Nov 11 17:57:50 UTC 2025][INFO] [Action] EFail DeleteContent - 4
[Tue Nov 11 17:57:50 UTC 2025][INFO] [Action] E DeleteContent - ,F
[Tue Nov 11 17:57:50 UTC 2025][INFO] [Action] EFail DeleteContent - 4
[Tue Nov 11 17:57:51 UTC 2025][INFO] [Action] E DeleteContent - ,F
[Tue Nov 11 17:57:51 UTC 2025][INFO] [Action] EFail DeleteContent - 4
[Tue Nov 11 17:57:53 UTC 2025][INFO] [Action] E DeleteContent - (c,283825,2),B
[Tue Nov 11 17:57:54 UTC 2025][INFO] [Action] E DeleteContent - (c,283825,1),B
[Tue Nov 11 17:57:59 UTC 2025][INFO] [Action] E UpdateStyle - (c,284252,2),34:320:3,(r,284252,284252),F
[Tue Nov 11 17:58:05 UTC 2025][INFO] [Action] E MergeContainer - 285863,0
[Tue Nov 11 17:58:08 UTC 2025][INFO] [Action] E UpdateStyle - (c,285896,2),34:320:3,(r,285896,285896),F
[Tue Nov 11 17:58:10 UTC 2025][INFO] [Action] E AddTextContainer - (c,285896,2),0,0,0
[Tue Nov 11 17:58:22 UTC 2025][INFO] [Action] E UpdateStyle - (c,303478,2),34:320:3,(r,303478,303478),F
[Tue Nov 11 17:58:24 UTC 2025][INFO] [Action] E AddTextContainer - (c,303478,2),0,0,0
[Tue Nov 11 17:58:28 UTC 2025][INFO] [Action] EE UpdateImageAction - (r,303458,303458),[56:100.000000],4,1,0.000000,0.000000,0.000000,0.000000,0.000000,0.000000,0
[Tue Nov 11 17:58:46 UTC 2025][INFO] [Action] E RemoveSectionBreak - 331945,0
[Tue Nov 11 17:58:47 UTC 2025][INFO] [Action] E MergeContainer - 331944,1
[Tue Nov 11 17:58:49 UTC 2025][INFO] [Action] U MergeContainer
[Tue Nov 11 17:58:51 UTC 2025][INFO] [Action] E DeleteContent - ,F
[Tue Nov 11 17:58:51 UTC 2025][INFO] [Action] EFail DeleteContent - 4
[Tue Nov 11 17:58:51 UTC 2025][INFO] [Action] E DeleteContent - ,F
[Tue Nov 11 17:58:51 UTC 2025][INFO] [Action] EFail DeleteContent - 4
[Tue Nov 11 17:59:05 UTC 2025][INFO] [Action] E AddTextContainer - (c,349299,2),0,0,0
[Tue Nov 11 17:59:12 UTC 2025][INFO] [Action] E RemoveSectionBreak - 357390,0
[Tue Nov 11 17:59:28 UTC 2025][INFO] [Action] E AddTextContainer - (c,376114,2),0,0,0
[Tue Nov 11 17:59:38 UTC 2025][INFO] [Action] E UpdateStyle - (c,386361,2),34:320:3,(r,386361,386361),F
[Tue Nov 11 18:00:12 UTC 2025][INFO] [Action] E RemoveSectionBreak - 408597,1
[Tue Nov 11 18:00:24 UTC 2025][INFO] [Action] E UpdateStyle - (c,421959,2),34:320:3,(r,421959,421959),F
[Tue Nov 11 18:00:25 UTC 2025][INFO] [Action] E AddTextContainer - (c,421959,2),0,0,0
[Tue Nov 11 18:00:44 UTC 2025][INFO] [Action] E DeleteContent - (r,430576,430576),F
[Tue Nov 11 18:00:52 UTC 2025][INFO] [Action] E AddTextContainer - (c,439214,2),0,0,0
[Tue Nov 11 18:01:06 UTC 2025][INFO] [Action] E Cut - (r,446502,446523)
[Tue Nov 11 18:01:09 UTC 2025][INFO] [Action] E MergeContainer - 446501,0
[Tue Nov 11 18:01:14 UTC 2025][INFO] [Action] E DeleteContent - (r,446499,446499),F
[Tue Nov 11 18:01:16 UTC 2025][INFO] [Action] E DeleteContent - (r,446499,446499),F
[Tue Nov 11 18:01:21 UTC 2025][INFO] [Action] E SplitContainer - 446358
[Tue Nov 11 18:01:26 UTC 2025][INFO] [Action] E Paste - (c,446357,1),22
[Tue Nov 11 18:01:28 UTC 2025][INFO] [Action] E UpdateStyle - (c,446380,2),34:320:3,(r,446380,446380),F
[Tue Nov 11 18:01:36 UTC 2025][INFO] [Action] E AddTextContainer - (c,452317,2),0,0,0
[Tue Nov 11 18:01:47 UTC 2025][INFO] [Action] E Cut - (r,463556,463599)
[Tue Nov 11 18:01:49 UTC 2025][INFO] [Action] E AddTextContainer - (c,463557,1),1,0,0
[Tue Nov 11 18:01:50 UTC 2025][INFO] [Action] E AddTextContainer - (c,463558,1),1,0,0
[Tue Nov 11 18:01:52 UTC 2025][INFO] [Action] E Paste - (c,463558,1),44
[Tue Nov 11 18:01:55 UTC 2025][INFO] [Action] E UpdateStyle - (c,463602,2),34:320:3,(r,463602,463602),F
[Tue Nov 11 18:01:57 UTC 2025][INFO] [Action] E AddTextContainer - (c,463602,2),0,0,0
[Tue Nov 11 18:02:07 UTC 2025][INFO] [Action] E MergeContainer - 464351,0
[Tue Nov 11 18:02:21 UTC 2025][INFO] [Action] E UpdateStyle - (c,478580,2),34:320:3,(r,478580,478580),F
[Tue Nov 11 18:02:23 UTC 2025][INFO] [Action] E AddTextContainer - (c,478580,2),0,0,0
[Tue Nov 11 18:02:34 UTC 2025][INFO] [Action] E DeleteContent - (r,479358,479358),F
[Tue Nov 11 18:02:38 UTC 2025][INFO] [Action] E AddTextContainer - (c,479390,2),0,0,0
[Tue Nov 11 18:02:41 UTC 2025][INFO] [Action] E UpdateStyle - (c,479390,2),34:320:3,(r,479390,479390),F
[Tue Nov 11 18:02:49 UTC 2025][INFO] [Action] E AddTextContainer - (c,483099,1),1,0,0
[Tue Nov 11 18:03:00 UTC 2025][INFO] [Action] E UpdateStyle - (c,485269,2),34:320:3,(r,485269,485269),F
[Tue Nov 11 18:03:05 UTC 2025][INFO] [Action] E UpdateStyle - (c,485707,2),34:320:3,(r,485707,485707),F
[Tue Nov 11 18:03:12 UTC 2025][INFO] [Action] E AddTextContainer - (c,485707,2),0,0,0
[Tue Nov 11 18:03:18 UTC 2025][INFO] [Action] E MergeContainer - 486067,0
[Tue Nov 11 18:03:19 UTC 2025][INFO] [Action] E InsertTextContent - (c,486067,2),[SPACE]
[Tue Nov 11 18:03:46 UTC 2025][INFO] [Action] E UpdateStyle - (c,496555,2),34:320:3,(r,496555,496555),F
[Tue Nov 11 18:03:48 UTC 2025][INFO] [Action] E AddTextContainer - (c,496555,2),0,0,0
[Tue Nov 11 18:03:49 UTC 2025][INFO] [Action] E MergeContainer - 496556,1
[Tue Nov 11 18:04:00 UTC 2025][INFO] [Action] E UpdateStyle - (c,498444,2),34:320:3,(r,498444,498444),F
[Tue Nov 11 18:04:01 UTC 2025][INFO] [Action] E AddTextContainer - (c,498444,2),0,0,0
[Tue Nov 11 18:04:06 UTC 2025][INFO] [Action] E UpdateStyle - (c,498625,2),34:320:3,(r,498625,498625),F
[Tue Nov 11 18:04:07 UTC 2025][INFO] [Action] E AddTextContainer - (c,498625,2),0,0,0
[Tue Nov 11 18:04:21 UTC 2025][INFO] [Action] E UpdateStyle - (c,513048,2),34:320:3,(r,513048,513048),F
[Tue Nov 11 18:04:26 UTC 2025][INFO] [Action] E UpdateStyle - (c,512940,2),34:320:3,(r,512940,512940),F
[Tue Nov 11 18:04:34 UTC 2025][INFO] [Action] E UpdateStyle - (c,516910,2),34:320:3,(r,516910,516910),F
[Tue Nov 11 18:04:35 UTC 2025][INFO] [Action] E AddTextContainer - (c,516910,2),0,0,0
[Tue Nov 11 18:05:09 UTC 2025][INFO] [Action] E UpdateStyle - (c,523405,2),34:320:3,(r,523405,523405),F
[Tue Nov 11 18:05:10 UTC 2025][INFO] [Action] E AddTextContainer - (c,523405,2),0,0,0
[Tue Nov 11 18:05:16 UTC 2025][INFO] [Action] E RemoveSectionBreak - 523651,1
[Tue Nov 11 18:05:29 UTC 2025][INFO] [Action] E RemoveSectionBreak - 534583,1
[Tue Nov 11 18:05:46 UTC 2025][INFO] [Action] EE UpdateImageAction - (r,548511,548511),[56:50.000000],2,1,0.000000,0.000000,0.000000,0.000000,0.000000,0.000000,0
[Tue Nov 11 18:05:47 UTC 2025][INFO] [Action] EE UpdateImageAction - (r,548510,548510),[580:320,55:UNK,53:UNK,642:UNK,641:UNK,140:UNK],0,1,0.000000,0.000000,0.000000,0.000000,0.000000,0.000000,0
[Tue Nov 11 18:05:48 UTC 2025][INFO] [Action] EE UpdateImageAction - (r,548510,548510),[56:100.000000],4,1,0.000000,0.000000,0.000000,0.000000,0.000000,0.000000,0
[Tue Nov 11 18:05:57 UTC 2025][INFO] [Action] E SaveBook - SaveforExport
[Tue Nov 11 18:15:29 UTC 2025][INFO] [Action] EE ExportAction
[Tue Nov 11 18:16:18 UTC 2025][INFO] [Action] E SaveBook - Save
[Tue Nov 11 18:16:18 UTC 2025][INFO] Logger Terminated
[Fri Nov 14 06:02:41 UTC 2025][INFO] [Action] EE OpenBook - TAKE ME SAILING FINAL 102825 for Freelancer Oscar (2)_KC.kcb
[Fri Nov 14 06:02:50 UTC 2025][INFO] [Action] E SaveBook - Save
[Fri Nov 14 06:02:53 UTC 2025][INFO] Logger Terminated
