[Sun Dec 14 17:19:11 UTC 2025][INFO] [Action] EE NewBook
[Sun Dec 14 17:19:17 UTC 2025][INFO] [Action] E AutoChapterGroupAction - 0
[Sun Dec 14 17:19:21 UTC 2025][INFO] [Action] E AutoChapterGroupAction - 1
[Sun Dec 14 17:20:40 UTC 2025][INFO] [Action] E UpdateStyle - (c,268,1),34:59:3,(r,268,268),F
[Sun Dec 14 17:20:45 UTC 2025][INFO] [Action] E DeleteContent - (c,301,1),B
[Sun Dec 14 17:20:46 UTC 2025][INFO] [Action] E InsertTextContent - (c,300,1),[SPACE]
[Sun Dec 14 17:20:49 UTC 2025][INFO] [Action] E DeleteContent - (c,301,1),B
[Sun Dec 14 17:20:52 UTC 2025][INFO] [Action] E InsertTextContent - (c,300,1),[SPACE]
[Sun Dec 14 17:21:50 UTC 2025][INFO] [Action] E UpdateStyle - (r,603,617),12:382:3,(r,603,617),F
[Sun Dec 14 17:22:29 UTC 2025][INFO] [Action] E UpdateStyle - (c,628,1),34:59:3,(r,628,628),F
[Sun Dec 14 17:22:31 UTC 2025][INFO] [Action] E UpdateStyle - (c,628,1),34:320:3,(r,628,628),F
[Sun Dec 14 17:22:49 UTC 2025][INFO] [Action] E UpdateStyle - (c,1185,2),34:59:3,(r,1185,1185),F
[Sun Dec 14 17:22:55 UTC 2025][INFO] [Action] E UpdateStyle - (c,1132,2),34:59:3,(r,1132,1132),F
[Sun Dec 14 17:23:08 UTC 2025][INFO] [Action] E ItemChanged - -1,1301
[Sun Dec 14 17:23:13 UTC 2025][INFO] [Action] E ConvertGenericPageAction - 8,3
[Sun Dec 14 17:23:15 UTC 2025][INFO] [Action] E ItemChanged - -1,1
[Sun Dec 14 17:23:15 UTC 2025][INFO] [Action] E ItemChanged - -1,1
[Sun Dec 14 17:23:20 UTC 2025][INFO] [Action] E ItemChanged - -1,5948
[Sun Dec 14 17:23:21 UTC 2025][INFO] [Action] E ItemChanged - -1,6191
[Sun Dec 14 17:23:32 UTC 2025][INFO] [Action] E ApplySemantics - (r,6191,6191),chapter_title
[Sun Dec 14 17:23:45 UTC 2025][INFO] [Action] E UpdateStyle - (r,6190,6198),16:2.000000:2,(r,6190,6198),F
[Sun Dec 14 17:23:46 UTC 2025][INFO] [Action] E UpdateStyle - (r,6190,6198),16:1.000000:2,(r,6190,6198),F
[Sun Dec 14 17:23:46 UTC 2025][INFO] [Action] E UpdateStyle - (r,6190,6198),16:18.000000:2,(r,6190,6198),F
[Sun Dec 14 17:23:51 UTC 2025][INFO] [Action] E UpdateStyle - (r,6190,6198),47:2.250000:2,(r,6190,6198),F
[Sun Dec 14 17:23:52 UTC 2025][INFO] [Action] E UpdateStyle - (r,6190,6198),47:2.500000:2,(r,6190,6198),F
[Sun Dec 14 17:23:53 UTC 2025][INFO] [Action] E UpdateStyle - (r,6190,6198),47:2.250000:2,(r,6190,6198),F
[Sun Dec 14 17:23:54 UTC 2025][INFO] [Action] E UpdateStyle - (r,6190,6198),47:2.000000:2,(r,6190,6198),F
[Sun Dec 14 17:23:54 UTC 2025][INFO] [Action] E UpdateStyle - (r,6190,6198),47:1.750000:2,(r,6190,6198),F
[Sun Dec 14 17:23:54 UTC 2025][INFO] [Action] E UpdateStyle - (r,6190,6198),47:1.500000:2,(r,6190,6198),F
[Sun Dec 14 17:23:55 UTC 2025][INFO] [Action] E UpdateStyle - (r,6190,6198),47:1.250000:2,(r,6190,6198),F
[Sun Dec 14 17:23:55 UTC 2025][INFO] [Action] E UpdateStyle - (r,6190,6198),47:1.000000:2,(r,6190,6198),F
[Sun Dec 14 17:23:55 UTC 2025][INFO] [Action] E UpdateStyle - (r,6190,6198),47:0.750000:2,(r,6190,6198),F
[Sun Dec 14 17:23:56 UTC 2025][INFO] [Action] E UpdateStyle - (r,6190,6198),47:0.500000:2,(r,6190,6198),F
[Sun Dec 14 17:24:02 UTC 2025][INFO] [Action] E UpdateStyle - (r,6190,6198),13:361:3,(r,6190,6198),F
[Sun Dec 14 17:24:03 UTC 2025][INFO] [Action] E UpdateStyle - (r,6190,6198),13:350:3,(r,6190,6198),F
[Sun Dec 14 17:24:27 UTC 2025][INFO] [Action] E UpdateStyle - (c,6198,2),49:0.250000:2,(r,6198,6198),F
[Sun Dec 14 17:24:38 UTC 2025][INFO] [Action] E ApplySemantics - (r,10017,10017),chapter_title
[Sun Dec 14 17:24:40 UTC 2025][INFO] [Action] E ItemChanged - -1,14337
[Sun Dec 14 17:24:43 UTC 2025][INFO] [Action] E ApplySemantics - (r,14337,14337),chapter_title
[Sun Dec 14 17:24:44 UTC 2025][INFO] [Action] E ItemChanged - -1,15751
[Sun Dec 14 17:24:46 UTC 2025][INFO] [Action] E ApplySemantics - (r,15751,15751),chapter_title
[Sun Dec 14 17:24:48 UTC 2025][INFO] [Action] E ItemChanged - -1,20201
[Sun Dec 14 17:24:50 UTC 2025][INFO] [Action] E ApplySemantics - (r,20201,20201),chapter_title
[Sun Dec 14 17:24:55 UTC 2025][INFO] [Action] E ItemChanged - -1,29241
[Sun Dec 14 17:24:56 UTC 2025][INFO] [Action] E ApplySemantics - (r,29241,29241),chapter_title
[Sun Dec 14 17:24:58 UTC 2025][INFO] [Action] E ItemChanged - -1,33145
[Sun Dec 14 17:24:59 UTC 2025][INFO] [Action] E ApplySemantics - (r,33145,33145),chapter_title
[Sun Dec 14 17:25:01 UTC 2025][INFO] [Action] E ItemChanged - -1,38673
[Sun Dec 14 17:25:02 UTC 2025][INFO] [Action] E ApplySemantics - (r,38673,38673),chapter_title
[Sun Dec 14 17:25:04 UTC 2025][INFO] [Action] E ItemChanged - -1,41989
[Sun Dec 14 17:25:06 UTC 2025][INFO] [Action] E ApplySemantics - (r,41989,41989),chapter_title
[Sun Dec 14 17:25:07 UTC 2025][INFO] [Action] E ItemChanged - -1,47217
[Sun Dec 14 17:25:08 UTC 2025][INFO] [Action] E ApplySemantics - (r,47217,47217),chapter_title
[Sun Dec 14 17:25:11 UTC 2025][INFO] [Action] E ItemChanged - -1,52009
[Sun Dec 14 17:25:13 UTC 2025][INFO] [Action] E ApplySemantics - (r,52009,52009),chapter_title
[Sun Dec 14 17:25:18 UTC 2025][INFO] [Action] E ItemChanged - -1,47216
[Sun Dec 14 17:25:19 UTC 2025][INFO] [Action] E ItemChanged - -1,52008
[Sun Dec 14 17:25:20 UTC 2025][INFO] [Action] E ItemChanged - -1,55788
[Sun Dec 14 17:25:23 UTC 2025][INFO] [Action] E ApplySemantics - (r,55788,55788),chapter_title
[Sun Dec 14 17:25:26 UTC 2025][INFO] [Action] E ItemChanged - -1,57349
[Sun Dec 14 17:25:27 UTC 2025][INFO] [Action] E ApplySemantics - (r,57349,57349),chapter_title
[Sun Dec 14 17:25:31 UTC 2025][INFO] [Action] E ItemChanged - -1,64017
[Sun Dec 14 17:25:33 UTC 2025][INFO] [Action] E ApplySemantics - (r,64017,64017),chapter_title
[Sun Dec 14 17:25:36 UTC 2025][INFO] [Action] E ItemChanged - -1,75964
[Sun Dec 14 17:25:38 UTC 2025][INFO] [Action] E ApplySemantics - (r,75964,75964),chapter_title
[Sun Dec 14 17:29:36 UTC 2025][INFO] [Action] E ItemChanged - -1,79992
[Sun Dec 14 17:29:38 UTC 2025][INFO] [Action] E ApplySemantics - (r,79992,79992),chapter_title
[Sun Dec 14 17:29:41 UTC 2025][INFO] [Action] E ItemChanged - -1,87130
[Sun Dec 14 17:29:43 UTC 2025][INFO] [Action] E ApplySemantics - (r,87130,87130),chapter_title
[Sun Dec 14 17:29:46 UTC 2025][INFO] [Action] E ItemChanged - -1,95847
[Sun Dec 14 17:29:48 UTC 2025][INFO] [Action] E ApplySemantics - (r,95847,95847),chapter_title
[Sun Dec 14 17:29:51 UTC 2025][INFO] [Action] E ItemChanged - -1,102971
[Sun Dec 14 17:29:52 UTC 2025][INFO] [Action] E ApplySemantics - (r,102971,102971),chapter_title
[Sun Dec 14 17:29:55 UTC 2025][INFO] [Action] E ItemChanged - -1,107010
[Sun Dec 14 17:29:57 UTC 2025][INFO] [Action] E ApplySemantics - (r,107010,107010),chapter_title
[Sun Dec 14 17:30:00 UTC 2025][INFO] [Action] E ItemChanged - -1,112965
[Sun Dec 14 17:30:02 UTC 2025][INFO] [Action] E ApplySemantics - (r,112965,112965),chapter_title
[Sun Dec 14 17:30:05 UTC 2025][INFO] [Action] E ItemChanged - -1,120651
[Sun Dec 14 17:30:07 UTC 2025][INFO] [Action] E ApplySemantics - (r,120651,120651),chapter_title
[Sun Dec 14 17:30:10 UTC 2025][INFO] [Action] E ItemChanged - -1,126122
[Sun Dec 14 17:30:12 UTC 2025][INFO] [Action] E ApplySemantics - (r,126122,126122),chapter_title
[Sun Dec 14 17:30:14 UTC 2025][INFO] [Action] E ItemChanged - -1,132289
[Sun Dec 14 17:30:16 UTC 2025][INFO] [Action] E ApplySemantics - (r,132289,132289),chapter_title
[Sun Dec 14 17:30:19 UTC 2025][INFO] [Action] E ItemChanged - -1,135842
[Sun Dec 14 17:30:20 UTC 2025][INFO] [Action] E ApplySemantics - (r,135842,135842),chapter_title
[Sun Dec 14 17:30:23 UTC 2025][INFO] [Action] E ItemChanged - -1,142001
[Sun Dec 14 17:30:25 UTC 2025][INFO] [Action] E ApplySemantics - (r,142001,142001),chapter_title
[Sun Dec 14 17:30:28 UTC 2025][INFO] [Action] E ItemChanged - -1,149201
[Sun Dec 14 17:30:30 UTC 2025][INFO] [Action] E ApplySemantics - (r,149201,149201),chapter_title
[Sun Dec 14 17:30:32 UTC 2025][INFO] [Action] E ItemChanged - -1,151748
[Sun Dec 14 17:30:34 UTC 2025][INFO] [Action] E ApplySemantics - (r,151748,151748),chapter_title
[Sun Dec 14 17:30:37 UTC 2025][INFO] [Action] E ItemChanged - -1,159375
[Sun Dec 14 17:30:38 UTC 2025][INFO] [Action] E ApplySemantics - (r,159375,159375),chapter_title
[Sun Dec 14 17:30:41 UTC 2025][INFO] [Action] E ItemChanged - -1,193476
[Sun Dec 14 17:30:43 UTC 2025][INFO] [Action] E ApplySemantics - (r,193476,193476),chapter_title
[Sun Dec 14 17:30:49 UTC 2025][INFO] [Action] E ItemChanged - -1,195605
[Sun Dec 14 17:30:50 UTC 2025][INFO] [Action] E ApplySemantics - (r,195605,195605),chapter_title
[Sun Dec 14 17:30:55 UTC 2025][INFO] [Action] E ApplySemantics - (r,197052,197052),chapter_title
[Sun Dec 14 17:30:58 UTC 2025][INFO] [Action] E ApplySemantics - (r,202573,202573),chapter_title
[Sun Dec 14 17:31:01 UTC 2025][INFO] [Action] E ApplySemantics - (r,210174,210174),chapter_title
[Sun Dec 14 17:31:04 UTC 2025][INFO] [Action] E ApplySemantics - (r,221995,221995),chapter_title
[Sun Dec 14 17:31:07 UTC 2025][INFO] [Action] E ApplySemantics - (r,224451,224451),chapter_title
[Sun Dec 14 17:31:10 UTC 2025][INFO] [Action] E ApplySemantics - (r,225711,225711),chapter_title
[Sun Dec 14 17:31:12 UTC 2025][INFO] [Action] E ApplySemantics - (r,227803,227803),chapter_title
[Sun Dec 14 17:31:15 UTC 2025][INFO] [Action] E ApplySemantics - (r,232417,232417),chapter_title
[Sun Dec 14 17:31:17 UTC 2025][INFO] [Action] E ApplySemantics - (r,233850,233850),chapter_title
[Sun Dec 14 17:31:19 UTC 2025][INFO] [Action] E ApplySemantics - (r,234830,234830),chapter_title
[Sun Dec 14 17:31:22 UTC 2025][INFO] [Action] E ApplySemantics - (r,236962,236962),chapter_title
[Sun Dec 14 17:31:24 UTC 2025][INFO] [Action] E ApplySemantics - (r,240853,240853),chapter_title
[Sun Dec 14 17:31:28 UTC 2025][INFO] [Action] E ApplySemantics - (r,249335,249335),chapter_title
[Sun Dec 14 17:31:31 UTC 2025][INFO] [Action] E ApplySemantics - (r,256833,256833),chapter_title
[Sun Dec 14 17:31:34 UTC 2025][INFO] [Action] E ApplySemantics - (r,266240,266240),chapter_title
[Sun Dec 14 17:31:36 UTC 2025][INFO] [Action] E ApplySemantics - (r,273594,273594),chapter_title
[Sun Dec 14 17:31:39 UTC 2025][INFO] [Action] E ApplySemantics - (r,278522,278522),chapter_title
[Sun Dec 14 17:31:42 UTC 2025][INFO] [Action] E ApplySemantics - (r,283836,283836),chapter_title
[Sun Dec 14 17:31:45 UTC 2025][INFO] [Action] E ApplySemantics - (r,290248,290248),chapter_title
[Sun Dec 14 17:31:48 UTC 2025][INFO] [Action] E ApplySemantics - (r,292662,292662),chapter_title
[Sun Dec 14 17:31:50 UTC 2025][INFO] [Action] E ApplySemantics - (r,296853,296853),chapter_title
[Sun Dec 14 17:31:54 UTC 2025][INFO] [Action] E ApplySemantics - (r,299493,299493),chapter_title
[Sun Dec 14 17:31:57 UTC 2025][INFO] [Action] E ApplySemantics - (r,306994,306994),chapter_title
[Sun Dec 14 17:32:00 UTC 2025][INFO] [Action] E ApplySemantics - (r,308438,308438),chapter_title
[Sun Dec 14 17:32:03 UTC 2025][INFO] [Action] E ApplySemantics - (r,312539,312539),chapter_title
[Sun Dec 14 17:32:05 UTC 2025][INFO] [Action] E ApplySemantics - (r,319591,319591),chapter_title
[Sun Dec 14 17:32:08 UTC 2025][INFO] [Action] E ApplySemantics - (r,330846,330846),chapter_title
[Sun Dec 14 17:32:11 UTC 2025][INFO] [Action] E ApplySemantics - (r,331464,331464),chapter_title
[Sun Dec 14 17:32:15 UTC 2025][INFO] [Action] E ApplySemantics - (r,334068,334068),chapter_title
[Sun Dec 14 17:32:17 UTC 2025][INFO] [Action] E ApplySemantics - (r,336713,336713),chapter_title
[Sun Dec 14 17:32:20 UTC 2025][INFO] [Action] E ApplySemantics - (r,337768,337768),chapter_title
[Sun Dec 14 17:32:23 UTC 2025][INFO] [Action] E ApplySemantics - (r,338943,338943),chapter_title
[Sun Dec 14 17:32:25 UTC 2025][INFO] [Action] E ApplySemantics - (r,341171,341171),chapter_title
[Sun Dec 14 17:32:28 UTC 2025][INFO] [Action] E ApplySemantics - (r,342362,342362),chapter_title
[Sun Dec 14 17:32:32 UTC 2025][INFO] [Action] E ApplySemantics - (r,354730,354730),chapter_title
[Sun Dec 14 17:32:34 UTC 2025][INFO] [Action] E ApplySemantics - (r,355822,355822),chapter_title
[Sun Dec 14 17:32:36 UTC 2025][INFO] [Action] E ApplySemantics - (r,365021,365021),chapter_title
[Sun Dec 14 17:32:39 UTC 2025][INFO] [Action] E ApplySemantics - (r,375789,375789),chapter_title
[Sun Dec 14 17:32:41 UTC 2025][INFO] [Action] E ApplySemantics - (r,378501,378501),chapter_title
[Sun Dec 14 17:32:44 UTC 2025][INFO] [Action] E ApplySemantics - (r,380620,380620),chapter_title
[Sun Dec 14 17:32:47 UTC 2025][INFO] [Action] E ApplySemantics - (r,389288,389288),chapter_title
[Sun Dec 14 17:32:51 UTC 2025][INFO] [Action] E ApplySemantics - (r,390696,390696),chapter_title
[Sun Dec 14 17:32:57 UTC 2025][INFO] [Action] E ApplySemantics - (r,392409,392409),chapter_title
[Sun Dec 14 17:33:08 UTC 2025][INFO] [Action] E UpdateStyle - (c,393233,1),34:59:3,(r,393233,393233),F
[Sun Dec 14 17:33:20 UTC 2025][INFO] [Action] E ItemChanged - -1,5948
[Sun Dec 14 17:33:22 UTC 2025][INFO] [Action] E ItemChanged - -1,5510
[Sun Dec 14 17:33:23 UTC 2025][INFO] [Action] E ItemChanged - -1,4891
[Sun Dec 14 17:33:44 UTC 2025][INFO] [Action] E DeleteContent - (r,5511,5511),F
[Sun Dec 14 17:33:44 UTC 2025][INFO] [Action] E DeleteContent - (r,5511,5511),F
[Sun Dec 14 17:33:44 UTC 2025][INFO] [Action] E DeleteContent - (r,5511,5511),F
[Sun Dec 14 17:33:44 UTC 2025][INFO] [Action] E DeleteContent - (r,5511,5511),F
[Sun Dec 14 17:33:45 UTC 2025][INFO] [Action] E DeleteContent - (r,5511,5511),F
[Sun Dec 14 17:33:45 UTC 2025][INFO] [Action] E DeleteContent - (r,5511,5511),F
[Sun Dec 14 17:33:45 UTC 2025][INFO] [Action] E DeleteContent - (r,5511,5511),F
[Sun Dec 14 17:33:45 UTC 2025][INFO] [Action] E DeleteContent - (r,5511,5511),F
[Sun Dec 14 17:33:47 UTC 2025][INFO] [Action] E DeleteContent - (r,5511,5511),F
[Sun Dec 14 17:33:47 UTC 2025][INFO] [Action] E DeleteContent - (r,5511,5511),F
[Sun Dec 14 17:33:47 UTC 2025][INFO] [Action] E DeleteContent - (r,5511,5511),F
[Sun Dec 14 17:33:47 UTC 2025][INFO] [Action] E DeleteContent - (r,5511,5511),F
[Sun Dec 14 17:33:47 UTC 2025][INFO] [Action] E DeleteContent - (r,5511,5511),F
[Sun Dec 14 17:33:47 UTC 2025][INFO] [Action] E DeleteContent - (r,5511,5511),F
[Sun Dec 14 17:33:47 UTC 2025][INFO] [Action] E DeleteContent - (r,5511,5511),F
[Sun Dec 14 17:33:47 UTC 2025][INFO] [Action] E DeleteContent - (r,5511,5511),F
[Sun Dec 14 17:33:47 UTC 2025][INFO] [Action] E DeleteContent - (r,5511,5511),F
[Sun Dec 14 17:33:47 UTC 2025][INFO] [Action] E DeleteContent - (r,5511,5511),F
[Sun Dec 14 17:33:48 UTC 2025][INFO] [Action] E DeleteContent - (r,5511,5511),F
[Sun Dec 14 17:33:48 UTC 2025][INFO] [Action] E DeleteContent - (r,5511,5511),F
[Sun Dec 14 17:33:48 UTC 2025][INFO] [Action] E DeleteContent - (r,5511,5511),F
[Sun Dec 14 17:33:48 UTC 2025][INFO] [Action] E DeleteContent - (r,5511,5511),F
[Sun Dec 14 17:33:48 UTC 2025][INFO] [Action] E DeleteContent - (r,5511,5511),F
[Sun Dec 14 17:33:48 UTC 2025][INFO] [Action] E DeleteContent - (r,5511,5511),F
[Sun Dec 14 17:33:49 UTC 2025][INFO] [Action] E DeleteContent - (r,5511,5511),F
[Sun Dec 14 17:33:49 UTC 2025][INFO] [Action] E DeleteContent - (r,5511,5511),F
[Sun Dec 14 17:33:49 UTC 2025][INFO] [Action] E DeleteContent - (r,5511,5511),F
[Sun Dec 14 17:33:49 UTC 2025][INFO] [Action] E DeleteContent - (r,5511,5511),F
[Sun Dec 14 17:33:49 UTC 2025][INFO] [Action] E DeleteContent - (r,5511,5511),F
[Sun Dec 14 17:33:49 UTC 2025][INFO] [Action] E DeleteContent - (r,5511,5511),F
[Sun Dec 14 17:33:50 UTC 2025][INFO] [Action] E DeleteContent - (r,5511,5511),F
[Sun Dec 14 17:33:50 UTC 2025][INFO] [Action] E DeleteContent - (r,5511,5511),F
[Sun Dec 14 17:33:50 UTC 2025][INFO] [Action] E DeleteContent - (r,5511,5511),F
[Sun Dec 14 17:33:50 UTC 2025][INFO] [Action] E DeleteContent - (r,5511,5511),F
[Sun Dec 14 17:33:50 UTC 2025][INFO] [Action] E DeleteContent - (r,5511,5511),F
[Sun Dec 14 17:33:50 UTC 2025][INFO] [Action] E DeleteContent - (r,5511,5511),F
[Sun Dec 14 17:33:50 UTC 2025][INFO] [Action] E DeleteContent - (r,5511,5511),F
[Sun Dec 14 17:33:50 UTC 2025][INFO] [Action] E DeleteContent - (r,5511,5511),F
[Sun Dec 14 17:33:50 UTC 2025][INFO] [Action] E DeleteContent - (r,5511,5511),F
[Sun Dec 14 17:33:50 UTC 2025][INFO] [Action] E DeleteContent - (r,5511,5511),F
[Sun Dec 14 17:33:51 UTC 2025][INFO] [Action] E DeleteContent - (r,5511,5511),F
[Sun Dec 14 17:33:51 UTC 2025][INFO] [Action] E DeleteContent - (r,5512,5512),F
[Sun Dec 14 17:33:51 UTC 2025][INFO] [Action] E DeleteContent - (r,5512,5512),F
[Sun Dec 14 17:33:51 UTC 2025][INFO] [Action] E DeleteContent - (r,5512,5512),F
[Sun Dec 14 17:33:51 UTC 2025][INFO] [Action] E DeleteContent - (r,5512,5512),F
[Sun Dec 14 17:33:51 UTC 2025][INFO] [Action] E DeleteContent - (r,5512,5512),F
[Sun Dec 14 17:33:51 UTC 2025][INFO] [Action] E DeleteContent - (r,5512,5512),F
[Sun Dec 14 17:33:51 UTC 2025][INFO] [Action] E DeleteContent - (r,5512,5512),F
[Sun Dec 14 17:33:52 UTC 2025][INFO] [Action] E DeleteContent - (r,5512,5512),F
[Sun Dec 14 17:33:52 UTC 2025][INFO] [Action] E DeleteContent - (r,5512,5512),F
[Sun Dec 14 17:33:52 UTC 2025][INFO] [Action] E DeleteContent - (r,5512,5512),F
[Sun Dec 14 17:33:52 UTC 2025][INFO] [Action] E DeleteContent - (r,5512,5512),F
[Sun Dec 14 17:33:52 UTC 2025][INFO] [Action] E DeleteContent - (r,5512,5512),F
[Sun Dec 14 17:33:52 UTC 2025][INFO] [Action] E DeleteContent - (r,5512,5512),F
[Sun Dec 14 17:33:52 UTC 2025][INFO] [Action] E DeleteContent - (r,5512,5512),F
[Sun Dec 14 17:33:53 UTC 2025][INFO] [Action] E DeleteContent - (r,5512,5512),F
[Sun Dec 14 17:33:53 UTC 2025][INFO] [Action] E DeleteContent - (r,5512,5512),F
[Sun Dec 14 17:33:53 UTC 2025][INFO] [Action] E DeleteContent - (r,5512,5512),F
[Sun Dec 14 17:33:53 UTC 2025][INFO] [Action] E DeleteContent - (r,5512,5512),F
[Sun Dec 14 17:33:54 UTC 2025][INFO] [Action] E DeleteContent - (r,5512,5512),F
[Sun Dec 14 17:33:54 UTC 2025][INFO] [Action] E DeleteContent - (r,5512,5512),F
[Sun Dec 14 17:33:54 UTC 2025][INFO] [Action] E DeleteContent - (r,5512,5512),F
[Sun Dec 14 17:33:54 UTC 2025][INFO] [Action] E DeleteContent - (r,5512,5512),F
[Sun Dec 14 17:33:54 UTC 2025][INFO] [Action] E DeleteContent - (r,5512,5512),F
[Sun Dec 14 17:33:54 UTC 2025][INFO] [Action] E DeleteContent - (r,5512,5512),F
[Sun Dec 14 17:33:54 UTC 2025][INFO] [Action] E DeleteContent - (r,5512,5512),F
[Sun Dec 14 17:33:54 UTC 2025][INFO] [Action] E DeleteContent - (r,5512,5512),F
[Sun Dec 14 17:33:54 UTC 2025][INFO] [Action] E DeleteContent - (r,5512,5512),F
[Sun Dec 14 17:33:54 UTC 2025][INFO] [Action] E DeleteContent - (r,5512,5512),F
[Sun Dec 14 17:33:55 UTC 2025][INFO] [Action] E DeleteContent - (r,5512,5512),F
[Sun Dec 14 17:33:55 UTC 2025][INFO] [Action] E DeleteContent - (r,5512,5512),F
[Sun Dec 14 17:33:55 UTC 2025][INFO] [Action] E DeleteContent - (r,5512,5512),F
[Sun Dec 14 17:33:55 UTC 2025][INFO] [Action] E DeleteContent - (r,5512,5512),F
[Sun Dec 14 17:33:55 UTC 2025][INFO] [Action] E DeleteContent - (r,5512,5512),F
[Sun Dec 14 17:33:55 UTC 2025][INFO] [Action] E DeleteContent - (r,5512,5512),F
[Sun Dec 14 17:33:55 UTC 2025][INFO] [Action] E DeleteContent - (r,5512,5512),F
[Sun Dec 14 17:33:55 UTC 2025][INFO] [Action] E DeleteContent - (r,5512,5512),F
[Sun Dec 14 17:33:55 UTC 2025][INFO] [Action] E DeleteContent - (r,5512,5512),F
[Sun Dec 14 17:33:55 UTC 2025][INFO] [Action] E DeleteContent - (r,5512,5512),F
[Sun Dec 14 17:33:55 UTC 2025][INFO] [Action] E DeleteContent - (r,5512,5512),F
[Sun Dec 14 17:33:55 UTC 2025][INFO] [Action] E DeleteContent - (r,5512,5512),F
[Sun Dec 14 17:33:55 UTC 2025][INFO] [Action] E DeleteContent - (r,5512,5512),F
[Sun Dec 14 17:33:55 UTC 2025][INFO] [Action] E DeleteContent - (r,5512,5512),F
[Sun Dec 14 17:33:55 UTC 2025][INFO] [Action] E DeleteContent - (r,5512,5512),F
[Sun Dec 14 17:33:55 UTC 2025][INFO] [Action] E DeleteContent - (r,5512,5512),F
[Sun Dec 14 17:33:55 UTC 2025][INFO] [Action] E DeleteContent - (r,5512,5512),F
[Sun Dec 14 17:33:55 UTC 2025][INFO] [Action] E DeleteContent - (r,5512,5512),F
[Sun Dec 14 17:33:55 UTC 2025][INFO] [Action] E DeleteContent - (r,5512,5512),F
[Sun Dec 14 17:33:55 UTC 2025][INFO] [Action] E DeleteContent - (r,5512,5512),F
[Sun Dec 14 17:33:55 UTC 2025][INFO] [Action] E DeleteContent - (r,5512,5512),F
[Sun Dec 14 17:33:55 UTC 2025][INFO] [Action] E DeleteContent - (r,5512,5512),F
[Sun Dec 14 17:33:55 UTC 2025][INFO] [Action] E DeleteContent - (r,5512,5512),F
[Sun Dec 14 17:33:55 UTC 2025][INFO] [Action] E DeleteContent - (r,5512,5512),F
[Sun Dec 14 17:33:56 UTC 2025][INFO] [Action] E DeleteContent - (r,5512,5512),F
[Sun Dec 14 17:33:56 UTC 2025][INFO] [Action] E DeleteContent - (r,5512,5512),F
[Sun Dec 14 17:33:56 UTC 2025][INFO] [Action] E DeleteContent - (r,5512,5512),F
[Sun Dec 14 17:33:56 UTC 2025][INFO] [Action] E DeleteContent - (r,5512,5512),F
[Sun Dec 14 17:33:56 UTC 2025][INFO] [Action] E DeleteContent - (r,5512,5512),F
[Sun Dec 14 17:33:56 UTC 2025][INFO] [Action] E DeleteContent - (r,5512,5512),F
[Sun Dec 14 17:33:56 UTC 2025][INFO] [Action] E DeleteContent - (r,5512,5512),F
[Sun Dec 14 17:33:56 UTC 2025][INFO] [Action] E DeleteContent - (r,5512,5512),F
[Sun Dec 14 17:33:56 UTC 2025][INFO] [Action] E DeleteContent - (r,5512,5512),F
[Sun Dec 14 17:33:56 UTC 2025][INFO] [Action] E DeleteContent - (r,5512,5512),F
[Sun Dec 14 17:33:56 UTC 2025][INFO] [Action] E DeleteContent - (r,5512,5512),F
[Sun Dec 14 17:33:56 UTC 2025][INFO] [Action] E DeleteContent - (r,5512,5512),F
[Sun Dec 14 17:33:56 UTC 2025][INFO] [Action] E DeleteContent - (r,5512,5512),F
[Sun Dec 14 17:33:56 UTC 2025][INFO] [Action] E DeleteContent - (r,5512,5512),F
[Sun Dec 14 17:33:56 UTC 2025][INFO] [Action] E DeleteContent - (r,5512,5512),F
[Sun Dec 14 17:33:56 UTC 2025][INFO] [Action] E DeleteContent - (r,5512,5512),F
[Sun Dec 14 17:33:56 UTC 2025][INFO] [Action] E DeleteContent - (r,5512,5512),F
[Sun Dec 14 17:33:56 UTC 2025][INFO] [Action] E DeleteContent - (r,5512,5512),F
[Sun Dec 14 17:33:56 UTC 2025][INFO] [Action] E DeleteContent - (r,5512,5512),F
[Sun Dec 14 17:33:56 UTC 2025][INFO] [Action] E DeleteContent - (r,5512,5512),F
[Sun Dec 14 17:33:56 UTC 2025][INFO] [Action] E DeleteContent - (r,5512,5512),F
[Sun Dec 14 17:33:56 UTC 2025][INFO] [Action] E DeleteContent - (r,5512,5512),F
[Sun Dec 14 17:33:56 UTC 2025][INFO] [Action] E DeleteContent - (r,5512,5512),F
[Sun Dec 14 17:33:56 UTC 2025][INFO] [Action] E DeleteContent - (r,5512,5512),F
[Sun Dec 14 17:33:57 UTC 2025][INFO] [Action] E DeleteContent - (r,5512,5512),F
[Sun Dec 14 17:33:57 UTC 2025][INFO] [Action] E DeleteContent - (r,5512,5512),F
[Sun Dec 14 17:33:57 UTC 2025][INFO] [Action] E DeleteContent - (r,5512,5512),F
[Sun Dec 14 17:33:57 UTC 2025][INFO] [Action] E DeleteContent - (r,5512,5512),F
[Sun Dec 14 17:33:57 UTC 2025][INFO] [Action] E DeleteContent - (r,5512,5512),F
[Sun Dec 14 17:33:57 UTC 2025][INFO] [Action] E DeleteContent - (r,5512,5512),F
[Sun Dec 14 17:33:57 UTC 2025][INFO] [Action] E DeleteContent - (r,5512,5512),F
[Sun Dec 14 17:33:57 UTC 2025][INFO] [Action] E DeleteContent - (r,5512,5512),F
[Sun Dec 14 17:33:57 UTC 2025][INFO] [Action] E DeleteContent - (r,5512,5512),F
[Sun Dec 14 17:33:57 UTC 2025][INFO] [Action] E DeleteContent - (r,5512,5512),F
[Sun Dec 14 17:33:57 UTC 2025][INFO] [Action] E DeleteContent - (r,5512,5512),F
[Sun Dec 14 17:33:57 UTC 2025][INFO] [Action] E DeleteContent - (r,5512,5512),F
[Sun Dec 14 17:33:57 UTC 2025][INFO] [Action] E DeleteContent - (r,5512,5512),F
[Sun Dec 14 17:33:58 UTC 2025][INFO] [Action] E DeleteContent - (r,5512,5512),F
[Sun Dec 14 17:33:58 UTC 2025][INFO] [Action] E DeleteContent - (r,5512,5512),F
[Sun Dec 14 17:33:58 UTC 2025][INFO] [Action] E DeleteContent - (r,5512,5512),F
[Sun Dec 14 17:33:58 UTC 2025][INFO] [Action] E DeleteContent - (r,5512,5512),F
[Sun Dec 14 17:33:58 UTC 2025][INFO] [Action] E DeleteContent - (r,5512,5512),F
[Sun Dec 14 17:33:58 UTC 2025][INFO] [Action] E DeleteContent - (r,5512,5512),F
[Sun Dec 14 17:33:58 UTC 2025][INFO] [Action] E DeleteContent - (r,5512,5512),F
[Sun Dec 14 17:33:58 UTC 2025][INFO] [Action] E DeleteContent - (r,5512,5512),F
[Sun Dec 14 17:33:58 UTC 2025][INFO] [Action] E DeleteContent - (r,5512,5512),F
[Sun Dec 14 17:33:58 UTC 2025][INFO] [Action] E DeleteContent - (r,5512,5512),F
[Sun Dec 14 17:33:58 UTC 2025][INFO] [Action] E DeleteContent - (r,5512,5512),F
[Sun Dec 14 17:33:58 UTC 2025][INFO] [Action] E DeleteContent - (r,5512,5512),F
[Sun Dec 14 17:33:58 UTC 2025][INFO] [Action] E DeleteContent - (r,5512,5512),F
[Sun Dec 14 17:33:58 UTC 2025][INFO] [Action] E DeleteContent - (r,5512,5512),F
[Sun Dec 14 17:33:58 UTC 2025][INFO] [Action] E DeleteContent - (r,5512,5512),F
[Sun Dec 14 17:33:58 UTC 2025][INFO] [Action] E DeleteContent - (r,5512,5513),F
[Sun Dec 14 17:33:58 UTC 2025][INFO] [Action] E DeleteContent - (r,5512,5512),F
[Sun Dec 14 17:33:58 UTC 2025][INFO] [Action] E DeleteContent - (r,5512,5512),F
[Sun Dec 14 17:33:58 UTC 2025][INFO] [Action] E DeleteContent - (r,5512,5512),F
[Sun Dec 14 17:33:58 UTC 2025][INFO] [Action] E DeleteContent - (r,5512,5512),F
[Sun Dec 14 17:33:58 UTC 2025][INFO] [Action] E DeleteContent - (r,5512,5512),F
[Sun Dec 14 17:33:58 UTC 2025][INFO] [Action] E DeleteContent - (r,5512,5512),F
[Sun Dec 14 17:33:58 UTC 2025][INFO] [Action] E DeleteContent - (r,5512,5512),F
[Sun Dec 14 17:33:59 UTC 2025][INFO] [Action] E DeleteContent - (r,5512,5512),F
[Sun Dec 14 17:33:59 UTC 2025][INFO] [Action] E DeleteContent - (r,5512,5512),F
[Sun Dec 14 17:33:59 UTC 2025][INFO] [Action] E DeleteContent - (r,5512,5512),F
[Sun Dec 14 17:33:59 UTC 2025][INFO] [Action] E DeleteContent - (r,5512,5512),F
[Sun Dec 14 17:33:59 UTC 2025][INFO] [Action] E DeleteContent - (r,5512,5512),F
[Sun Dec 14 17:33:59 UTC 2025][INFO] [Action] E DeleteContent - (r,5512,5512),F
[Sun Dec 14 17:33:59 UTC 2025][INFO] [Action] E DeleteContent - (r,5512,5512),F
[Sun Dec 14 17:33:59 UTC 2025][INFO] [Action] E DeleteContent - (r,5512,5512),F
[Sun Dec 14 17:33:59 UTC 2025][INFO] [Action] E DeleteContent - (r,5512,5512),F
[Sun Dec 14 17:33:59 UTC 2025][INFO] [Action] E DeleteContent - (r,5512,5512),F
[Sun Dec 14 17:33:59 UTC 2025][INFO] [Action] E DeleteContent - (r,5512,5512),F
[Sun Dec 14 17:33:59 UTC 2025][INFO] [Action] E DeleteContent - (r,5512,5512),F
[Sun Dec 14 17:33:59 UTC 2025][INFO] [Action] E DeleteContent - (r,5512,5512),F
[Sun Dec 14 17:33:59 UTC 2025][INFO] [Action] E DeleteContent - (r,5512,5512),F
[Sun Dec 14 17:33:59 UTC 2025][INFO] [Action] E DeleteContent - (r,5512,5512),F
[Sun Dec 14 17:33:59 UTC 2025][INFO] [Action] E DeleteContent - (r,5512,5512),F
[Sun Dec 14 17:33:59 UTC 2025][INFO] [Action] E DeleteContent - (r,5512,5512),F
[Sun Dec 14 17:33:59 UTC 2025][INFO] [Action] E DeleteContent - (r,5512,5512),F
[Sun Dec 14 17:33:59 UTC 2025][INFO] [Action] E DeleteContent - (r,5512,5512),F
[Sun Dec 14 17:33:59 UTC 2025][INFO] [Action] E DeleteContent - (r,5512,5512),F
[Sun Dec 14 17:33:59 UTC 2025][INFO] [Action] E DeleteContent - (r,5512,5512),F
[Sun Dec 14 17:33:59 UTC 2025][INFO] [Action] E DeleteContent - (r,5512,5512),F
[Sun Dec 14 17:33:59 UTC 2025][INFO] [Action] E DeleteContent - (r,5512,5512),F
[Sun Dec 14 17:33:59 UTC 2025][INFO] [Action] E DeleteContent - (r,5512,5512),F
[Sun Dec 14 17:34:00 UTC 2025][INFO] [Action] E DeleteContent - (r,5512,5512),F
[Sun Dec 14 17:34:00 UTC 2025][INFO] [Action] E DeleteContent - (r,5512,5512),F
[Sun Dec 14 17:34:00 UTC 2025][INFO] [Action] E DeleteContent - (r,5512,5512),F
[Sun Dec 14 17:34:00 UTC 2025][INFO] [Action] E DeleteContent - (r,5512,5512),F
[Sun Dec 14 17:34:00 UTC 2025][INFO] [Action] E DeleteContent - (r,5512,5512),F
[Sun Dec 14 17:34:00 UTC 2025][INFO] [Action] E DeleteContent - (r,5512,5512),F
[Sun Dec 14 17:34:00 UTC 2025][INFO] [Action] E DeleteContent - (r,5512,5512),F
[Sun Dec 14 17:34:00 UTC 2025][INFO] [Action] E DeleteContent - (r,5512,5512),F
[Sun Dec 14 17:34:00 UTC 2025][INFO] [Action] E DeleteContent - (r,5512,5512),F
[Sun Dec 14 17:34:00 UTC 2025][INFO] [Action] E DeleteContent - (r,5512,5512),F
[Sun Dec 14 17:34:00 UTC 2025][INFO] [Action] E DeleteContent - (r,5512,5512),F
[Sun Dec 14 17:34:00 UTC 2025][INFO] [Action] E DeleteContent - (r,5512,5512),F
[Sun Dec 14 17:34:00 UTC 2025][INFO] [Action] E DeleteContent - (r,5512,5512),F
[Sun Dec 14 17:34:00 UTC 2025][INFO] [Action] E DeleteContent - (r,5512,5512),F
[Sun Dec 14 17:34:00 UTC 2025][INFO] [Action] E DeleteContent - (r,5512,5512),F
[Sun Dec 14 17:34:00 UTC 2025][INFO] [Action] E DeleteContent - (r,5512,5512),F
[Sun Dec 14 17:34:00 UTC 2025][INFO] [Action] E DeleteContent - (r,5512,5512),F
[Sun Dec 14 17:34:00 UTC 2025][INFO] [Action] E DeleteContent - (r,5512,5512),F
[Sun Dec 14 17:34:00 UTC 2025][INFO] [Action] E DeleteContent - (r,5512,5512),F
[Sun Dec 14 17:34:00 UTC 2025][INFO] [Action] E DeleteContent - (r,5512,5512),F
[Sun Dec 14 17:34:00 UTC 2025][INFO] [Action] E DeleteContent - (r,5512,5512),F
[Sun Dec 14 17:34:00 UTC 2025][INFO] [Action] E DeleteContent - (r,5512,5512),F
[Sun Dec 14 17:34:00 UTC 2025][INFO] [Action] E DeleteContent - (r,5512,5512),F
[Sun Dec 14 17:34:00 UTC 2025][INFO] [Action] E DeleteContent - (r,5512,5512),F
[Sun Dec 14 17:34:00 UTC 2025][INFO] [Action] E DeleteContent - (r,5512,5512),F
[Sun Dec 14 17:34:01 UTC 2025][INFO] [Action] E DeleteContent - (r,5512,5512),F
[Sun Dec 14 17:34:01 UTC 2025][INFO] [Action] E DeleteContent - (r,5512,5512),F
[Sun Dec 14 17:34:01 UTC 2025][INFO] [Action] E DeleteContent - (r,5512,5512),F
[Sun Dec 14 17:34:01 UTC 2025][INFO] [Action] E DeleteContent - (r,5512,5512),F
[Sun Dec 14 17:34:01 UTC 2025][INFO] [Action] E DeleteContent - (r,5512,5512),F
[Sun Dec 14 17:34:01 UTC 2025][INFO] [Action] E DeleteContent - (r,5512,5512),F
[Sun Dec 14 17:34:01 UTC 2025][INFO] [Action] E DeleteContent - (r,5512,5512),F
[Sun Dec 14 17:34:01 UTC 2025][INFO] [Action] E DeleteContent - (r,5512,5512),F
[Sun Dec 14 17:34:01 UTC 2025][INFO] [Action] E DeleteContent - (r,5512,5512),F
[Sun Dec 14 17:34:01 UTC 2025][INFO] [Action] E DeleteContent - (r,5512,5512),F
[Sun Dec 14 17:34:01 UTC 2025][INFO] [Action] E DeleteContent - (r,5512,5512),F
[Sun Dec 14 17:34:01 UTC 2025][INFO] [Action] E DeleteContent - (r,5512,5512),F
[Sun Dec 14 17:34:01 UTC 2025][INFO] [Action] E DeleteContent - (r,5512,5512),F
[Sun Dec 14 17:34:01 UTC 2025][INFO] [Action] E DeleteContent - (r,5512,5512),F
[Sun Dec 14 17:34:01 UTC 2025][INFO] [Action] E DeleteContent - (r,5512,5512),F
[Sun Dec 14 17:34:01 UTC 2025][INFO] [Action] E DeleteContent - (r,5512,5512),F
[Sun Dec 14 17:34:01 UTC 2025][INFO] [Action] E DeleteContent - (r,5512,5512),F
[Sun Dec 14 17:34:01 UTC 2025][INFO] [Action] E DeleteContent - (r,5512,5512),F
[Sun Dec 14 17:34:01 UTC 2025][INFO] [Action] E DeleteContent - (r,5512,5512),F
[Sun Dec 14 17:34:01 UTC 2025][INFO] [Action] E DeleteContent - (r,5512,5512),F
[Sun Dec 14 17:34:01 UTC 2025][INFO] [Action] E DeleteContent - (r,5512,5512),F
[Sun Dec 14 17:34:01 UTC 2025][INFO] [Action] E DeleteContent - (r,5512,5512),F
[Sun Dec 14 17:34:01 UTC 2025][INFO] [Action] E DeleteContent - (r,5512,5512),F
[Sun Dec 14 17:34:01 UTC 2025][INFO] [Action] E DeleteContent - (r,5512,5512),F
[Sun Dec 14 17:34:01 UTC 2025][INFO] [Action] E DeleteContent - (r,5512,5512),F
[Sun Dec 14 17:34:02 UTC 2025][INFO] [Action] E DeleteContent - (r,5512,5512),F
[Sun Dec 14 17:34:02 UTC 2025][INFO] [Action] E DeleteContent - (r,5512,5512),F
[Sun Dec 14 17:34:02 UTC 2025][INFO] [Action] E DeleteContent - (r,5512,5512),F
[Sun Dec 14 17:34:02 UTC 2025][INFO] [Action] E DeleteContent - (r,5512,5512),F
[Sun Dec 14 17:34:02 UTC 2025][INFO] [Action] E DeleteContent - (r,5512,5512),F
[Sun Dec 14 17:34:02 UTC 2025][INFO] [Action] E DeleteContent - (r,5512,5512),F
[Sun Dec 14 17:34:02 UTC 2025][INFO] [Action] E DeleteContent - (r,5512,5512),F
[Sun Dec 14 17:34:02 UTC 2025][INFO] [Action] E DeleteContent - (r,5512,5512),F
[Sun Dec 14 17:34:02 UTC 2025][INFO] [Action] E DeleteContent - (r,5512,5512),F
[Sun Dec 14 17:34:02 UTC 2025][INFO] [Action] E DeleteContent - (r,5512,5512),F
[Sun Dec 14 17:34:02 UTC 2025][INFO] [Action] E DeleteContent - (r,5512,5512),F
[Sun Dec 14 17:34:02 UTC 2025][INFO] [Action] E DeleteContent - (r,5512,5512),F
[Sun Dec 14 17:34:02 UTC 2025][INFO] [Action] E DeleteContent - (r,5512,5512),F
[Sun Dec 14 17:34:02 UTC 2025][INFO] [Action] E DeleteContent - (r,5512,5512),F
[Sun Dec 14 17:34:02 UTC 2025][INFO] [Action] E DeleteContent - (r,5512,5512),F
[Sun Dec 14 17:34:02 UTC 2025][INFO] [Action] E DeleteContent - (r,5512,5512),F
[Sun Dec 14 17:34:02 UTC 2025][INFO] [Action] E DeleteContent - (r,5512,5512),F
[Sun Dec 14 17:34:02 UTC 2025][INFO] [Action] E DeleteContent - (r,5512,5512),F
[Sun Dec 14 17:34:02 UTC 2025][INFO] [Action] E DeleteContent - (r,5512,5512),F
[Sun Dec 14 17:34:02 UTC 2025][INFO] [Action] E DeleteContent - (r,5512,5512),F
[Sun Dec 14 17:34:02 UTC 2025][INFO] [Action] E DeleteContent - (r,5512,5513),F
[Sun Dec 14 17:34:02 UTC 2025][INFO] [Action] E DeleteContent - (r,5512,5512),F
[Sun Dec 14 17:34:02 UTC 2025][INFO] [Action] E DeleteContent - (r,5512,5512),F
[Sun Dec 14 17:34:02 UTC 2025][INFO] [Action] E DeleteContent - (r,5512,5512),F
[Sun Dec 14 17:34:02 UTC 2025][INFO] [Action] E DeleteContent - (r,5512,5512),F
[Sun Dec 14 17:34:03 UTC 2025][INFO] [Action] E DeleteContent - (r,5512,5512),F
[Sun Dec 14 17:34:03 UTC 2025][INFO] [Action] E DeleteContent - (r,5512,5512),F
[Sun Dec 14 17:34:03 UTC 2025][INFO] [Action] E DeleteContent - (r,5512,5512),F
[Sun Dec 14 17:34:03 UTC 2025][INFO] [Action] E DeleteContent - (r,5512,5512),F
[Sun Dec 14 17:34:03 UTC 2025][INFO] [Action] E DeleteContent - (r,5512,5512),F
[Sun Dec 14 17:34:03 UTC 2025][INFO] [Action] E DeleteContent - (r,5512,5512),F
[Sun Dec 14 17:34:03 UTC 2025][INFO] [Action] E DeleteContent - (r,5512,5512),F
[Sun Dec 14 17:34:03 UTC 2025][INFO] [Action] E DeleteContent - (r,5512,5512),F
[Sun Dec 14 17:34:03 UTC 2025][INFO] [Action] E DeleteContent - (r,5512,5512),F
[Sun Dec 14 17:34:03 UTC 2025][INFO] [Action] E DeleteContent - (r,5512,5512),F
[Sun Dec 14 17:34:03 UTC 2025][INFO] [Action] E DeleteContent - (r,5512,5512),F
[Sun Dec 14 17:34:03 UTC 2025][INFO] [Action] E DeleteContent - (r,5512,5512),F
[Sun Dec 14 17:34:03 UTC 2025][INFO] [Action] E DeleteContent - (r,5512,5512),F
[Sun Dec 14 17:34:03 UTC 2025][INFO] [Action] E DeleteContent - (r,5512,5512),F
[Sun Dec 14 17:34:03 UTC 2025][INFO] [Action] E DeleteContent - (r,5512,5512),F
[Sun Dec 14 17:34:03 UTC 2025][INFO] [Action] E DeleteContent - (r,5512,5512),F
[Sun Dec 14 17:34:03 UTC 2025][INFO] [Action] E DeleteContent - (r,5512,5512),F
[Sun Dec 14 17:34:03 UTC 2025][INFO] [Action] E DeleteContent - (r,5512,5512),F
[Sun Dec 14 17:34:03 UTC 2025][INFO] [Action] E DeleteContent - (r,5512,5512),F
[Sun Dec 14 17:34:03 UTC 2025][INFO] [Action] E DeleteContent - (r,5512,5512),F
[Sun Dec 14 17:34:03 UTC 2025][INFO] [Action] E DeleteContent - (r,5512,5512),F
[Sun Dec 14 17:34:03 UTC 2025][INFO] [Action] E DeleteContent - (r,5512,5512),F
[Sun Dec 14 17:34:03 UTC 2025][INFO] [Action] E DeleteContent - (r,5512,5512),F
[Sun Dec 14 17:34:03 UTC 2025][INFO] [Action] E DeleteContent - (r,5512,5512),F
[Sun Dec 14 17:34:04 UTC 2025][INFO] [Action] E DeleteContent - (r,5512,5512),F
[Sun Dec 14 17:34:04 UTC 2025][INFO] [Action] E DeleteContent - (r,5512,5512),F
[Sun Dec 14 17:34:04 UTC 2025][INFO] [Action] E DeleteContent - (r,5512,5512),F
[Sun Dec 14 17:34:04 UTC 2025][INFO] [Action] E DeleteContent - (r,5512,5512),F
[Sun Dec 14 17:34:04 UTC 2025][INFO] [Action] E DeleteContent - (r,5512,5512),F
[Sun Dec 14 17:34:04 UTC 2025][INFO] [Action] E DeleteContent - (r,5512,5512),F
[Sun Dec 14 17:34:04 UTC 2025][INFO] [Action] E DeleteContent - (r,5512,5512),F
[Sun Dec 14 17:34:04 UTC 2025][INFO] [Action] E DeleteContent - (r,5512,5512),F
[Sun Dec 14 17:34:05 UTC 2025][INFO] [Action] E DeleteContent - (r,5512,5512),F
[Sun Dec 14 17:34:05 UTC 2025][INFO] [Action] E DeleteContent - (r,5512,5512),F
[Sun Dec 14 17:34:05 UTC 2025][INFO] [Action] E DeleteContent - (r,5512,5512),F
[Sun Dec 14 17:34:05 UTC 2025][INFO] [Action] E DeleteContent - (r,5512,5512),F
[Sun Dec 14 17:34:05 UTC 2025][INFO] [Action] E DeleteContent - (r,5512,5512),F
[Sun Dec 14 17:34:05 UTC 2025][INFO] [Action] E DeleteContent - (r,5512,5512),F
[Sun Dec 14 17:34:05 UTC 2025][INFO] [Action] E DeleteContent - (r,5512,5512),F
[Sun Dec 14 17:34:05 UTC 2025][INFO] [Action] E DeleteContent - (r,5512,5512),F
[Sun Dec 14 17:34:05 UTC 2025][INFO] [Action] E DeleteContent - (r,5512,5512),F
[Sun Dec 14 17:34:05 UTC 2025][INFO] [Action] E DeleteContent - (r,5512,5512),F
[Sun Dec 14 17:34:05 UTC 2025][INFO] [Action] E DeleteContent - (r,5512,5512),F
[Sun Dec 14 17:34:05 UTC 2025][INFO] [Action] E DeleteContent - (r,5512,5512),F
[Sun Dec 14 17:34:05 UTC 2025][INFO] [Action] E DeleteContent - (r,5512,5512),F
[Sun Dec 14 17:34:05 UTC 2025][INFO] [Action] E DeleteContent - (r,5512,5512),F
[Sun Dec 14 17:34:05 UTC 2025][INFO] [Action] E DeleteContent - (r,5512,5512),F
[Sun Dec 14 17:34:05 UTC 2025][INFO] [Action] E DeleteContent - (r,5512,5512),F
[Sun Dec 14 17:34:05 UTC 2025][INFO] [Action] E DeleteContent - (r,5512,5512),F
[Sun Dec 14 17:34:05 UTC 2025][INFO] [Action] E DeleteContent - (r,5512,5512),F
[Sun Dec 14 17:34:05 UTC 2025][INFO] [Action] E DeleteContent - (r,5512,5512),F
[Sun Dec 14 17:34:05 UTC 2025][INFO] [Action] E DeleteContent - (r,5512,5512),F
[Sun Dec 14 17:34:05 UTC 2025][INFO] [Action] E DeleteContent - (r,5512,5512),F
[Sun Dec 14 17:34:05 UTC 2025][INFO] [Action] E DeleteContent - (r,5512,5512),F
[Sun Dec 14 17:34:05 UTC 2025][INFO] [Action] E DeleteContent - (r,5512,5512),F
[Sun Dec 14 17:34:05 UTC 2025][INFO] [Action] E DeleteContent - (r,5512,5512),F
[Sun Dec 14 17:34:05 UTC 2025][INFO] [Action] E DeleteContent - (r,5512,5512),F
[Sun Dec 14 17:34:06 UTC 2025][INFO] [Action] E DeleteContent - (r,5512,5512),F
[Sun Dec 14 17:34:06 UTC 2025][INFO] [Action] E DeleteContent - (r,5512,5512),F
[Sun Dec 14 17:34:06 UTC 2025][INFO] [Action] E DeleteContent - (r,5512,5512),F
[Sun Dec 14 17:34:06 UTC 2025][INFO] [Action] E DeleteContent - (r,5512,5512),F
[Sun Dec 14 17:34:06 UTC 2025][INFO] [Action] E DeleteContent - (r,5512,5512),F
[Sun Dec 14 17:34:06 UTC 2025][INFO] [Action] E DeleteContent - (r,5512,5512),F
[Sun Dec 14 17:34:06 UTC 2025][INFO] [Action] E DeleteContent - (r,5512,5512),F
[Sun Dec 14 17:34:06 UTC 2025][INFO] [Action] E DeleteContent - (r,5512,5512),F
[Sun Dec 14 17:34:06 UTC 2025][INFO] [Action] E DeleteContent - (r,5512,5512),F
[Sun Dec 14 17:34:06 UTC 2025][INFO] [Action] E DeleteContent - (r,5512,5512),F
[Sun Dec 14 17:34:06 UTC 2025][INFO] [Action] E DeleteContent - (r,5512,5512),F
[Sun Dec 14 17:34:06 UTC 2025][INFO] [Action] E DeleteContent - (r,5512,5512),F
[Sun Dec 14 17:34:06 UTC 2025][INFO] [Action] E DeleteContent - (r,5512,5512),F
[Sun Dec 14 17:34:06 UTC 2025][INFO] [Action] E DeleteContent - (r,5512,5512),F
[Sun Dec 14 17:34:06 UTC 2025][INFO] [Action] E DeleteContent - (r,5512,5512),F
[Sun Dec 14 17:34:06 UTC 2025][INFO] [Action] E DeleteContent - (r,5512,5512),F
[Sun Dec 14 17:34:06 UTC 2025][INFO] [Action] E DeleteContent - (r,5512,5512),F
[Sun Dec 14 17:34:06 UTC 2025][INFO] [Action] E DeleteContent - (r,5512,5512),F
[Sun Dec 14 17:34:06 UTC 2025][INFO] [Action] E DeleteContent - (r,5512,5512),F
[Sun Dec 14 17:34:06 UTC 2025][INFO] [Action] E DeleteContent - (r,5512,5512),F
[Sun Dec 14 17:34:06 UTC 2025][INFO] [Action] E DeleteContent - (r,5512,5512),F
[Sun Dec 14 17:34:06 UTC 2025][INFO] [Action] E DeleteContent - (r,5512,5512),F
[Sun Dec 14 17:34:06 UTC 2025][INFO] [Action] E DeleteContent - (r,5512,5512),F
[Sun Dec 14 17:34:06 UTC 2025][INFO] [Action] E DeleteContent - (r,5512,5512),F
[Sun Dec 14 17:34:07 UTC 2025][INFO] [Action] E DeleteContent - (r,5512,5512),F
[Sun Dec 14 17:34:07 UTC 2025][INFO] [Action] E DeleteContent - (r,5512,5512),F
[Sun Dec 14 17:34:07 UTC 2025][INFO] [Action] E DeleteContent - (r,5512,5512),F
[Sun Dec 14 17:34:07 UTC 2025][INFO] [Action] E DeleteContent - (r,5512,5512),F
[Sun Dec 14 17:34:07 UTC 2025][INFO] [Action] E DeleteContent - (r,5512,5512),F
[Sun Dec 14 17:34:07 UTC 2025][INFO] [Action] E DeleteContent - (r,5512,5512),F
[Sun Dec 14 17:34:07 UTC 2025][INFO] [Action] E DeleteContent - (r,5512,5512),F
[Sun Dec 14 17:34:07 UTC 2025][INFO] [Action] E DeleteContent - (r,5512,5512),F
[Sun Dec 14 17:34:07 UTC 2025][INFO] [Action] E DeleteContent - (r,5512,5512),F
[Sun Dec 14 17:34:07 UTC 2025][INFO] [Action] E DeleteContent - (r,5512,5512),F
[Sun Dec 14 17:34:07 UTC 2025][INFO] [Action] E DeleteContent - (r,5512,5512),F
[Sun Dec 14 17:34:07 UTC 2025][INFO] [Action] E DeleteContent - (r,5512,5512),F
[Sun Dec 14 17:34:07 UTC 2025][INFO] [Action] E DeleteContent - (r,5512,5512),F
[Sun Dec 14 17:34:07 UTC 2025][INFO] [Action] E DeleteContent - (r,5512,5512),F
[Sun Dec 14 17:34:07 UTC 2025][INFO] [Action] E DeleteContent - (r,5512,5512),F
[Sun Dec 14 17:34:07 UTC 2025][INFO] [Action] E DeleteContent - (r,5512,5512),F
[Sun Dec 14 17:34:07 UTC 2025][INFO] [Action] E DeleteContent - (r,5512,5512),F
[Sun Dec 14 17:34:07 UTC 2025][INFO] [Action] E DeleteContent - (r,5512,5512),F
[Sun Dec 14 17:34:07 UTC 2025][INFO] [Action] E DeleteContent - (r,5512,5512),F
[Sun Dec 14 17:34:07 UTC 2025][INFO] [Action] E DeleteContent - (r,5512,5512),F
[Sun Dec 14 17:34:07 UTC 2025][INFO] [Action] E DeleteContent - (r,5512,5512),F
[Sun Dec 14 17:34:07 UTC 2025][INFO] [Action] E DeleteContent - (r,5512,5512),F
[Sun Dec 14 17:34:07 UTC 2025][INFO] [Action] E DeleteContent - (r,5512,5512),F
[Sun Dec 14 17:34:07 UTC 2025][INFO] [Action] E DeleteContent - (r,5512,5512),F
[Sun Dec 14 17:34:07 UTC 2025][INFO] [Action] E DeleteContent - (r,5512,5512),F
[Sun Dec 14 17:34:08 UTC 2025][INFO] [Action] E DeleteContent - (r,5512,5512),F
[Sun Dec 14 17:34:08 UTC 2025][INFO] [Action] E DeleteContent - (r,5512,5512),F
[Sun Dec 14 17:34:08 UTC 2025][INFO] [Action] E DeleteContent - (r,5512,5512),F
[Sun Dec 14 17:34:08 UTC 2025][INFO] [Action] E DeleteContent - (r,5512,5512),F
[Sun Dec 14 17:34:08 UTC 2025][INFO] [Action] E DeleteContent - (r,5512,5512),F
[Sun Dec 14 17:34:08 UTC 2025][INFO] [Action] E DeleteContent - (r,5512,5512),F
[Sun Dec 14 17:34:08 UTC 2025][INFO] [Action] E DeleteContent - (r,5512,5512),F
[Sun Dec 14 17:34:08 UTC 2025][INFO] [Action] E DeleteContent - (r,5512,5512),F
[Sun Dec 14 17:34:08 UTC 2025][INFO] [Action] E DeleteContent - (r,5512,5512),F
[Sun Dec 14 17:34:08 UTC 2025][INFO] [Action] E DeleteContent - (r,5512,5512),F
[Sun Dec 14 17:34:08 UTC 2025][INFO] [Action] E DeleteContent - (r,5512,5512),F
[Sun Dec 14 17:34:08 UTC 2025][INFO] [Action] E DeleteContent - (r,5512,5512),F
[Sun Dec 14 17:34:08 UTC 2025][INFO] [Action] E DeleteContent - (r,5512,5512),F
[Sun Dec 14 17:34:08 UTC 2025][INFO] [Action] E DeleteContent - (r,5512,5512),F
[Sun Dec 14 17:34:08 UTC 2025][INFO] [Action] E DeleteContent - (r,5512,5512),F
[Sun Dec 14 17:34:08 UTC 2025][INFO] [Action] E DeleteContent - (r,5512,5512),F
[Sun Dec 14 17:34:08 UTC 2025][INFO] [Action] E DeleteContent - (r,5512,5512),F
[Sun Dec 14 17:34:08 UTC 2025][INFO] [Action] E DeleteContent - (r,5512,5512),F
[Sun Dec 14 17:34:08 UTC 2025][INFO] [Action] E DeleteContent - (r,5512,5512),F
[Sun Dec 14 17:34:08 UTC 2025][INFO] [Action] E DeleteContent - (r,5512,5512),F
[Sun Dec 14 17:34:08 UTC 2025][INFO] [Action] E DeleteContent - (r,5512,5512),F
[Sun Dec 14 17:34:08 UTC 2025][INFO] [Action] E DeleteContent - (r,5512,5512),F
[Sun Dec 14 17:34:08 UTC 2025][INFO] [Action] E DeleteContent - (r,5512,5512),F
[Sun Dec 14 17:34:08 UTC 2025][INFO] [Action] E DeleteContent - (r,5512,5512),F
[Sun Dec 14 17:34:08 UTC 2025][INFO] [Action] E DeleteContent - (r,5512,5512),F
[Sun Dec 14 17:34:09 UTC 2025][INFO] [Action] E DeleteContent - (r,5512,5512),F
[Sun Dec 14 17:34:09 UTC 2025][INFO] [Action] E DeleteContent - (r,5512,5512),F
[Sun Dec 14 17:34:09 UTC 2025][INFO] [Action] E DeleteContent - (r,5512,5512),F
[Sun Dec 14 17:34:09 UTC 2025][INFO] [Action] E DeleteContent - (r,5512,5512),F
[Sun Dec 14 17:34:09 UTC 2025][INFO] [Action] E DeleteContent - (r,5512,5512),F
[Sun Dec 14 17:34:09 UTC 2025][INFO] [Action] E DeleteContent - (r,5512,5512),F
[Sun Dec 14 17:34:09 UTC 2025][INFO] [Action] E DeleteContent - (r,5512,5512),F
[Sun Dec 14 17:34:09 UTC 2025][INFO] [Action] E DeleteContent - (r,5512,5512),F
[Sun Dec 14 17:34:09 UTC 2025][INFO] [Action] E DeleteContent - (r,5512,5512),F
[Sun Dec 14 17:34:09 UTC 2025][INFO] [Action] E DeleteContent - (r,5512,5512),F
[Sun Dec 14 17:34:10 UTC 2025][INFO] [Action] E DeleteContent - (r,5512,5512),F
[Sun Dec 14 17:34:10 UTC 2025][INFO] [Action] E DeleteContent - (r,5512,5512),F
[Sun Dec 14 17:34:10 UTC 2025][INFO] [Action] E DeleteContent - (r,5512,5512),F
[Sun Dec 14 17:34:10 UTC 2025][INFO] [Action] E DeleteContent - (r,5512,5512),F
[Sun Dec 14 17:34:10 UTC 2025][INFO] [Action] E DeleteContent - (r,5512,5512),F
[Sun Dec 14 17:34:10 UTC 2025][INFO] [Action] E DeleteContent - (r,5512,5512),F
[Sun Dec 14 17:34:10 UTC 2025][INFO] [Action] E DeleteContent - (r,5512,5512),F
[Sun Dec 14 17:34:10 UTC 2025][INFO] [Action] E DeleteContent - (r,5512,5512),F
[Sun Dec 14 17:34:10 UTC 2025][INFO] [Action] E DeleteContent - (r,5512,5512),F
[Sun Dec 14 17:34:10 UTC 2025][INFO] [Action] E DeleteContent - (r,5512,5512),F
[Sun Dec 14 17:34:10 UTC 2025][INFO] [Action] E DeleteContent - (r,5512,5512),F
[Sun Dec 14 17:34:10 UTC 2025][INFO] [Action] E DeleteContent - (r,5512,5512),F
[Sun Dec 14 17:34:10 UTC 2025][INFO] [Action] E DeleteContent - (r,5512,5512),F
[Sun Dec 14 17:34:10 UTC 2025][INFO] [Action] E DeleteContent - (r,5512,5512),F
[Sun Dec 14 17:34:10 UTC 2025][INFO] [Action] E DeleteContent - (r,5512,5512),F
[Sun Dec 14 17:34:10 UTC 2025][INFO] [Action] E DeleteContent - (r,5512,5512),F
[Sun Dec 14 17:34:10 UTC 2025][INFO] [Action] E DeleteContent - (r,5512,5512),F
[Sun Dec 14 17:34:10 UTC 2025][INFO] [Action] E DeleteContent - (r,5512,5512),F
[Sun Dec 14 17:34:10 UTC 2025][INFO] [Action] E DeleteContent - (r,5512,5512),F
[Sun Dec 14 17:34:10 UTC 2025][INFO] [Action] E DeleteContent - (r,5512,5512),F
[Sun Dec 14 17:34:11 UTC 2025][INFO] [Action] E DeleteContent - (r,5512,5512),F
[Sun Dec 14 17:34:11 UTC 2025][INFO] [Action] E DeleteContent - (r,5512,5512),F
[Sun Dec 14 17:34:11 UTC 2025][INFO] [Action] E DeleteContent - (r,5512,5512),F
[Sun Dec 14 17:34:12 UTC 2025][INFO] [Action] E DeleteContent - (r,5512,5512),F
[Sun Dec 14 17:34:12 UTC 2025][INFO] [Action] E DeleteContent - (r,5512,5512),F
[Sun Dec 14 17:34:12 UTC 2025][INFO] [Action] E DeleteContent - (r,5512,5512),F
[Sun Dec 14 17:34:12 UTC 2025][INFO] [Action] E DeleteContent - (r,5512,5512),F
[Sun Dec 14 17:34:12 UTC 2025][INFO] [Action] E DeleteContent - (r,5512,5512),F
[Sun Dec 14 17:34:12 UTC 2025][INFO] [Action] E DeleteContent - (r,5512,5512),F
[Sun Dec 14 17:34:12 UTC 2025][INFO] [Action] E DeleteContent - (r,5512,5512),F
[Sun Dec 14 17:34:12 UTC 2025][INFO] [Action] E DeleteContent - (r,5512,5512),F
[Sun Dec 14 17:34:12 UTC 2025][INFO] [Action] E DeleteContent - (r,5512,5512),F
[Sun Dec 14 17:34:12 UTC 2025][INFO] [Action] E DeleteContent - (r,5512,5512),F
[Sun Dec 14 17:34:12 UTC 2025][INFO] [Action] E DeleteContent - (r,5512,5512),F
[Sun Dec 14 17:34:12 UTC 2025][INFO] [Action] E DeleteContent - (r,5512,5512),F
[Sun Dec 14 17:34:12 UTC 2025][INFO] [Action] E DeleteContent - (r,5512,5512),F
[Sun Dec 14 17:34:12 UTC 2025][INFO] [Action] E DeleteContent - (r,5512,5512),F
[Sun Dec 14 17:34:12 UTC 2025][INFO] [Action] E DeleteContent - (r,5512,5512),F
[Sun Dec 14 17:34:12 UTC 2025][INFO] [Action] E DeleteContent - (r,5512,5512),F
[Sun Dec 14 17:34:13 UTC 2025][INFO] [Action] E DeleteContent - (r,5512,5512),F
[Sun Dec 14 17:34:13 UTC 2025][INFO] [Action] EFail DeleteContent - 4
[Sun Dec 14 17:35:15 UTC 2025][INFO] [Action] E ItemChanged - -1,4891
[Sun Dec 14 17:35:16 UTC 2025][INFO] [Action] E ItemChanged - -1,5510
[Sun Dec 14 17:35:17 UTC 2025][INFO] [Action] E ItemChanged - -1,5514
[Sun Dec 14 17:35:18 UTC 2025][INFO] [Action] E ItemChanged - -1,4891
[Sun Dec 14 17:35:23 UTC 2025][INFO] [Action] E ItemChanged - -1,4891
[Sun Dec 14 17:35:29 UTC 2025][INFO] [Action] E ItemChanged - -1,4891
[Sun Dec 14 17:35:29 UTC 2025][INFO] [Action] E ItemChanged - -1,4891
[Sun Dec 14 17:35:34 UTC 2025][INFO] [Action] E ConvertGenericPageAction - 9,1
[Sun Dec 14 17:35:35 UTC 2025][INFO] [Action] E ItemChanged - -1,4891
[Sun Dec 14 17:35:37 UTC 2025][INFO] [Action] E ItemChanged - -1,4891
[Sun Dec 14 17:35:42 UTC 2025][INFO] [Action] E ItemChanged - -1,4891
[Sun Dec 14 17:35:43 UTC 2025][INFO] [Action] E ItemChanged - -1,4891
[Sun Dec 14 17:35:44 UTC 2025][INFO] [Action] E ItemChanged - -1,4891
[Sun Dec 14 17:35:45 UTC 2025][INFO] [Action] E ItemChanged - -1,4891
[Sun Dec 14 17:35:45 UTC 2025][INFO] [Action] EE MovePage - 0,1,11
[Sun Dec 14 17:35:46 UTC 2025][INFO] [Action] E ItemChanged - -1,1
[Sun Dec 14 17:35:47 UTC 2025][INFO] [Action] E ItemChanged - -1,619
[Sun Dec 14 17:35:48 UTC 2025][INFO] [Action] E ItemChanged - -1,1
[Sun Dec 14 17:37:15 UTC 2025][INFO] [Action] E FixedFormAction - MCwxLFBST1AtTElTVDp7ImNvbXBvbmVudHMiOlt7Im5hbWUiOiJjb3B5cmlnaHRfb3duZXIiLCJ0eXBlIjoidGV4dCIsInZhbHVlIjoiSk9TRVBIIE5JQ0hPTEFTIn0seyJuYW1lIjoiY29weXJpZ2h0X3llYXIiLCJ0eXBlIjoidGV4dCIsInZhbHVlIjoiMjAyNSJ9LHsibmFtZSI6ImNvcHlyaWdodF90ZXh0IiwidHlwZSI6InRleHQiLCJ2YWx1ZSI6IlB1Ymxpc2hlZCBieSBFcGlwaGFueSBFdXJla2EgUHVibGlzaGluZyBDb3JwLiBUYW1wYSwgRmxvcmlkYS5cblxuVGhpcyBib29rIGlzIGEgd29yayBvZiBmaWN0aW9uLiBOYW1lcywgY2hhcmFjdGVycywgcGxhY2VzLCBhbmQgaW5jaWRlbnRzIGFyZSB0aGUgcHJvZHVjdHMgb2YgdGhlIGF1dGhvcuKAmXMgaW1hZ2luYXRpb24gb3IgdXNlZCBmaWN0aXRpb3VzbHkuIEFueSByZXNlbWJsYW5jZSB0byBhY3R1YWwgZXZlbnRzIG9yIGxvY2FsZXMgb3IgcGVyc29ucywgbGl2aW5nIG9yIGRlYWQsIGlzIGVudGlyZWx5IGNvaW5jaWRlbnRhbC4gXG5cbkFsbCByaWdodHMgcmVzZXJ2ZWQuXG5cbklTQk46ICA5NzktOC0yODM1LTkyMTMtOFxuIn1dLCJwYWdlX3R5cGUiOiJjb3B5cmlnaHQifQo=
[Sun Dec 14 17:37:24 UTC 2025][INFO] [Action] E ItemChanged - -1,384
[Sun Dec 14 17:37:26 UTC 2025][INFO] [Action] E ItemChanged - -1,1002
[Sun Dec 14 17:37:27 UTC 2025][INFO] [Action] E ItemChanged - -1,1
[Sun Dec 14 17:37:29 UTC 2025][INFO] [Action] E ItemChanged - -1,384
[Sun Dec 14 17:37:30 UTC 2025][INFO] [Action] EE MovePage - 0,1,11
[Sun Dec 14 17:38:07 UTC 2025][INFO] [Action] E FixedFormAction - MCwwLFBST1AtTElTVDp7ImNvbXBvbmVudHMiOlt7Im5hbWUiOiJib29rX3RpdGxlIiwidHlwZSI6InRleHQiLCJ2YWx1ZSI6IlRIRVxuUEFURVJOT1NURVIgSU1QT1NURVJcbiJ9LHsibmFtZSI6ImJvb2tfc3VidGl0bGUiLCJ0eXBlIjoidGV4dCIsInZhbHVlIjoiIn0seyJuYW1lIjoiYXV0aG9yX25hbWUiLCJ0eXBlIjoidGV4dCIsInZhbHVlIjoiSk9TRVBIIE5JQ0hPTEFTIn0seyJuYW1lIjoicHVibGlzaGVyIiwidHlwZSI6InRleHQiLCJ2YWx1ZSI6IiJ9LHsibmFtZSI6InB1Ymxpc2hlcl9sb2dvIiwidHlwZSI6ImltYWdlIiwidmFsdWUiOiIifV0sInBhZ2VfdHlwZSI6InRpdGxlX3BhZ2UifQo=
[Sun Dec 14 17:38:37 UTC 2025][INFO] [Action] E InsertTocAction - (7)
[Sun Dec 14 17:38:50 UTC 2025][INFO] [Action] E ItemChanged - -1,1043
[Sun Dec 14 17:39:06 UTC 2025][INFO] [Action] E SaveBook - SaveforExport
[Sun Dec 14 17:39:23 UTC 2025][INFO] [Action] EE ExportAction
[Sun Dec 14 17:39:23 UTC 2025][INFO] [Action] EFail ExportAction - 5
[Sun Dec 14 17:39:24 UTC 2025][INFO] [Action] E ItemChanged - -1,6699
[Sun Dec 14 17:39:25 UTC 2025][INFO] [Action] E ItemChanged - -1,6699
[Sun Dec 14 17:39:35 UTC 2025][INFO] [Action] E ItemChanged - -1,6699
[Sun Dec 14 17:39:36 UTC 2025][INFO] [Action] E ItemChanged - -1,6699
[Sun Dec 14 17:39:41 UTC 2025][INFO] [Action] E ConvertGenericPageAction - 9,5
[Sun Dec 14 17:39:43 UTC 2025][INFO] [Action] E ItemChanged - -1,42
[Sun Dec 14 17:39:44 UTC 2025][INFO] [Action] E ItemChanged - -1,1
[Sun Dec 14 17:39:45 UTC 2025][INFO] [Action] E ItemChanged - -1,42
[Sun Dec 14 17:39:46 UTC 2025][INFO] [Action] E ItemChanged - -1,661
[Sun Dec 14 17:39:47 UTC 2025][INFO] [Action] E ItemChanged - -1,661
[Sun Dec 14 17:39:48 UTC 2025][INFO] [Action] EE MovePage - 1,1,22
[Sun Dec 14 17:39:49 UTC 2025][INFO] [Action] E ItemChanged - -1,1
[Sun Dec 14 17:39:50 UTC 2025][INFO] [Action] E ItemChanged - -1,43
[Sun Dec 14 17:39:54 UTC 2025][INFO] [Action] E ItemChanged - -1,1
[Sun Dec 14 17:39:56 UTC 2025][INFO] [Action] E ItemChanged - -1,43
[Sun Dec 14 17:39:59 UTC 2025][INFO] [Action] E ItemChanged - -1,45
[Sun Dec 14 17:40:04 UTC 2025][INFO] [Action] E ItemChanged - -1,663
[Sun Dec 14 17:40:08 UTC 2025][INFO] [Action] E ItemChanged - -1,43
[Sun Dec 14 17:40:09 UTC 2025][INFO] [Action] E ItemChanged - -1,45
[Sun Dec 14 17:40:12 UTC 2025][INFO] [Action] E ItemChanged - -1,43
[Sun Dec 14 17:40:14 UTC 2025][INFO] [Action] E ItemChanged - -1,1
[Sun Dec 14 17:40:14 UTC 2025][INFO] [Action] E ItemChanged - -1,43
[Sun Dec 14 17:40:15 UTC 2025][INFO] [Action] E ItemChanged - -1,45
[Sun Dec 14 17:40:18 UTC 2025][INFO] [Action] E ItemChanged - -1,663
[Sun Dec 14 17:40:19 UTC 2025][INFO] [Action] E ItemChanged - -1,1046
[Sun Dec 14 17:40:20 UTC 2025][INFO] [Action] E ItemChanged - -1,1811
[Sun Dec 14 17:40:22 UTC 2025][INFO] [Action] E ItemChanged - -1,6701
[Sun Dec 14 17:40:25 UTC 2025][INFO] [Action] E ItemChanged - -1,1811
[Sun Dec 14 17:40:27 UTC 2025][INFO] [Action] E ItemChanged - -1,6701
[Sun Dec 14 17:40:29 UTC 2025][INFO] [Action] E ItemChanged - -1,6943
[Sun Dec 14 17:40:30 UTC 2025][INFO] [Action] E ItemChanged - -1,10769
[Sun Dec 14 17:40:40 UTC 2025][INFO] [Action] E SaveBook - SaveforExport
[Sun Dec 14 17:42:08 UTC 2025][INFO] [Action] EE ExportAction
[Sun Dec 14 17:42:40 UTC 2025][INFO] [Action] E UpdateStyle - (c,10777,2),47:0.750000:2,(r,10777,10777),F
[Sun Dec 14 17:42:41 UTC 2025][INFO] [Action] E UpdateStyle - (c,10777,2),47:1.000000:2,(r,10777,10777),F
[Sun Dec 14 17:42:42 UTC 2025][INFO] [Action] E UpdateStyle - (c,10777,2),47:1.250000:2,(r,10777,10777),F
[Sun Dec 14 17:42:42 UTC 2025][INFO] [Action] E UpdateStyle - (c,10777,2),47:1.500000:2,(r,10777,10777),F
[Sun Dec 14 17:42:43 UTC 2025][INFO] [Action] E UpdateStyle - (c,10777,2),47:1.750000:2,(r,10777,10777),F
[Sun Dec 14 17:42:44 UTC 2025][INFO] [Action] E UpdateStyle - (c,10777,2),47:2.000000:2,(r,10777,10777),F
[Sun Dec 14 17:42:44 UTC 2025][INFO] [Action] E UpdateStyle - (c,10777,2),47:2.250000:2,(r,10777,10777),F
[Sun Dec 14 17:43:10 UTC 2025][INFO] [Action] E SaveBook - Save
[Sun Dec 14 17:43:13 UTC 2025][INFO] [Action] E SaveBook - SaveforExport
[Sun Dec 14 17:44:03 UTC 2025][INFO] [Action] EE ExportAction
[Mon Dec 15 06:20:45 UTC 2025][INFO] [Action] E SaveBook - Save
[Mon Dec 15 06:20:48 UTC 2025][INFO] Logger Terminated
[Sat Dec 20 22:05:01 UTC 2025][INFO] [Action] EE OpenBook - Paternoster Imposter_KC.kcb
[Sat Dec 20 22:05:11 UTC 2025][INFO] [Action] E SaveBook - Save
[Sat Dec 20 22:05:12 UTC 2025][INFO] Logger Terminated
